Capturing execution frames: apply_animation.json
  Frame 1 saved (frame_000.jpg, t=0.0s)
  Validating workflow...
  Queuing workflow for execution...
  Frame 2 saved (frame_001.jpg, t=2.2s)
  [capture-periodic] freeze=5ms shot=137ms unfreeze=7ms saved=True
  Frame 3 saved (frame_002.jpg, t=4.5s)
  [capture-periodic] freeze=3ms shot=140ms unfreeze=5ms saved=True
  [capture-loop] iter=50 t=6.0s state={'complete': False, 'error': None, 'executedCount': 0, 'wsState': 1} eval_ms=5 ram=5.6/16.0GB (35%) swap=0.3/2.9GB (10%) cpu=42% browser_rss=0.70GB
  Node executed (1 total), capturing...
  Frame 4 saved (frame_003.jpg, t=11.0s)
  [capture-node] freeze=773ms shot=1096ms unfreeze=0ms saved=True
  Execution complete (t=11.0s)
  [3d-wait] Phase 1: Waiting for 'Loading 3D Model' text to disappear...
  [3d-wait] Phase 1 exception after 60.0s: Page.wait_for_function: Timeout 60000ms exceeded.
  [3d-wait] Phase 2: iframes=0
  [3d-wait] Total 3D wait: 60.0s
  Captured 4 unique frames over 72.93s
  [debug] iframes: 0
  [timing] trigger_3d_previews: 0.0s
  Saved high-quality screenshot: apply_animation_executed.png
  [timing] final_screenshot: 0.2s
    Captured 5 video frames