[2026-05-08 04:26:34.861] [info]  setup plugin alembic.autogenerate.schemas
setup plugin alembic.autogenerate.tables

[2026-05-08 04:26:34.864] [info]  setup plugin alembic.autogenerate.types
setup plugin alembic.autogenerate.constraints
setup plugin alembic.autogenerate.defaults
setup plugin alembic.autogenerate.comments

[2026-05-08 04:26:36.220] [info]  Adding extra search path custom_nodes C:\Users\runneradmin\Documents\ComfyUI\custom_nodes
Adding extra search path download_model_base C:\Users\runneradmin\Documents\ComfyUI\models
Adding extra search path custom_nodes C:\Users\runneradmin\AppData\Local\Programs\ComfyUI\resources\ComfyUI\custom_nodes

[2026-05-08 04:26:36.222] [info]  Setting output directory to: C:\Users\runneradmin\Documents\ComfyUI\output
Setting input directory to: C:\Users\runneradmin\Documents\ComfyUI\input
Setting user directory to: C:\Users\runneradmin\Documents\ComfyUI\user

[2026-05-08 04:26:39.301] [info]  [START] Security scan
[DONE] Security scan
** ComfyUI startup time: 2026-05-08 04:26:39.300

[2026-05-08 04:26:39.303] [info]  ** Platform: Windows
** Python version: 3.12.11 (main, Aug 18 2025, 19:17:54) [MSC v.1944 64 bit (AMD64)]
** Python executable: C:\Users\runneradmin\Documents\ComfyUI\.venv\Scripts\python.exe
** ComfyUI Path: C:\Users\runneradmin\AppData\Local\Programs\ComfyUI\resources\ComfyUI
** ComfyUI Base Folder Path: C:\Users\runneradmin\AppData\Local\Programs\ComfyUI\resources\ComfyUI

[2026-05-08 04:26:39.304] [info]  ** User directory: 
[2026-05-08 04:26:39.305] [info]  C:\Users\runneradmin\Documents\ComfyUI\user
** ComfyUI-Manager config path: C:\Users\runneradmin\Documents\ComfyUI\user\__manager\config.ini
** Log path: C:\Users\runneradmin\Documents\ComfyUI\user\comfyui.log

[2026-05-08 04:26:40.301] [info]  [ComfyUI-Manager] Skipped fixing the 'comfyui-frontend-package' dependency because the ComfyUI is outdated.

[2026-05-08 04:26:40.303] [info]  [PRE] ComfyUI-Manager

[2026-05-08 04:26:54.649] [info]  Found comfy_kitchen backend cuda: {'available': False, 'disabled': True, 'unavailable_reason': 'CUDA not available on this system', 'capabilities': []}
Found comfy_kitchen backend triton: {'available': False, 'disabled': True, 'unavailable_reason': "ImportError: No module named 'triton'", 'capabilities': []}

[2026-05-08 04:26:54.651] [info]  Found comfy_kitchen backend eager: {'available': True, 'disabled': False, 'unavailable_reason': None, 'capabilities': ['apply_rope', 'apply_rope1', 'dequantize_mxfp8', 'dequantize_nvfp4', 'dequantize_per_tensor_fp8', 'quantize_mxfp8', 'quantize_nvfp4', 'quantize_per_tensor_fp8', 'scaled_mm_mxfp8', 'scaled_mm_nvfp4']}

[2026-05-08 04:26:54.717] [info]  Checkpoint files will always be loaded safely.

[2026-05-08 04:26:54.802] [info]  Total VRAM 16379 MB, total RAM 16379 MB

[2026-05-08 04:26:54.803] [info]  pytorch version: 2.11.0+cpu
Set vram state to: DISABLED
Device: cpu

[2026-05-08 04:26:55.693] [info]  Using sub quadratic optimization for attention, if you have memory or speed issues try using: --use-split-cross-attention

[2026-05-08 04:27:03.212] [info]  Python version: 3.12.11 (main, Aug 18 2025, 19:17:54) [MSC v.1944 64 bit (AMD64)]
ComfyUI version: 0.20.1

[2026-05-08 04:27:03.214] [info]  comfy-aimdo version: 0.2.14

[2026-05-08 04:27:03.216] [info]  comfy-kitchen version: 0.2.8

[2026-05-08 04:27:03.218] [info]  [Prompt Server] web root: C:\Users\runneradmin\AppData\Local\Programs\ComfyUI\resources\ComfyUI\web_custom_versions\desktop_app

[2026-05-08 04:27:03.219] [info]  Asset seeder disabled

[2026-05-08 04:27:03.221] [info]  [START] ComfyUI-Manager

[2026-05-08 04:27:03.720] [info]  [ComfyUI-Manager] Using GitPython backend

[2026-05-08 04:27:03.832] [info]  [ComfyUI-Manager] network_mode: public

[2026-05-08 04:27:03.841] [info]  [ComfyUI-Manager] The matrix sharing feature has been disabled because the `matrix-nio` dependency is not installed.
	To use this feature, please run the following command:
	C:\Users\runneradmin\Documents\ComfyUI\.venv\Scripts\python.exe -m pip install matrix-nio


[2026-05-08 04:27:08.931] [info]  
Import times for custom nodes:
   0.0 seconds: C:\Users\runneradmin\AppData\Local\Programs\ComfyUI\resources\ComfyUI\custom_nodes\websocket_image_save.py

[2026-05-08 04:27:08.933] [info]  

[2026-05-08 04:27:08.937] [info]  Context impl SQLiteImpl.

[2026-05-08 04:27:08.938] [info]  Will assume non-transactional DDL.

[2026-05-08 04:27:08.961] [info]  Context impl SQLiteImpl.

[2026-05-08 04:27:08.962] [info]  Will assume non-transactional DDL.

[2026-05-08 04:27:09.001] [info]  Running upgrade  -> 0001_assets, Initial assets schema
Revision ID: 0001_assets
Revises: None
Create Date: 2025-12-10 00:00:00

[2026-05-08 04:27:09.824] [info]  Running upgrade 0001_assets -> 0002_merge_to_asset_references, Merge AssetInfo and AssetCacheState into unified asset_references table.

[2026-05-08 04:27:10.438] [info]  Running upgrade 0002_merge_to_asset_references -> 0003_add_metadata_job_id, Add system_metadata and job_id columns to asset_references.
Change preview_id FK from assets.id to asset_references.id.

[2026-05-08 04:27:10.589] [info]  Database upgraded from None to 0003_add_metadata_job_id

[2026-05-08 04:27:10.699] [info]  Starting server


[2026-05-08 04:27:10.701] [info]  To see the GUI go to: http://127.0.0.1:8000

[2026-05-08 04:28:01.434] [error]   0%|          | 0.00/28.9M [00:00<?, ?B/s]
[2026-05-08 04:28:01.534] [error]  18%|█▊        | 5.11M/28.9M [00:00<00:00, 51.0MB/s]
[2026-05-08 04:28:01.634] [error]  38%|███▊      | 10.9M/28.9M [00:00<00:00, 54.8MB/s]
[2026-05-08 04:28:01.767] [error]  57%|█████▋    | 16.4M/28.9M [00:00<00:00, 47.8MB/s]
[2026-05-08 04:28:01.884] [error]  74%|███████▎  | 21.3M/28.9M [00:00<00:00, 45.4MB/s]
[2026-05-08 04:28:01.993] [error]  92%|█████████▏| 26.4M/28.9M [00:00<00:00, 47.4MB/s]
[2026-05-08 04:28:02.032] [error] 100%|██████████| 28.9M/28.9M [00:00<00:00, 48.3MB/s]
[2026-05-08 04:28:02.035] [error] 

[2026-05-08 04:28:02.610] [info]  Extracted zip file to C:\Users\runneradmin\Documents\ComfyUI\custom_nodes\comfyui-unirig

[2026-05-08 04:28:02.713] [info]  Install: pip packages

[2026-05-08 04:28:04.244] [info]  [ComfyUI-Manager] Skipped fixing the 'comfyui-frontend-package' dependency because the ComfyUI is outdated.

[2026-05-08 04:28:04.247] [info]  Install: install script

[2026-05-08 04:28:07.666] [info]  
Restarting... [Legacy Mode]


Command: ['"C:\\Users\\runneradmin\\Documents\\ComfyUI\\.venv\\Scripts\\python.exe"', '"C:\\Users\\runneradmin\\AppData\\Local\\Programs\\ComfyUI\\resources\\ComfyUI\\main.py"', '--user-directory', 'C:\\Users\\runneradmin\\Documents\\ComfyUI\\user', '--input-directory', 'C:\\Users\\runneradmin\\Documents\\ComfyUI\\input', '--output-directory', 'C:\\Users\\runneradmin\\Documents\\ComfyUI\\output', '--front-end-root', 'C:\\Users\\runneradmin\\AppData\\Local\\Programs\\ComfyUI\\resources\\ComfyUI\\web_custom_versions\\desktop_app', '--base-directory', 'C:\\Users\\runneradmin\\Documents\\ComfyUI', '--database-url', 'sqlite:///C:/Users/runneradmin/Documents/ComfyUI/user/comfyui.db', '--extra-model-paths-config', 'C:\\Users\\runneradmin\\AppData\\Roaming\\ComfyUI\\extra_models_config.yaml', '--log-stdout', '--listen', '127.0.0.1', '--port', '8000', '--enable-manager', '--cpu']

[2026-05-08 04:28:08.515] [info]  setup plugin alembic.autogenerate.schemas
setup plugin alembic.autogenerate.tables

[2026-05-08 04:28:08.517] [info]  setup plugin alembic.autogenerate.types
setup plugin alembic.autogenerate.constraints
setup plugin alembic.autogenerate.defaults
setup plugin alembic.autogenerate.comments

[2026-05-08 04:28:09.100] [info]  Adding extra search path custom_nodes C:\Users\runneradmin\Documents\ComfyUI\custom_nodes
Adding extra search path download_model_base C:\Users\runneradmin\Documents\ComfyUI\models

[2026-05-08 04:28:09.101] [info]  Adding extra search path custom_nodes C:\Users\runneradmin\AppData\Local\Programs\ComfyUI\resources\ComfyUI\custom_nodes
Setting output directory to: C:\Users\runneradmin\Documents\ComfyUI\output
Setting input directory to: C:\Users\runneradmin\Documents\ComfyUI\input
Setting user directory to: C:\Users\runneradmin\Documents\ComfyUI\user

[2026-05-08 04:28:10.794] [info]  [START] Security scan
[DONE] Security scan
** ComfyUI startup time: 2026-05-08 04:28:10.793

[2026-05-08 04:28:10.795] [info]  ** Platform: Windows
** Python version: 3.12.11 (main, Aug 18 2025, 19:17:54) [MSC v.1944 64 bit (AMD64)]
** Python executable: C:\Users\runneradmin\Documents\ComfyUI\.venv\Scripts\python.exe
** ComfyUI Path: C:\Users\runneradmin\AppData\Local\Programs\ComfyUI\resources\ComfyUI
** ComfyUI Base Folder Path: C:\Users\runneradmin\AppData\Local\Programs\ComfyUI\resources\ComfyUI

[2026-05-08 04:28:10.797] [info]  ** User directory:
[2026-05-08 04:28:10.798] [info]   C:\Users\runneradmin\Documents\ComfyUI\user
** ComfyUI-Manager config path: C:\Users\runneradmin\Documents\ComfyUI\user\__manager\config.ini
** Log path: C:\Users\runneradmin\Documents\ComfyUI\user\comfyui.log

[2026-05-08 04:28:11.443] [info]  
#######################################################################
[ComfyUI-Manager] Starting dependency installation/(de)activation for the extension


[2026-05-08 04:28:11.445] [info]  
## ComfyUI-Manager: EXECUTE => ['C:\\Users\\runneradmin\\Documents\\ComfyUI\\.venv\\Scripts\\python.exe', '-m', 'pip', 'install', 'comfy-env==0.3.69']

## Execute management script for 'C:\Users\runneradmin\Documents\ComfyUI\custom_nodes\comfyui-unirig'

