[2026-05-08 10:48:02.876] [info]  setup plugin alembic.autogenerate.schemas

[2026-05-08 10:48:02.878] [info]  setup plugin alembic.autogenerate.tables
setup plugin alembic.autogenerate.types
setup plugin alembic.autogenerate.constraints
setup plugin alembic.autogenerate.defaults
setup plugin alembic.autogenerate.comments

[2026-05-08 10:48:04.396] [info]  Adding extra search path custom_nodes C:\Users\runneradmin\Documents\ComfyUI\custom_nodes
Adding extra search path download_model_base C:\Users\runneradmin\Documents\ComfyUI\models

[2026-05-08 10:48:04.397] [info]  Adding extra search path custom_nodes C:\Users\runneradmin\AppData\Local\Programs\ComfyUI\resources\ComfyUI\custom_nodes
Setting output directory to: C:\Users\runneradmin\Documents\ComfyUI\output
Setting input directory to: C:\Users\runneradmin\Documents\ComfyUI\input
Setting user directory to: C:\Users\runneradmin\Documents\ComfyUI\user

[2026-05-08 10:48:07.900] [info]  [START] Security scan
[DONE] Security scan
** ComfyUI startup time: 
[2026-05-08 10:48:07.902] [info]  2026-05-08 10:48:07.899
** Platform: Windows
** Python version: 3.12.11 (main, Aug 18 2025, 19:17:54) [MSC v.1944 64 bit (AMD64)]
** Python executable: C:\Users\runneradmin\Documents\ComfyUI\.venv\Scripts\python.exe
** ComfyUI Path: C:\Users\runneradmin\AppData\Local\Programs\ComfyUI\resources\ComfyUI
** ComfyUI Base Folder Path: C:\Users\runneradmin\AppData\Local\Programs\ComfyUI\resources\ComfyUI

[2026-05-08 10:48:07.904] [info]  ** User directory: 
[2026-05-08 10:48:07.905] [info]  C:\Users\runneradmin\Documents\ComfyUI\user
** ComfyUI-Manager config path: C:\Users\runneradmin\Documents\ComfyUI\user\__manager\config.ini
** Log path: C:\Users\runneradmin\Documents\ComfyUI\user\comfyui.log

[2026-05-08 10:48:09.037] [info]  [ComfyUI-Manager] Skipped fixing the 'comfyui-frontend-package' dependency because the ComfyUI is outdated.

[2026-05-08 10:48:09.038] [info]  [PRE] ComfyUI-Manager

[2026-05-08 10:48:21.769] [info]  Found comfy_kitchen backend eager: {'available': True, 'disabled': False, 'unavailable_reason': None, 'capabilities': ['apply_rope', 'apply_rope1', 'dequantize_mxfp8', 'dequantize_nvfp4', 'dequantize_per_tensor_fp8', 'quantize_mxfp8', 'quantize_nvfp4', 'quantize_per_tensor_fp8', 'scaled_mm_mxfp8', 'scaled_mm_nvfp4']}

[2026-05-08 10:48:21.770] [info]  Found comfy_kitchen backend triton: {'available': False, 'disabled': True, 'unavailable_reason': "ImportError: No module named 'triton'", 'capabilities': []}
Found comfy_kitchen backend cuda: {'available': False, 'disabled': True, 'unavailable_reason': 'CUDA not available on this system', 'capabilities': []}

[2026-05-08 10:48:21.815] [info]  Checkpoint files will always be loaded safely.

[2026-05-08 10:48:21.919] [info]  Total VRAM 16383 MB, total RAM 16383 MB

[2026-05-08 10:48:21.921] [info]  pytorch version: 2.10.0+cpu
Set vram state to: DISABLED
Device: cpu

[2026-05-08 10:48:23.333] [info]  Using sub quadratic optimization for attention, if you have memory or speed issues try using: --use-split-cross-attention

[2026-05-08 10:48:32.304] [info]  Python version: 3.12.11 (main, Aug 18 2025, 19:17:54) [MSC v.1944 64 bit (AMD64)]

[2026-05-08 10:48:32.305] [info]  ComfyUI version: 0.20.1
comfy-aimdo version: 0.2.14

[2026-05-08 10:48:32.306] [info]  comfy-kitchen version: 0.2.8

[2026-05-08 10:48:32.307] [info]  [Prompt Server] web root: C:\Users\runneradmin\AppData\Local\Programs\ComfyUI\resources\ComfyUI\web_custom_versions\desktop_app

[2026-05-08 10:48:32.310] [info]  Asset seeder disabled

[2026-05-08 10:48:32.311] [info]  [START] ComfyUI-Manager

[2026-05-08 10:48:32.761] [info]  [ComfyUI-Manager] Using GitPython backend
[2026-05-08 10:48:32.763] [info]  

[2026-05-08 10:48:32.890] [info]  [ComfyUI-Manager] network_mode: public

[2026-05-08 10:48:32.900] [info]  [ComfyUI-Manager] The matrix sharing feature has been disabled because the `matrix-nio` dependency is not installed.
	To use this feature, please run the following command:
	C:\Users\runneradmin\Documents\ComfyUI\.venv\Scripts\python.exe -m pip install matrix-nio


[2026-05-08 10:48:37.715] [info]  
Import times for custom nodes:

[2026-05-08 10:48:37.717] [info]     0.0 seconds: C:\Users\runneradmin\AppData\Local\Programs\ComfyUI\resources\ComfyUI\custom_nodes\websocket_image_save.py


[2026-05-08 10:48:37.736] [info]  Context impl SQLiteImpl.

[2026-05-08 10:48:37.737] [info]  Will assume non-transactional DDL.

[2026-05-08 10:48:37.767] [info]  Context impl SQLiteImpl.

[2026-05-08 10:48:37.769] [info]  Will assume non-transactional DDL.

[2026-05-08 10:48:37.828] [info]  Running upgrade  -> 0001_assets, Initial assets schema
Revision ID: 0001_assets
Revises: None
Create Date: 2025-12-10 00:00:00

[2026-05-08 10:48:38.549] [info]  Running upgrade 0001_assets -> 0002_merge_to_asset_references, Merge AssetInfo and AssetCacheState into unified asset_references table.

[2026-05-08 10:48:39.205] [info]  Running upgrade 0002_merge_to_asset_references -> 0003_add_metadata_job_id, Add system_metadata and job_id columns to asset_references.
Change preview_id FK from assets.id to asset_references.id.

[2026-05-08 10:48:39.374] [info]  Database upgraded from None to 0003_add_metadata_job_id

[2026-05-08 10:48:39.550] [info]  Starting server


[2026-05-08 10:48:39.551] [info]  To see the GUI go to: http://127.0.0.1:8000

[2026-05-08 10:49:55.024] [error]   0%|          | 0.00/28.9M [00:00<?, ?B/s]
[2026-05-08 10:49:55.122] [error]  32%|███▏      | 9.11M/28.9M [00:00<00:00, 91.1MB/s]
[2026-05-08 10:49:55.252] [error]  63%|██████▎   | 18.2M/28.9M [00:00<00:00, 77.6MB/s]
[2026-05-08 10:49:55.432] [error]  90%|█████████ | 26.1M/28.9M [00:00<00:00, 58.7MB/s]
[2026-05-08 10:49:55.445] [error] 100%|██████████| 28.9M/28.9M [00:00<00:00, 68.5MB/s]
[2026-05-08 10:49:55.446] [error] 

[2026-05-08 10:49:56.181] [info]  Extracted zip file to C:\Users\runneradmin\Documents\ComfyUI\custom_nodes\comfyui-unirig

[2026-05-08 10:49:56.205] [info]  Install: pip packages
[2026-05-08 10:49:56.210] [info]  

[2026-05-08 10:49:57.686] [info]  [ComfyUI-Manager] Skipped fixing the 'comfyui-frontend-package' dependency because the ComfyUI is outdated.

[2026-05-08 10:49:57.688] [info]  Install: install script

[2026-05-08 10:50:00.769] [info]  FETCH ComfyRegistry Data [DONE]

[2026-05-08 10:50:01.078] [info]  [ComfyUI-Manager] default cache updated: https://api.comfy.org/nodes

[2026-05-08 10:50:01.114] [info]  FETCH DATA from: C:\Users\runneradmin\Documents\ComfyUI\user\__manager\cache\1514988643_custom-node-list.json
[2026-05-08 10:50:01.129] [info]   [DONE]
[2026-05-08 10:50:01.130] [info]  

[2026-05-08 10:50:01.190] [info]  [ComfyUI-Manager] All startup tasks have been completed.

[2026-05-08 10:50:01.817] [info]  
Restarting... [Legacy Mode]


Command: ['"C:\\Users\\runneradmin\\Documents\\ComfyUI\\.venv\\Scripts\\python.exe"', '"C:\\Users\\runneradmin\\AppData\\Local\\Programs\\ComfyUI\\resources\\ComfyUI\\main.py"', '--user-directory', 'C:\\Users\\runneradmin\\Documents\\ComfyUI\\user', '--input-directory', 'C:\\Users\\runneradmin\\Documents\\ComfyUI\\input', '--output-directory', 'C:\\Users\\runneradmin\\Documents\\ComfyUI\\output', '--front-end-root', 'C:\\Users\\runneradmin\\AppData\\Local\\Programs\\ComfyUI\\resources\\ComfyUI\\web_custom_versions\\desktop_app', '--base-directory', 'C:\\Users\\runneradmin\\Documents\\ComfyUI', '--database-url', 'sqlite:///C:/Users/runneradmin/Documents/ComfyUI/user/comfyui.db', '--extra-model-paths-config', 'C:\\Users\\runneradmin\\AppData\\Roaming\\ComfyUI\\extra_models_config.yaml', '--log-stdout', '--listen', '127.0.0.1', '--port', '8000', '--enable-manager', '--cpu']

[2026-05-08 10:50:02.421] [error] ERROR: Exception:
Traceback (most recent call last):
  File "C:\Users\runneradmin\Documents\ComfyUI\.venv\Lib\site-packages\pip\_internal\cli\base_command.py", line 106, in _run_wrapper
    status = _inner_run()
             ^^^^^^^^^^^^
  File "C:\Users\runneradmin\Documents\ComfyUI\.venv\Lib\site-packages\pip\_internal\cli\base_command.py", line 97, in _inner_run
    return self.run(options, args)
           ^^^^^^^^^^^^^^^^^^^^^^^
  File "C:\Users\runneradmin\Documents\ComfyUI\.venv\Lib\site-packages\pip\_internal\commands\freeze.py", line 108, in run
    sys.stdout.write(line + "\n")
OSError: [Errno 22] Invalid argument

[2026-05-08 10:50:02.767] [info]  setup plugin alembic.autogenerate.schemas

[2026-05-08 10:50:02.769] [info]  setup plugin alembic.autogenerate.tables
setup plugin alembic.autogenerate.types
setup plugin alembic.autogenerate.constraints
setup plugin alembic.autogenerate.defaults
setup plugin alembic.autogenerate.comments

[2026-05-08 10:50:03.388] [info]  Adding extra search path custom_nodes C:\Users\runneradmin\Documents\ComfyUI\custom_nodes
Adding extra search path download_model_base C:\Users\runneradmin\Documents\ComfyUI\models

[2026-05-08 10:50:03.389] [info]  Adding extra search path custom_nodes C:\Users\runneradmin\AppData\Local\Programs\ComfyUI\resources\ComfyUI\custom_nodes
Setting output directory to: C:\Users\runneradmin\Documents\ComfyUI\output
Setting input directory to: C:\Users\runneradmin\Documents\ComfyUI\input
Setting user directory to: C:\Users\runneradmin\Documents\ComfyUI\user

[2026-05-08 10:50:05.130] [info]  [START] Security scan
[DONE] Security scan
** ComfyUI startup time: 
[2026-05-08 10:50:05.132] [info]  2026-05-08 10:50:05.130
** Platform: Windows
** Python version: 3.12.11 (main, Aug 18 2025, 19:17:54) [MSC v.1944 64 bit (AMD64)]
** Python executable: C:\Users\runneradmin\Documents\ComfyUI\.venv\Scripts\python.exe
** ComfyUI Path: C:\Users\runneradmin\AppData\Local\Programs\ComfyUI\resources\ComfyUI
** ComfyUI Base Folder Path: C:\Users\runneradmin\AppData\Local\Programs\ComfyUI\resources\ComfyUI

[2026-05-08 10:50:05.141] [info]  ** User directory: 
[2026-05-08 10:50:05.143] [info]  C:\Users\runneradmin\Documents\ComfyUI\user
** ComfyUI-Manager config path: C:\Users\runneradmin\Documents\ComfyUI\user\__manager\config.ini
** Log path: C:\Users\runneradmin\Documents\ComfyUI\user\comfyui.log

[2026-05-08 10:50:05.737] [info]  
#######################################################################
[ComfyUI-Manager] Starting dependency installation/(de)activation for the extension


[2026-05-08 10:50:05.738] [info]  
## ComfyUI-Manager: EXECUTE => ['C:\\Users\\runneradmin\\Documents\\ComfyUI\\.venv\\Scripts\\python.exe', '-m', 'pip', 'install', 'comfy-env==0.3.75']

## Execute management script for 'C:\Users\runneradmin\Documents\ComfyUI\custom_nodes\comfyui-unirig'

[2026-05-08 10:50:07.912] [info]   Collecting comfy-env==0.3.75

[2026-05-08 10:50:07.941] [info]     Downloading comfy_env-0.3.75-py3-none-any.whl.metadata (7.1 kB)

[2026-05-08 10:50:07.974] [info]   
[2026-05-08 10:50:07.975] [info]   
[2026-05-08 10:50:08.055] [info]   Collecting pre-commit (from comfy-env==0.3.75)

[2026-05-08 10:50:08.061] [info]     Downloading pre_commit-4.6.0-py2.py3-none-any.whl.metadata (1.2 kB)

[2026-05-08 10:50:08.109] [info]   
[2026-05-08 10:50:08.140] [info]   Collecting tomli-w>=1.0.0 (from comfy-env==0.3.75)

[2026-05-08 10:50:08.145] [info]     Downloading tomli_w-1.2.0-py3-none-any.whl.metadata (5.7 kB)

[2026-05-08 10:50:08.236] [info]   Collecting tomli>=2.0.0 (from comfy-env==0.3.75)

[2026-05-08 10:50:08.239] [info]     Using cached tomli-2.4.1-cp312-cp312-win_amd64.whl.metadata (10 kB)

[2026-05-08 10:50:08.246] [info]   
[2026-05-08 10:50:08.305] [info]   Collecting cfgv>=2.0.0 (from pre-commit->comfy-env==0.3.75)

[2026-05-08 10:50:08.351] [info]     Downloading cfgv-3.5.0-py2.py3-none-any.whl.metadata (8.9 kB)

[2026-05-08 10:50:08.490] [info]   Collecting identify>=1.0.0 (from pre-commit->comfy-env==0.3.75)

[2026-05-08 10:50:08.497] [info]   
[2026-05-08 10:50:08.498] [info]    Downloading identify-2.6.19-py2.py3-none-any.whl.metadata (4.4 kB)

[2026-05-08 10:50:08.608] [info]   Collecting nodeenv>=0.11.1 (from pre-commit->comfy-env==0.3.75)

[2026-05-08 10:50:08.613] [info]     Downloading nodeenv-1.10.0-py2.py3-none-any.whl.metadata (24 kB)

[2026-05-08 10:50:08.741] [info]   Collecting virtualenv>=20.10.0 (from pre-commit->comfy-env==0.3.75)

[2026-05-08 10:50:08.748] [info]     Downloading virtualenv-21.3.1-py3-none-any.whl.metadata (3.5 kB)

[2026-05-08 10:50:08.851] [info]   Collecting distlib<1,>=0.3.7 (from virtualenv>=20.10.0->pre-commit->comfy-env==0.3.75)

[2026-05-08 10:50:08.857] [info]     Downloading distlib-0.4.0-py2.py3-none-any.whl.metadata (5.2 kB)

[2026-05-08 10:50:08.955] [info]   Collecting filelock<4,>=3.24.2 (from virtualenv>=20.10.0->pre-commit->comfy-env==0.3.75)

[2026-05-08 10:50:08.960] [info]     Downloading filelock-3.29.0-py3-none-any.whl.metadata (2.0 kB)

[2026-05-08 10:50:09.042] [info]   Collecting platformdirs<5,>=3.9.1 (from virtualenv>=20.10.0->pre-commit->comfy-env==0.3.75)

[2026-05-08 10:50:09.047] [info]     Downloading platformdirs-4.9.6-py3-none-any.whl.metadata (4.7 kB)

[2026-05-08 10:50:09.156] [info]   Collecting python-discovery>=1.2.2 (from virtualenv>=20.10.0->pre-commit->comfy-env==0.3.75)

[2026-05-08 10:50:09.161] [info]     Downloading python_discovery-1.3.0-py3-none-any.whl.metadata (5.5 kB)

[2026-05-08 10:50:09.281] [info]   Downloading comfy_env-0.3.75-py3-none-any.whl (120 kB)

[2026-05-08 10:50:09.335] [info]   Using cached tomli-2.4.1-cp312-cp312-win_amd64.whl (108 kB)

[2026-05-08 10:50:09.340] [info]   Downloading tomli_w-1.2.0-py3-none-any.whl (6.7 kB)

[2026-05-08 10:50:09.394] [info]   Downloading pre_commit-4.6.0-py2.py3-none-any.whl (226 kB)

[2026-05-08 10:50:09.447] [info]   Downloading cfgv-3.5.0-py2.py3-none-any.whl (7.4 kB)

[2026-05-08 10:50:09.503] [info]   Downloading identify-2.6.19-py2.py3-none-any.whl (99 kB)

[2026-05-08 10:50:09.549] [info]   Downloading nodeenv-1.10.0-py2.py3-none-any.whl (23 kB)

[2026-05-08 10:50:09.592] [info]   Downloading virtualenv-21.3.1-py3-none-any.whl (7.6 MB)

[2026-05-08 10:50:09.668] [info]      ---------------------------------------- 7.6/7.6 MB 116.4 MB/s eta 0:00:00

[2026-05-08 10:50:09.672] [info]   Downloading distlib-0.4.0-py2.py3-none-any.whl (469 kB)

[2026-05-08 10:50:09.755] [info]   Downloading filelock-3.29.0-py3-none-any.whl (39 kB)

[2026-05-08 10:50:09.790] [info]   Downloading platformdirs-4.9.6-py3-none-any.whl (21 kB)

[2026-05-08 10:50:09.816] [info]   Downloading python_discovery-1.3.0-py3-none-any.whl (33 kB)

[2026-05-08 10:50:10.123] [info]   Installing collected packages: distlib, tomli-w, tomli, platformdirs, nodeenv, identify, filelock, cfgv, python-discovery, virtualenv, pre-commit, comfy-env

[2026-05-08 10:50:10.723] [info]     Attempting uninstall: filelock

[2026-05-08 10:50:10.729] [info]   
[2026-05-08 10:50:10.730] [info]      Found existing installation: filelock 3.20.3

[2026-05-08 10:50:10.735] [info]       Uninstalling filelock-3.20.3:

[2026-05-08 10:50:10.745] [info]         Successfully uninstalled filelock-3.20.3

[2026-05-08 10:50:12.691] [info]   Successfully installed cfgv-3.5.0 comfy-env-0.3.75 distlib-0.4.0 filelock-3.29.0 identify-2.6.19 nodeenv-1.10.0 platformdirs-4.9.6 pre-commit-4.6.0 python-discovery-1.3.0 tomli-2.4.1 tomli-w-1.2.0 virtualenv-21.3.1

[2026-05-08 10:50:13.583] [error] [!]
[2026-05-08 10:50:13.585] [error]  
[!] [notice] A new release of pip is available: 25.0.1 -> 26.1.1
[!] 
[2026-05-08 10:50:13.586] [error] [notice] To update, run: python.exe -m pip install --upgrade pip

[2026-05-08 10:50:14.055] [info]  
## ComfyUI-Manager: EXECUTE => ['C:\\Users\\runneradmin\\Documents\\ComfyUI\\.venv\\Scripts\\python.exe', '-m', 'pip', 'install', 'comfy-3d-viewers==0.2.44']

## Execute management script for 'C:\Users\runneradmin\Documents\ComfyUI\custom_nodes\comfyui-unirig'
[2026-05-08 10:50:14.057] [info]  

[2026-05-08 10:50:17.366] [info]   Collecting comfy-3d-viewers==0.2.44

[2026-05-08 10:50:17.380] [info]     Downloading comfy_3d_viewers-0.2.44-py3-none-any.whl.metadata (2.2 kB)

[2026-05-08 10:50:17.427] [info]   Downloading comfy_3d_viewers-0.2.44-py3-none-any.whl (1.3 MB)

[2026-05-08 10:50:17.490] [info]      ---------------------------------------- 1.3/1.3 MB 15.7 MB/s eta 0:00:00

[2026-05-08 10:50:17.777] [info]   Installing collected packages: comfy-3d-viewers

[2026-05-08 10:50:17.983] [info]   Successfully installed comfy-3d-viewers-0.2.44

[2026-05-08 10:50:18.280] [error] [!]
[2026-05-08 10:50:18.281] [error]  
[!] [notice] A new release of pip is available: 25.0.1 -> 26.1.1
[!] [notice] To update, run: python.exe -m pip install --upgrade pip

[2026-05-08 10:50:18.358] [info]  
## ComfyUI-Manager: EXECUTE => ['C:\\Users\\runneradmin\\Documents\\ComfyUI\\.venv\\Scripts\\python.exe', '-m', 'pip', 'install', 'trimesh']

## Execute management script for 'C:\Users\runneradmin\Documents\ComfyUI\custom_nodes\comfyui-unirig'

[2026-05-08 10:50:20.570] [info]   Collecting trimesh

[2026-05-08 10:50:20.596] [info]     Downloading trimesh-4.12.2-py3-none-any.whl.metadata (13 kB)

[2026-05-08 10:50:20.763] [info]   
[2026-05-08 10:50:20.776] [info]   Downloading trimesh-4.12.2-py3-none-any.whl (741 kB)

[2026-05-08 10:50:20.857] [info]      ---------------------------------------- 741.0/741.0 kB 7.7 MB/s eta 0:00:00

[2026-05-08 10:50:21.478] [info]   Installing collected packages: trimesh

[2026-05-08 10:50:23.118] [info]   Successfully installed trimesh-4.12.2

[2026-05-08 10:50:23.546] [error] [!] 
[2026-05-08 10:50:23.547] [error] 
[!] [notice] A new release of pip is available: 25.0.1 -> 26.1.1
[!] [notice] To update, run: python.exe -m pip install --upgrade pip

[2026-05-08 10:50:23.645] [info]  
## ComfyUI-Manager: EXECUTE => ['C:\\Users\\runneradmin\\Documents\\ComfyUI\\.venv\\Scripts\\python.exe', 'install.py']

## Execute management script for 'C:\Users\runneradmin\Documents\ComfyUI\custom_nodes\comfyui-unirig'
[2026-05-08 10:50:23.647] [info]  

[2026-05-08 10:50:24.094] [info]   [comfy-env] Enabled Windows long path support

[2026-05-08 10:50:24.096] [info]   
 Installing 1 node dependencies...
   Cloning ComfyUI-CameraPack...

[2026-05-08 10:50:24.659] [info]   

[2026-05-08 10:50:24.660] [info]   [requirements] Re-installing main package requirements...
   Installing requirements for comfyui-unirig...

[2026-05-08 10:50:24.863] [error] [!]
[2026-05-08 10:50:24.864] [error]  [comfy-env] pixi not found, downloading...

[2026-05-08 10:50:26.052] [error] [!]
[2026-05-08 10:50:26.053] [error]  [comfy-env] pixi installed: C:\Users\runneradmin\.pixi\bin\pixi.exe

[2026-05-08 10:50:26.061] [info]   [comfy-env] Workspace: C:\Users\runneradmin\Documents\ComfyUI\.ce

[2026-05-08 10:50:26.062] [info]   [comfy-env] ComfyUI: C:\Users\runneradmin\Documents\ComfyUI
 [comfy-env] Found 1 node config(s):
   - unirig-nodes <- custom_nodes\comfyui-unirig\nodes\comfy-env.toml (python=host)

[2026-05-08 10:50:26.066] [info]   [comfy-env] Bootstrap interpreter has python 3.12 + torch 2.10.0 (cpu). Looking for cuda-only wheels matching cpu/torch2.10/cp312.

[2026-05-08 10:50:27.943] [info]   [comfy-env] GPU: No GPU detected

[2026-05-08 10:50:27.944] [info]   [comfy-env] No CUDA detected -- pinning comfyui torch to CPU index
 [comfy-env] Root conda deps from comfyui-unirig: ['av', 'ffmpeg']

[2026-05-08 10:50:27.945] [info]   [comfy-env] Desktop app detected: source=C:\Users\runneradmin\AppData\Local\Programs\ComfyUI\resources\ComfyUI, data=C:\Users\runneradmin\Documents\ComfyUI

[2026-05-08 10:50:27.949] [info]   [comfy-env] Comfyui feature pin: torch ==2.10.0, torchvision ==0.25.*, torchaudio ==2.10.*

[2026-05-08 10:50:27.951] [info]   [comfy-env] Root conda deps injected into comfyui feature: ['av', 'ffmpeg']

[2026-05-08 10:50:27.952] [info]   Generated C:\Users\runneradmin\Documents\ComfyUI\.ce\pixi.toml

[2026-05-08 10:50:27.954] [info]   [comfy-env] Patched C:\Users\runneradmin\AppData\Roaming\uv\python\cpython-3.12.11-windows-x86_64-none\Lib\platform.py for conda-forge compat

[2026-05-08 10:50:27.955] [info]   [comfy-env] Installing 1 environment(s):
   - unirig-nodes (python=host, 17 pypi deps, 5 cuda wheels)
 [comfy-env] Running `pixi install --all`...

[2026-05-08 10:51:23.964] [info]      WARN Skipped running the post-link scripts because `run-post-link-scripts` = `false`

[2026-05-08 10:51:23.966] [info]     	- Scripts/.librsvg-pre-unlink.bat
   To enable them, run:
   	pixi config set --local run-post-link-scripts insecure
   More info:
   	https://pixi.sh/latest/reference/pixi_configuration/#run-post-link-scripts

[2026-05-08 10:51:44.712] [info]      WARN Skipped running the post-link scripts because `run-post-link-scripts` = `false`

[2026-05-08 10:51:44.713] [info]     	- Scripts/.librsvg-pre-unlink.bat
   To enable them, run:
   	pixi config set --local run-post-link-scripts insecure
   More info:
   	https://pixi.sh/latest/reference/pixi_configuration/#run-post-link-scripts

[2026-05-08 10:53:18.758] [info]     The following environments have been installed: default, comfyui, unirig-nodes.

[2026-05-08 10:53:18.794] [info]   [comfy-env] Note: env `default` is on disk but no node declares it in this run. Leaving as-is. Remove via `pixi clean --environment default` if intended.

[2026-05-08 10:53:18.795] [info]   [comfy-env] Install log: C:\Users\runneradmin\Documents\ComfyUI\.ce\install.log
 
 Installation complete!

[2026-05-08 10:53:19.084] [info]  
[ComfyUI-Manager] Startup script completed.
#######################################################################


[2026-05-08 10:53:19.690] [info]  [ComfyUI-Manager] Skipped fixing the 'comfyui-frontend-package' dependency because the ComfyUI is outdated.

[2026-05-08 10:53:19.691] [info]  [ComfyUI-Manager] Restarting to reapply dependency installation.
Command: ['"C:\\Users\\runneradmin\\Documents\\ComfyUI\\.venv\\Scripts\\python.exe"', '"C:\\Users\\runneradmin\\AppData\\Local\\Programs\\ComfyUI\\resources\\ComfyUI\\main.py"', '--user-directory', 'C:\\Users\\runneradmin\\Documents\\ComfyUI\\user', '--input-directory', 'C:\\Users\\runneradmin\\Documents\\ComfyUI\\input', '--output-directory', 'C:\\Users\\runneradmin\\Documents\\ComfyUI\\output', '--front-end-root', 'C:\\Users\\runneradmin\\AppData\\Local\\Programs\\ComfyUI\\resources\\ComfyUI\\web_custom_versions\\desktop_app', '--base-directory', 'C:\\Users\\runneradmin\\Documents\\ComfyUI', '--database-url', 'sqlite:///C:/Users/runneradmin/Documents/ComfyUI/user/comfyui.db', '--extra-model-paths-config', 'C:\\Users\\runneradmin\\AppData\\Roaming\\ComfyUI\\extra_models_config.yaml', '--log-stdout', '--listen', '127.0.0.1', '--port', '8000', '--enable-manager', '--cpu']
--------------------------------------------------------------------------


[2026-05-08 10:53:20.324] [info]  setup plugin alembic.autogenerate.schemas
setup plugin alembic.autogenerate.tables

[2026-05-08 10:53:20.325] [info]  setup plugin alembic.autogenerate.types
setup plugin alembic.autogenerate.constraints
setup plugin alembic.autogenerate.defaults
setup plugin alembic.autogenerate.comments

[2026-05-08 10:53:20.738] [info]  Adding extra search path custom_nodes C:\Users\runneradmin\Documents\ComfyUI\custom_nodes
Adding extra search path download_model_base C:\Users\runneradmin\Documents\ComfyUI\models
Adding extra search path custom_nodes C:\Users\runneradmin\AppData\Local\Programs\ComfyUI\resources\ComfyUI\custom_nodes

[2026-05-08 10:53:20.739] [info]  Setting output directory to: C:\Users\runneradmin\Documents\ComfyUI\output
Setting input directory to: C:\Users\runneradmin\Documents\ComfyUI\input
Setting user directory to: C:\Users\runneradmin\Documents\ComfyUI\user

[2026-05-08 10:53:22.226] [info]  [START] Security scan
[DONE] Security scan
** ComfyUI startup time: 2026-05-08 10:53:22.226
[2026-05-08 10:53:22.228] [info]  
** Platform: Windows
** Python version: 3.12.11 (main, Aug 18 2025, 19:17:54) [MSC v.1944 64 bit (AMD64)]
** Python executable: C:\Users\runneradmin\Documents\ComfyUI\.venv\Scripts\python.exe
** ComfyUI Path: C:\Users\runneradmin\AppData\Local\Programs\ComfyUI\resources\ComfyUI
** ComfyUI Base Folder Path: C:\Users\runneradmin\AppData\Local\Programs\ComfyUI\resources\ComfyUI

[2026-05-08 10:53:22.229] [info]  ** User directory: C:\Users\runneradmin\Documents\ComfyUI\user
** ComfyUI-Manager config path: C:\Users\runneradmin\Documents\ComfyUI\user\__manager\config.ini
** Log path: C:\Users\runneradmin\Documents\ComfyUI\user\comfyui.log

[2026-05-08 10:53:23.305] [info]  [ComfyUI-Manager] Skipped fixing the 'comfyui-frontend-package' dependency because the ComfyUI is outdated.

[2026-05-08 10:53:23.306] [info]  [PRE] ComfyUI-Manager

[2026-05-08 10:53:23.648] [error] [comfy-env] comfyui-unirig: 1 isolation env(s):
[2026-05-08 10:53:23.649] [error] 
[comfy-env]   nodes -> C:\Users\runneradmin\Documents\ComfyUI\custom_nodes\comfyui-unirig\nodes
[comfy-env] prestartup complete
[2026-05-08 10:53:23.650] [error] 

[2026-05-08 10:53:26.454] [info]  Found comfy_kitchen backend cuda: {'available': False, 'disabled': True, 'unavailable_reason': 'CUDA not available on this system', 'capabilities': []}
Found comfy_kitchen backend eager: {'available': True, 'disabled': False, 'unavailable_reason': None, 'capabilities': ['apply_rope', 'apply_rope1', 'dequantize_mxfp8', 'dequantize_nvfp4', 'dequantize_per_tensor_fp8', 'quantize_mxfp8', 'quantize_nvfp4', 'quantize_per_tensor_fp8', 'scaled_mm_mxfp8', 'scaled_mm_nvfp4']}

[2026-05-08 10:53:26.455] [info]  Found comfy_kitchen backend triton: {'available': False, 'disabled': True, 'unavailable_reason': "ImportError: No module named 'triton'", 'capabilities': []}

[2026-05-08 10:53:26.461] [info]  Checkpoint files will always be loaded safely.

[2026-05-08 10:53:26.474] [info]  Total VRAM 16383 MB, total RAM 16383 MB

[2026-05-08 10:53:26.475] [info]  pytorch version: 2.10.0+cpu
Set vram state to: DISABLED
Device: cpu

[2026-05-08 10:53:26.739] [info]  Using sub quadratic optimization for attention, if you have memory or speed issues try using: --use-split-cross-attention

[2026-05-08 10:53:29.319] [info]  Python version: 3.12.11 (main, Aug 18 2025, 19:17:54) [MSC v.1944 64 bit (AMD64)]
ComfyUI version: 0.20.1

[2026-05-08 10:53:29.320] [info]  comfy-aimdo version: 0.2.14

[2026-05-08 10:53:29.321] [info]  comfy-kitchen version: 0.2.8

[2026-05-08 10:53:29.323] [info]  [Prompt Server] web root: C:\Users\runneradmin\AppData\Local\Programs\ComfyUI\resources\ComfyUI\web_custom_versions\desktop_app

[2026-05-08 10:53:29.324] [info]  Asset seeder disabled

[2026-05-08 10:53:29.325] [info]  [START] ComfyUI-Manager

[2026-05-08 10:53:29.440] [info]  [ComfyUI-Manager] Using GitPython backend

[2026-05-08 10:53:29.499] [info]  [ComfyUI-Manager] network_mode: public

[2026-05-08 10:53:29.503] [info]  [ComfyUI-Manager] The matrix sharing feature has been disabled because the `matrix-nio` dependency is not installed.
	To use this feature, please run the following command:
	C:\Users\runneradmin\Documents\ComfyUI\.venv\Scripts\python.exe -m pip install matrix-nio


[2026-05-08 10:53:31.242] [info]  loading...
calling register_nodes

[2026-05-08 10:53:31.246] [error] [comfy-env] Version: 0.3.75
[2026-05-08 10:53:31.247] [error] 

[2026-05-08 10:53:32.912] [error] [comfy-env] register_nodes: comfyui-unirig
[2026-05-08 10:53:32.913] [error] 

[2026-05-08 10:53:32.916] [error] [comfy-env] ComfyUI source dir: C:\Users\runneradmin\AppData\Local\Programs\ComfyUI\resources\ComfyUI
[2026-05-08 10:53:32.917] [error] 

[2026-05-08 10:53:32.919] [error] [comfy-env] Scanning nodes metadata (isolation root)...
[2026-05-08 10:53:32.920] [error] 

[2026-05-08 10:53:55.788] [error] [comfy-env] Scanned nodes: 16 nodes (22.9s)
[2026-05-08 10:53:55.790] [error] 

[2026-05-08 10:53:55.791] [error] [comfy-env] Scanned nodes root: 16 nodes (22.9s)

[2026-05-08 10:53:55.792] [error] [comfy-env] Imported nodes root: 16 nodes (isolation)

[2026-05-08 10:53:55.793] [error] [comfy-env] Registered 16 total nodes
[2026-05-08 10:53:55.794] [error] 

[2026-05-08 10:53:55.796] [info]  
Import times for custom nodes:

[2026-05-08 10:53:55.797] [info]     0.0 seconds: C:\Users\runneradmin\AppData\Local\Programs\ComfyUI\resources\ComfyUI\custom_nodes\websocket_image_save.py
   0.0 seconds: C:\Users\runneradmin\Documents\ComfyUI\custom_nodes\ComfyUI-CameraPack
  24.6 seconds: C:\Users\runneradmin\Documents\ComfyUI\custom_nodes\comfyui-unirig


[2026-05-08 10:53:55.800] [info]  Context impl SQLiteImpl.
Will assume non-transactional DDL.

[2026-05-08 10:53:56.115] [info]  Starting server


[2026-05-08 10:53:56.116] [info]  To see the GUI go to: http://127.0.0.1:8000

[2026-05-08 10:54:06.365] [info]  [ComfyUI-Manager] The ComfyRegistry cache update is still in progress, so an outdated cache is being used.

[2026-05-08 10:54:06.470] [info]  FETCH DATA from: C:\Users\runneradmin\Documents\ComfyUI\.venv\Lib\site-packages\comfyui_manager\custom-node-list.json
[2026-05-08 10:54:06.496] [info]   [DONE]

