Capturing execution frames: apply_animation.json
  Frame 1 saved (frame_000.jpg, t=0.0s)
  Validating workflow...
  Queuing workflow for execution...
  Frame 2 saved (frame_001.jpg, t=2.5s)
  [capture-periodic] freeze=9ms shot=237ms unfreeze=27ms saved=True
  Frame 3 saved (frame_002.jpg, t=4.9s)
  [capture-periodic] freeze=4ms shot=183ms unfreeze=23ms saved=True
  [capture-loop] iter=50 t=6.7s state={'complete': False, 'error': None, 'executedCount': 0, 'wsState': 1} eval_ms=4 ram=3.7/7.0GB (58%) swap=0.0/0.0GB (0%) cpu=66% browser_rss=0.74GB
  Node executed (1 total), capturing...
  Frame 4 saved (frame_003.jpg, t=7.0s)
  [capture-node] freeze=7ms shot=248ms unfreeze=0ms saved=True
  Execution complete (t=7.0s)
  [3d-wait] Phase 1: Waiting for 'Loading 3D Model' text to disappear...
  [3d-wait] Phase 1 done in 0.0s
  [3d-wait] Phase 2: iframes=0
  [3d-wait] Total 3D wait: 0.0s
  Captured 4 unique frames over 7.31s
  [debug] iframes: 0
  [timing] trigger_3d_previews: 0.0s
  Saved high-quality screenshot: apply_animation_executed.png
  [timing] final_screenshot: 1.1s
    Captured 5 video frames