Capturing execution frames: rigged_manipulator.json
  Frame 1 saved (frame_000.jpg, t=0.0s)
  Validating workflow...
  [ComfyUI] === /validate endpoint called ===
  [ComfyUI] === /validate endpoint called ===
  [ComfyUI] Received JSON with keys: ['prompt']
  [ComfyUI] Received JSON with keys: ['prompt']
  [ComfyUI] Prompt has 2 nodes
  [ComfyUI] Prompt has 2 nodes
  [ComfyUI]   Node 3: UniRigPreviewRiggedMesh
  [ComfyUI]   Node 3: UniRigPreviewRiggedMesh
  [ComfyUI]     Inputs: {"fbx_output_path": ["4", 0], "preview": ""}
  [ComfyUI]     Inputs: {"fbx_output_path": ["4", 0], "preview": ""}
  [ComfyUI]   Node 4: UniRigLoadRiggedMesh
  [ComfyUI]   Node 4: UniRigLoadRiggedMesh
  [ComfyUI]     Inputs: {"fbx_file": "animation_characters/mixamo.fbx"}
  [ComfyUI]     Inputs: {"fbx_file": "animation_characters/mixamo.fbx"}
  [ComfyUI] Generated prompt_id: e53cc8fc-508f-42c1-9965-52d99c4fda6c
  [ComfyUI] Generated prompt_id: e53cc8fc-508f-42c1-9965-52d99c4fda6c
  [ComfyUI] Calling execution.validate_prompt()...
  [ComfyUI] Calling execution.validate_prompt()...
  [ComfyUI] Validation result: valid=True
  [ComfyUI] Validation result: valid=True
  [ComfyUI] === Validation PASSED ===
  [ComfyUI] === Validation PASSED ===
  Queuing workflow for execution...
  [ComfyUI] got prompt
  [ComfyUI] got prompt
  [ComfyUI] [ComfyUI-UniRig] python: /Users/runner/.ce/.pixi/envs/unirig-nodes/bin/python
  [ComfyUI] [ComfyUI-UniRig] python: /Users/runner/.ce/.pixi/envs/unirig-nodes/bin/python
  [ComfyUI] [comfy-env] Running UniRigLoadRiggedMesh: fbx_file: 'animation_characters/mixamo.fbx'
  [ComfyUI] [comfy-env] Running UniRigLoadRiggedMesh: fbx_file: 'animation_characters/mixamo.fbx'
  [ComfyUI] [ComfyUI-UniRig] sys_path sent to worker: ['/Users/runner/work/comfy-gpu-ci/comfy-gpu-ci/test_workspaces/UniRig-2142/ComfyUI', '/Users/runner/work/comfy-gpu-ci/comfy-gpu-ci/test_workspaces/UniRig-2142/ComfyUI/custom_nodes/ComfyUI-UniRig', '/Users/runner/.ce/.pixi/envs/unirig-nodes/lib/python3.1/site-packages', '/Users/runner/work/comfy-gpu-ci/comfy-gpu-ci/test_workspaces/UniRig-2142/ComfyUI/custom_nodes/ComfyUI-UniRig']
  [ComfyUI] [ComfyUI-UniRig] sys_path sent to worker: ['/Users/runner/work/comfy-gpu-ci/comfy-gpu-ci/test_workspaces/UniRig-2142/ComfyUI', '/Users/runner/work/comfy-gpu-ci/comfy-gpu-ci/test_workspaces/UniRig-2142/ComfyUI/custom_nodes/ComfyUI-UniRig', '/Users/runner/.ce/.pixi/envs/unirig-nodes/lib/python3.1/site-packages', '/Users/runner/work/comfy-gpu-ci/comfy-gpu-ci/test_workspaces/UniRig-2142/ComfyUI/custom_nodes/ComfyUI-UniRig']
  [ComfyUI] [SubprocessWorker] call_method: nodes.skeleton_io.UniRigLoadRiggedMesh.EXECUTE_NORMALIZED
  [ComfyUI] [SubprocessWorker] call_method: nodes.skeleton_io.UniRigLoadRiggedMesh.EXECUTE_NORMALIZED
  [ComfyUI] [SubprocessWorker] is_pixi=True, python=/Users/runner/.ce/.pixi/envs/unirig-nodes/bin/python
  [ComfyUI] [SubprocessWorker] is_pixi=True, python=/Users/runner/.ce/.pixi/envs/unirig-nodes/bin/python
  [ComfyUI] [SubprocessWorker] launching cmd=['/Users/runner/.pixi/bin/pixi', 'run', '--as-is', '--manifest-path', '/Users/runner/.ce/pixi.toml', '-e', 'unirig-nodes', 'python', '/var/folders/tb/y368xp_x10s3ty1b_mtl5mxr0000gn/T/comfyui_pvenv_hpa09ocx/persistent_worker.py', 'unix:///var/folders/tb/y368xp_x10s3ty1b_mtl5mxr0000gn/T/comfy_worker_2caf78f58757.sock']...
  [ComfyUI] [SubprocessWorker] launching cmd=['/Users/runner/.pixi/bin/pixi', 'run', '--as-is', '--manifest-path', '/Users/runner/.ce/pixi.toml', '-e', 'unirig-nodes', 'python', '/var/folders/tb/y368xp_x10s3ty1b_mtl5mxr0000gn/T/comfyui_pvenv_hpa09ocx/persistent_worker.py', 'unix:///var/folders/tb/y368xp_x10s3ty1b_mtl5mxr0000gn/T/comfy_worker_2caf78f58757.sock']...
  [ComfyUI] [SubprocessWorker] socket_addr=unix:///var/folders/tb/y368xp_x10s3ty1b_mtl5mxr0000gn/T/comfy_worker_2caf78f58757.sock exists=True
  [ComfyUI] [SubprocessWorker] socket_addr=unix:///var/folders/tb/y368xp_x10s3ty1b_mtl5mxr0000gn/T/comfy_worker_2caf78f58757.sock exists=True
  [ComfyUI] [SubprocessWorker] acquired lock, ensuring started...
  [ComfyUI] [SubprocessWorker] acquired lock, ensuring started...
  [ComfyUI] [ComfyUI-UniRig] Health check: ping (timeout=5.0s)...
  [ComfyUI] [ComfyUI-UniRig] Health check: ping (timeout=5.0s)...
  [ComfyUI] [ComfyUI-UniRig] Health check: failed
  [ComfyUI] [ComfyUI-UniRig] Health check: failed
  [ComfyUI] [ComfyUI-UniRig] Socket unhealthy, restarting worker...
  [ComfyUI] [ComfyUI-UniRig] Socket unhealthy, restarting worker...
  Frame 2 saved (frame_001.jpg, t=2.4s)
  [capture-periodic] freeze=9ms shot=215ms unfreeze=16ms saved=True
  [ComfyUI] [worker:ComfyUI-UniRig] ERROR: Failed to import comfy_kitchen, Error: No module named 'comfy_kitchen', fp8 and fp4 support will not be available.
  [ComfyUI] [worker:ComfyUI-UniRig] ERROR: Failed to import comfy_kitchen, Error: No module named 'comfy_kitchen', fp8 and fp4 support will not be available.
  [ComfyUI] [SubprocessWorker] worker started/confirmed
  [ComfyUI] [SubprocessWorker] worker started/confirmed
  [ComfyUI] [SubprocessWorker] serializing kwargs to shm...
  [ComfyUI] [SubprocessWorker] serializing kwargs to shm...
  [ComfyUI] [SubprocessWorker] created 0 shm blocks
  [ComfyUI] [SubprocessWorker] created 0 shm blocks
  [ComfyUI] [SubprocessWorker] sending request via socket...
  [ComfyUI] [SubprocessWorker] sending request via socket...
  [ComfyUI] [SubprocessWorker] call_id=3 sending call_method
  [ComfyUI] [SubprocessWorker] call_id=3 sending call_method
  Frame 3 saved (frame_002.jpg, t=4.7s)
  [capture-periodic] freeze=4ms shot=115ms unfreeze=3ms saved=True
  [capture-loop] iter=50 t=6.4s state={'complete': False, 'error': None, 'executedCount': 0, 'wsState': 1} eval_ms=9 ram=3.5/7.0GB (57%) swap=0.0/0.0GB (0%) cpu=68% browser_rss=0.62GB
  [ComfyUI] [worker:ComfyUI-UniRig] WARNING: No comfy kitchen, using old apply_rope functions.
  [ComfyUI] [worker:ComfyUI-UniRig] WARNING: No comfy kitchen, using old apply_rope functions.
  [ComfyUI] [worker:ComfyUI-UniRig] FBX version: 7400
  [ComfyUI] [worker:ComfyUI-UniRig] FBX version: 7400
  [ComfyUI] [SubprocessWorker] got response: ok
  [ComfyUI] [SubprocessWorker] got response: ok
  [ComfyUI] [comfy-env] UniRigLoadRiggedMesh done (12.18s): result: NodeOutput
  [ComfyUI] [comfy-env] UniRigLoadRiggedMesh done (12.18s): result: NodeOutput
  [ComfyUI] [comfy-env] Running UniRigPreviewRiggedMesh: fbx_output_path: '/Users/runner/work/comfy-gpu-ci/comfy-gpu-ci/test_worksp...
  [ComfyUI] [comfy-env] Running UniRigPreviewRiggedMesh: fbx_output_path: '/Users/runner/work/comfy-gpu-ci/comfy-gpu-ci/test_worksp...
  [ComfyUI] [SubprocessWorker] call_method: nodes.skeleton_io.UniRigPreviewRiggedMesh.EXECUTE_NORMALIZED
  [ComfyUI] [SubprocessWorker] call_method: nodes.skeleton_io.UniRigPreviewRiggedMesh.EXECUTE_NORMALIZED
  [ComfyUI] [SubprocessWorker] acquired lock, ensuring started...
  [ComfyUI] [SubprocessWorker] acquired lock, ensuring started...
  [ComfyUI] [ComfyUI-UniRig] Health check: ping (timeout=5.0s)...
  [ComfyUI] [ComfyUI-UniRig] Health check: ping (timeout=5.0s)...
  [ComfyUI] [ComfyUI-UniRig] Health check: ok
  [ComfyUI] [ComfyUI-UniRig] Health check: ok
  [ComfyUI] [SubprocessWorker] worker started/confirmed
  [ComfyUI] [SubprocessWorker] worker started/confirmed
  [ComfyUI] [SubprocessWorker] serializing kwargs to shm...
  [ComfyUI] [SubprocessWorker] serializing kwargs to shm...
  [ComfyUI] [SubprocessWorker] created 0 shm blocks
  [ComfyUI] [SubprocessWorker] created 0 shm blocks
  [ComfyUI] [SubprocessWorker] sending request via socket...
  [ComfyUI] [SubprocessWorker] sending request via socket...
  [ComfyUI] [SubprocessWorker] call_id=4 sending call_method
  [ComfyUI] [SubprocessWorker] call_id=4 sending call_method
  [ComfyUI] [SubprocessWorker] got response: ok
  [ComfyUI] [SubprocessWorker] got response: ok
  [ComfyUI] [comfy-env] UniRigPreviewRiggedMesh done (0.02s): result: NodeOutput
  [ComfyUI] [comfy-env] UniRigPreviewRiggedMesh done (0.02s): result: NodeOutput
  [ComfyUI] Prompt executed in 12.23 seconds
  [ComfyUI] Prompt executed in 12.23 seconds
  Node executed (1 total), capturing...
  Frame 4 saved (frame_003.jpg, t=12.7s)
  [capture-node] freeze=9ms shot=178ms unfreeze=0ms saved=True
  Execution complete (t=12.7s)
  Captured 4 unique frames over 12.92s
  [debug] iframes: 1
  [debug]   iframe[0]: src=http://127.0.0.1:41891/extensions/ComfyUI-UniRig/viewer_fbx.html?v=1778449515016, canvas=486x710, rafFrozen=True
  [timing] trigger_3d_previews: 0.1s
  Saved high-quality screenshot: rigged_manipulator_executed.png
  [timing] final_screenshot: 0.3s
    Captured 5 video frames