[Console-error] Failed to load resource: the server responded with a status of 404 (Not Found)
[Console-error] Failed to load resource: the server responded with a status of 404 (Not Found)
[Console-warning] [ComfyUI] The legacy queue/history menu is deprecated. Core functionality in this menu may break at any time. Issues and feature requests related to the legacy menu will not be addressed. To switch to the new menu: Settings → search "Use new menu" → change from "Disabled" to "Top".
[Console-warning] [ComfyUI] The legacy queue/history menu is deprecated. Core functionality in this menu may break at any time. Issues and feature requests related to the legacy menu will not be addressed. To switch to the new menu: Settings → search "Use new menu" → change from "Disabled" to "Top".
[Console-error] Failed to load resource: the server responded with a status of 404 (Not Found)
[Console-error] ComfyApp graph accessed before initialization
[Console-error] Failed to load resource: the server responded with a status of 404 (Not Found)
[Console-error] Failed to load resource: the server responded with a status of 404 (Not Found)
[Console-error] Failed to load resource: the server responded with a status of 404 (Not Found)
[Console-warning] WARNING: Multiple instances of Three.js being imported.
[Console-log] [FBX Preview] Auto-registering for all known FBX preview node types...
[Console-log] [UniRig] Loading FBX mesh preview extension...
[Console-log] [UniRig] Detected extension folder: ComfyUI-UniRig
[Console-log] [UniRig] FBX mesh preview extension registered
[Console-log] [SAM3DBody] Loading FBX mesh preview extension...
[Console-log] [SAM3DBody] Detected extension folder: ComfyUI-UniRig
[Console-log] [SAM3DBody] FBX mesh preview extension registered
[Console-log] [MotionCapture] Loading FBX mesh preview extension...
[Console-log] [MotionCapture] Detected extension folder: ComfyUI-UniRig
[Console-log] [MotionCapture] FBX mesh preview extension registered
[Console-log] [MotionCapture] Loading FBX mesh preview extension...
[Console-log] [MotionCapture] Detected extension folder: ComfyUI-UniRig
[Console-log] [MotionCapture] FBX mesh preview extension registered
[Console-log] [UniRig Compare] Loading compare skeleton widget...
[Console-log] [UniRig Compare] Detected extension folder: ComfyUI-UniRig
[Console-log] [UniRig Compare] Compare skeleton widget registered
[Console-log] [UniRig Debug] Loading FBX mesh preview extension...
[Console-log] [UniRig Debug] Detected extension folder: ComfyUI-UniRig
[Console-log] [UniRig Debug] FBX mesh preview extension registered
[Console-warning] [MaskEditor] ComfyApp.open_maskeditor is deprecated. Plugins should migrate to using the command system or direct node context menu integration.
[Console-log] [UniRig] Registering Preview Rigged Mesh node
[Console-log] [UniRig Debug] Registering Preview Rigged Mesh node
[Console-log] [UniRig Compare] Registering Compare Skeletons node
[Console-error] THREE.WebGLRenderer: A WebGL context could not be created. Reason:  Could not create a WebGL context, VENDOR = 0xffff, DEVICE = 0xffff, GL_VENDOR = Google Inc. (Google), GL_RENDERER = ANGLE (Google, Vulkan 1.3.0 (SwiftShader Device (LLVM 10.0.0) (0x0000C0DE)), SwiftShader driver-5.0.0), GL_VERSION = 5.0.0, Sandboxed = no, Optimus = no, AMD switchable = no, Reset notification strategy = 0x8252, ErrorMessage = BindToCurrentSequence failed: .
[Console-error] THREE.WebGLRenderer: A WebGL context could not be created. Reason:  Failed to create a WebGL2 context.
[Console-error] THREE.WebGLRenderer: A WebGL context could not be created. Reason:  Could not create a WebGL context, VENDOR = 0xffff, DEVICE = 0xffff, GL_VENDOR = Google Inc. (Google), GL_RENDERER = ANGLE (Google, Vulkan 1.3.0 (SwiftShader Device (LLVM 10.0.0) (0x0000C0DE)), SwiftShader driver-5.0.0), GL_VERSION = 5.0.0, Sandboxed = no, Optimus = no, AMD switchable = no, Reset notification strategy = 0x8252, ErrorMessage = BindToCurrentSequence failed: .
[Console-error] THREE.WebGLRenderer: A WebGL context could not be created. Reason:  Failed to create a WebGL2 context.
[Console-error] THREE.WebGLRenderer: Error creating WebGL context.
[Console-error] Error initializing Load3d: Error: Error creating WebGL context.
    at new WebGLRenderer (http://127.0.0.1:8188/assets/vendor-three-ByVNcHWs.js:3824:22128)
    at new Load3d (http://127.0.0.1:8188/assets/load3dService-Cmsntvxx.js:17:6794)
    at Proxy.initializeLoad3d (http://127.0.0.1:8188/assets/useLoad3d-CIZhSk4b.js:1:933)
    at http://127.0.0.1:8188/assets/Load3D-CwR0HD0J.js:1:1490
    at http://127.0.0.1:8188/assets/vendor-vue-core-DO0afONr.js:2:8792
    at callWithErrorHandling (http://127.0.0.1:8188/assets/vendor-vue-core-DO0afONr.js:1:25920)
    at callWithAsyncErrorHandling (http://127.0.0.1:8188/assets/vendor-vue-core-DO0afONr.js:1:26030)
    at t.__weh (http://127.0.0.1:8188/assets/vendor-vue-core-DO0afONr.js:2:8625)
    at flushPostFlushCbs (http://127.0.0.1:8188/assets/vendor-vue-core-DO0afONr.js:1:27765)
    at flushJobs (http://127.0.0.1:8188/assets/vendor-vue-core-DO0afONr.js:1:28083)
[Console-log] [UniRig] Node created, adding FBX viewer widget
[Console-log] [UniRig] Setting iframe src to: /extensions/ComfyUI-UniRig/viewer_fbx.html?v=1778013743512
[Console-log] [UniRig] Widget created: DOMWidgetImpl
[Console-log] [FBX Viewer] Three.js bundle loaded from: http://127.0.0.1:8188/extensions/ComfyUI-UniRig/js/viewer-bundle-three.js
[Console-log] [FBX Viewer] Initializing...
[Console-error] THREE.WebGLRenderer: A WebGL context could not be created. Reason:  Could not create a WebGL context, VENDOR = 0xffff, DEVICE = 0xffff, GL_VENDOR = Google Inc. (Google), GL_RENDERER = ANGLE (Google, Vulkan 1.3.0 (SwiftShader Device (LLVM 10.0.0) (0x0000C0DE)), SwiftShader driver-5.0.0), GL_VERSION = 5.0.0, Sandboxed = no, Optimus = no, AMD switchable = no, Reset notification strategy = 0x8252, ErrorMessage = BindToCurrentSequence failed: .
[Console-error] THREE.WebGLRenderer: A WebGL context could not be created. Reason:  Failed to create a WebGL2 context.
[Console-error] THREE.WebGLRenderer: A WebGL context could not be created. Reason:  Could not create a WebGL context, VENDOR = 0xffff, DEVICE = 0xffff, GL_VENDOR = Google Inc. (Google), GL_RENDERER = ANGLE (Google, Vulkan 1.3.0 (SwiftShader Device (LLVM 10.0.0) (0x0000C0DE)), SwiftShader driver-5.0.0), GL_VERSION = 5.0.0, Sandboxed = no, Optimus = no, AMD switchable = no, Reset notification strategy = 0x8252, ErrorMessage = BindToCurrentSequence failed: .
[Console-error] THREE.WebGLRenderer: A WebGL context could not be created. Reason:  Could not create a WebGL context, VENDOR = 0xffff, DEVICE = 0xffff, GL_VENDOR = Google Inc. (Google), GL_RENDERER = ANGLE (Google, Vulkan 1.3.0 (SwiftShader Device (LLVM 10.0.0) (0x0000C0DE)), SwiftShader driver-5.0.0), GL_VERSION = 5.0.0, Sandboxed = no, Optimus = no, AMD switchable = no, Reset notification strategy = 0x8252, ErrorMessage = BindToCurrentSequence failed: .
[Console-error] THREE.WebGLRenderer: A WebGL context could not be created. Reason:  Could not create a WebGL context, VENDOR = 0xffff, DEVICE = 0xffff, GL_VENDOR = Google Inc. (Google), GL_RENDERER = ANGLE (Google, Vulkan 1.3.0 (SwiftShader Device (LLVM 10.0.0) (0x0000C0DE)), SwiftShader driver-5.0.0), GL_VERSION = 5.0.0, Sandboxed = no, Optimus = no, AMD switchable = no, Reset notification strategy = 0x8252, ErrorMessage = BindToCurrentSequence failed: .
[Console-error] THREE.WebGLRenderer: A WebGL context could not be created. Reason:  Failed to create a WebGL2 context.
[Console-error] THREE.WebGLRenderer: A WebGL context could not be created. Reason:  Could not create a WebGL context, VENDOR = 0xffff, DEVICE = 0xffff, GL_VENDOR = Google Inc. (Google), GL_RENDERER = ANGLE (Google, Vulkan 1.3.0 (SwiftShader Device (LLVM 10.0.0) (0x0000C0DE)), SwiftShader driver-5.0.0), GL_VERSION = 5.0.0, Sandboxed = no, Optimus = no, AMD switchable = no, Reset notification strategy = 0x8252, ErrorMessage = BindToCurrentSequence failed: .
[Console-error] THREE.WebGLRenderer: A WebGL context could not be created. Reason:  Could not create a WebGL context, VENDOR = 0xffff, DEVICE = 0xffff, GL_VENDOR = Google Inc. (Google), GL_RENDERER = ANGLE (Google, Vulkan 1.3.0 (SwiftShader Device (LLVM 10.0.0) (0x0000C0DE)), SwiftShader driver-5.0.0), GL_VERSION = 5.0.0, Sandboxed = no, Optimus = no, AMD switchable = no, Reset notification strategy = 0x8252, ErrorMessage = BindToCurrentSequence failed: .
[Console-error] THREE.WebGLRenderer: Error creating WebGL context.
[Console-log] [UniRig] Iframe loaded successfully
[Console-log] [comfy-test] graphToPrompt: 2 nodes, missing class_type: [], sample: {"inputs":{"fbx_output_path":["4",0],"preview":""},"class_type":"UniRigPreviewRiggedMesh","_meta":{"title":"UniRig: Preview Rigged Mesh"}}
[Console-log] [UniRig] onExecuted called with message: {fbx_file: Array(1), has_skinning: Array(1), has_skeleton: Array(1)}
[Console-log] [UniRig] Loading FBX: /Users/runner/work/comfy-gpu-ci/comfy-gpu-ci/ComfyUI/output/loaded_1778013746_mixamo.fbx
[Console-warning] [UniRig] Iframe not ready after 2s, sending anyway
[Console-log] [UniRig] Sending postMessage to iframe: http://127.0.0.1:8188/view?filename=loaded_1778013746_mixamo.fbx&type=output&subfolder=