Capturing execution frames: apply_animation.json
  Frame 1 saved (frame_000.jpg, t=0.0s)
  Validating workflow...
  [ComfyUI] === /validate endpoint called ===
  [ComfyUI] Received JSON with keys: ['prompt']
  [ComfyUI] Prompt has 4 nodes
  [ComfyUI]   Node 6: UniRigApplyAnimation
  [ComfyUI]     Inputs: {"model_fbx_path": ["9", 0], "animation_type": "mixamo", "animation_file": "Breakdance.fbx", "output_name": ""}
  [ComfyUI]   Node 7: Preview3D
  [ComfyUI]     Inputs: {"model_file": ["6", 0], "image": "", "camera_info": ["10", 0]}
  [ComfyUI]   Node 9: UniRigLoadRiggedMesh
  Queuing workflow for execution...
  [ComfyUI]     Inputs: {"fbx_file": "3d/mixamo.fbx"}
  [ComfyUI]   Node 10: CreateLoad3DCamera
  [ComfyUI]     Inputs: {"pos_x": 0, "pos_y": 20, "pos_z": 20, "target_x": 0, "target_y": 0, "target_z": 0, "zoom": 1, "camera_type": "perspective"}
  [ComfyUI] Generated prompt_id: 9ecffedb-a1e4-496b-b790-313d7f1a7f24
  [ComfyUI] Calling execution.validate_prompt()...
  [ComfyUI] Validation result: valid=True
  [ComfyUI] === Validation PASSED ===
  [ComfyUI] got prompt
  [ComfyUI] [comfy-env] Running UniRigLoadRiggedMesh: fbx_file: '3d/mixamo.fbx'
  [ComfyUI] [comfy-env] SubprocessWorker: C:\ce\.pixi\envs\unirig-nodes\python.exe
  [ComfyUI] [comfy-env] env_vars: {'COMFYUI_BASE': 'D:\\a\\comfy-gpu-ci\\comfy-gpu-ci\\test_workspaces\\UniRig-0031\\ComfyUI'}
  [ComfyUI] [SubprocessWorker] call_method: nodes.skeleton_io.UniRigLoadRiggedMesh.EXECUTE_NORMALIZED
  [ComfyUI] [SubprocessWorker] acquired lock, ensuring started...
  [ComfyUI] [comfy-env] unirig-nodes: Library/bin has 234 DLLs
  [ComfyUI] [ComfyUI-UniRig] python: C:\ce\.pixi\envs\unirig-nodes\python.exe
  [ComfyUI] [ComfyUI-UniRig] sys_path sent to worker: ['D:\\a\\comfy-gpu-ci\\comfy-gpu-ci\\test_workspaces\\UniRig-0031\\ComfyUI', 'D:\\a\\comfy-gpu-ci\\comfy-gpu-ci\\test_workspaces\\UniRig-0031\\ComfyUI\\custom_nodes\\ComfyUI-UniRig', 'C:\\ce\\.pixi\\envs\\unirig-nodes\\Lib\\site-packages', 'D:\\a\\comfy-gpu-ci\\comfy-gpu-ci\\test_workspaces\\UniRig-0031\\ComfyUI\\custom_nodes\\ComfyUI-UniRig']
  [ComfyUI] [SubprocessWorker] is_pixi=True, python=C:\ce\.pixi\envs\unirig-nodes\python.exe
  [ComfyUI] [SubprocessWorker] launching cmd=['C:\\Users\\runneradmin\\.pixi\\bin\\pixi.exe', 'run', '--as-is', '--manifest-path', 'C:\\ce\\pixi.toml', '-e', 'unirig-nodes', 'python', 'C:\\Users\\RUNNER~1\\AppData\\Local\\Temp\\comfyui_pvenv_0jnsni3h\\persistent_worker.py', 'tcp://127.0.0.1:65199']...
  Frame 2 saved (frame_001.jpg, t=2.2s)
  [capture-periodic] freeze=3ms shot=85ms unfreeze=4ms saved=True
  [ComfyUI] [worker:ComfyUI-UniRig] ERROR: Failed to import comfy_kitchen, Error: No module named 'comfy_kitchen', fp8 and fp4 support will not be available.
  [ComfyUI] [SubprocessWorker] worker started/confirmed
  [ComfyUI] [SubprocessWorker] serializing kwargs to shm...
  [ComfyUI] [SubprocessWorker] created 0 shm blocks
  [ComfyUI] [SubprocessWorker] sending request via socket...
  [ComfyUI] [SubprocessWorker] call_id=1 sending call_method
  Frame 3 saved (frame_002.jpg, t=4.4s)
  [capture-periodic] freeze=2ms shot=82ms unfreeze=4ms saved=True
  [capture-loop] iter=50 t=5.7s state={'complete': False, 'error': None, 'executedCount': 0, 'wsState': 1} eval_ms=4 ram=4.7/16.0GB (30%) swap=0.2/2.9GB (7%) cpu=25% browser_rss=0.65GB
  [ComfyUI] [worker:ComfyUI-UniRig] WARNING: No comfy kitchen, using old apply_rope functions.
  [capture-loop] iter=100 t=11.5s state={'complete': False, 'error': None, 'executedCount': 0, 'wsState': 1} eval_ms=3 ram=4.8/16.0GB (30%) swap=0.2/2.9GB (7%) cpu=20% browser_rss=0.65GB
  [ComfyUI] [worker:ComfyUI-UniRig] FBX version: 7400
  [ComfyUI] [SubprocessWorker] got response: ok
  [ComfyUI] [comfy-env] UniRigLoadRiggedMesh done (14.83s): result: NodeOutput
  [ComfyUI] [comfy-env] Running UniRigApplyAnimation: model_fbx_path: 'D:\\a\\comfy-gpu-ci\\comfy-gpu-ci\\test_workspaces\\UniR..., animation_type: 'mixamo', animation_file: 'Breakdance.fbx', output_name: ''
  [ComfyUI] [SubprocessWorker] call_method: nodes.animation.UniRigApplyAnimation.EXECUTE_NORMALIZED
  [ComfyUI] [SubprocessWorker] acquired lock, ensuring started...
  [ComfyUI] [ComfyUI-UniRig] Health check: ping (timeout=5.0s)...
  [ComfyUI] [ComfyUI-UniRig] Health check: ok
  [ComfyUI] [SubprocessWorker] worker started/confirmed
  [ComfyUI] [SubprocessWorker] serializing kwargs to shm...
  [ComfyUI] [SubprocessWorker] created 0 shm blocks
  [ComfyUI] [SubprocessWorker] sending request via socket...
  [ComfyUI] [SubprocessWorker] call_id=2 sending call_method
  [ComfyUI] [worker:ComfyUI-UniRig] FBX version: 7400
  [ComfyUI] [worker:ComfyUI-UniRig] FBX version: 7700
  [ComfyUI] [worker:ComfyUI-UniRig]
  [ComfyUI] FBX export starting... 'D:\\a\\comfy-gpu-ci\\comfy-gpu-ci\\test_workspaces\\UniRig-0031\\ComfyUI\\output\\loaded_1778459772_mixamo_Breakdance.fbx'
  [ComfyUI] [worker:ComfyUI-UniRig] (bpy.data.armatures['Armature'], 'POSE')
  [ComfyUI] [worker:ComfyUI-UniRig] (bpy.data.armatures['Armature'], 'POSE')
  [ComfyUI] [worker:ComfyUI-UniRig] export finished in 0.9688 sec.
  [ComfyUI] [SubprocessWorker] got response: ok
  [ComfyUI] [comfy-env] UniRigApplyAnimation done (1.37s): result: NodeOutput
  [ComfyUI] Prompt executed in 16.21 seconds
  Node executed (1 total), capturing...
  Frame 4 saved (frame_003.jpg, t=16.6s)
  [capture-node] freeze=4ms shot=737ms unfreeze=0ms saved=True
  Execution complete (t=16.6s)
  [3d-wait] Phase 1: Waiting for 'Loading 3D Model' text to disappear...
  [3d-wait] Phase 1 exception after 60.0s: Page.wait_for_function: Timeout 60000ms exceeded.
  [3d-wait] Phase 2: iframes=0
  [3d-wait] Total 3D wait: 60.0s
  Captured 4 unique frames over 78.02s
  [debug] iframes: 0
  [timing] trigger_3d_previews: 0.0s
  Saved high-quality screenshot: apply_animation_executed.png
  [timing] final_screenshot: 0.2s
    Captured 5 video frames