Capturing execution frames: rigged_manipulator.json
  Frame 1 saved (frame_000.jpg, t=0.0s)
  Validating workflow...
  Queuing workflow for execution...
  Frame 2 saved (frame_001.jpg, t=2.3s)
  [capture-periodic] freeze=7ms shot=131ms unfreeze=4ms saved=True
  Frame 3 saved (frame_002.jpg, t=4.5s)
  [capture-periodic] freeze=4ms shot=119ms unfreeze=3ms saved=True
  [capture-loop] iter=50 t=6.1s state={'complete': False, 'error': None, 'executedCount': 0, 'wsState': 1} eval_ms=5 ram=4.6/16.0GB (29%) swap=0.2/2.9GB (8%) cpu=15% browser_rss=0.69GB
  Node executed (1 total), capturing...
  Frame 4 saved (frame_003.jpg, t=11.1s)
  [capture-node] freeze=7ms shot=669ms unfreeze=0ms saved=True
  Execution complete (t=11.1s)
  Captured 4 unique frames over 11.85s
  [debug] iframes: 1
  [debug]   iframe[0]: src=http://127.0.0.1:8188/extensions/ComfyUI-UniRig/viewer_fbx.html?v=1778326757750, canvas=486x710, rafFrozen=True
  [timing] trigger_3d_previews: 0.0s
  Saved high-quality screenshot: rigged_manipulator_executed.png
  [timing] final_screenshot: 0.2s
    Captured 5 video frames