setup plugin alembic.autogenerate.schemas
setup plugin alembic.autogenerate.tables
setup plugin alembic.autogenerate.types
setup plugin alembic.autogenerate.constraints
setup plugin alembic.autogenerate.defaults
setup plugin alembic.autogenerate.comments
[comfy-env] ComfyUI-UniRig: 1 isolation env(s):
[comfy-env]   nodes -> D:\a\comfy-gpu-ci\comfy-gpu-ci\ComfyUI\custom_nodes\ComfyUI-UniRig\nodes
[comfy-env] prestartup complete

Prestartup times for custom nodes:
   0.2 seconds: D:\a\comfy-gpu-ci\comfy-gpu-ci\ComfyUI\custom_nodes\ComfyUI-UniRig

Found comfy_kitchen backend cuda: {'available': False, 'disabled': True, 'unavailable_reason': 'CUDA not available on this system', 'capabilities': []}
Found comfy_kitchen backend triton: {'available': False, 'disabled': True, 'unavailable_reason': "ImportError: No module named 'triton'", 'capabilities': []}
Found comfy_kitchen backend eager: {'available': True, 'disabled': False, 'unavailable_reason': None, 'capabilities': ['apply_rope', 'apply_rope1', 'dequantize_mxfp8', 'dequantize_nvfp4', 'dequantize_per_tensor_fp8', 'quantize_mxfp8', 'quantize_nvfp4', 'quantize_per_tensor_fp8', 'scaled_mm_mxfp8', 'scaled_mm_nvfp4']}
Checkpoint files will always be loaded safely.
Total VRAM 16379 MB, total RAM 16379 MB
pytorch version: 2.11.0+cpu
Set vram state to: DISABLED
Device: cpu
Using sub quadratic optimization for attention, if you have memory or speed issues try using: --use-split-cross-attention
Python version: 3.12.10 (tags/v3.12.10:0cc8128, Apr  8 2025, 12:21:36) [MSC v.1943 64 bit (AMD64)]
ComfyUI version: 0.20.1
comfy-aimdo version: 0.3.0
comfy-kitchen version: 0.2.8
ComfyUI frontend version: 1.43.17
[Prompt Server] web root: D:\a\comfy-gpu-ci\comfy-gpu-ci\.venv\Lib\site-packages\comfyui_frontend_package\static
Asset seeder disabled
loading...
calling register_nodes
[comfy-env] Version: 0.3.75
[comfy-env] register_nodes: ComfyUI-UniRig
[comfy-env] ComfyUI source dir: D:\a\comfy-gpu-ci\comfy-gpu-ci\ComfyUI
[comfy-env] Found 1 isolation env(s)
[comfy-env] Scanning nodes metadata (isolation root)...
[comfy-env] unirig-nodes: Library/bin has 234 DLLs
[comfy-env] Metadata scan: C:\Users\runneradmin\.pixi\bin\pixi.exe run --as-is --manifest-path D:\a\comfy-gpu-ci\comfy-gpu-ci\ComfyUI\.ce\pixi.toml -e unirig-nodes python C:\Users\RUNNER~1\AppData\Local\Temp\comfy_meta_blfo07ga.py D:\a\comfy-gpu-ci\comfy-gpu-ci\ComfyUI\custom_nodes\ComfyUI-UniRig nodes
[comfy-env] Scan env PATH for nodes:
[comfy-env]   [0] D:\a\comfy-gpu-ci\comfy-gpu-ci\ComfyUI\.ce\.pixi\envs\unirig-nodes
[comfy-env]   [1] D:\a\comfy-gpu-ci\comfy-gpu-ci\ComfyUI\.ce\.pixi\envs\unirig-nodes\Library\bin
[comfy-env]   [2] D:\a\comfy-gpu-ci\comfy-gpu-ci\ComfyUI\.ce\.pixi\envs\unirig-nodes\Scripts
[comfy-env]   [3] D:\a\comfy-gpu-ci\comfy-gpu-ci\ComfyUI\.ce\.pixi\envs\unirig-nodes\Lib\site-packages\bpy
[comfy-env]   [4] C:\Windows\System32
[comfy-env]   [5] C:\Windows
[comfy-env]   [6] C:\Windows\System32\Wbem
[comfy-env] Metadata scan stderr for nodes:
[comfy-env]   [meta-scan] importing nodes from D:\a\comfy-gpu-ci\comfy-gpu-ci\ComfyUI\custom_nodes\ComfyUI-UniRig
[comfy-env]   [meta-scan] import OK
[comfy-env] Scanned nodes: 16 nodes (17.7s)
[comfy-env] Scanned nodes root: 16 nodes (17.7s)
[comfy-env] Imported nodes root: 16 nodes (isolation)
[comfy-env] Registered 16 total nodes

Import times for custom nodes:
   0.0 seconds: D:\a\comfy-gpu-ci\comfy-gpu-ci\ComfyUI\custom_nodes\websocket_image_save.py
   0.0 seconds: D:\a\comfy-gpu-ci\comfy-gpu-ci\ComfyUI\custom_nodes\ComfyUI-validate-endpoint
   0.0 seconds: D:\a\comfy-gpu-ci\comfy-gpu-ci\ComfyUI\custom_nodes\ComfyUI-CameraPack
  19.4 seconds: D:\a\comfy-gpu-ci\comfy-gpu-ci\ComfyUI\custom_nodes\ComfyUI-UniRig

Context impl SQLiteImpl.
Will assume non-transactional DDL.
Starting server

To see the GUI go to: http://127.0.0.1:8188
=== /validate endpoint called ===
Received JSON with keys: ['prompt']
Prompt has 4 nodes
  Node 6: UniRigApplyAnimation
    Inputs: {"model_fbx_path": ["9", 0], "animation_type": "mixamo", "animation_file": "Breakdance.fbx", "output_name": ""}
  Node 7: Preview3D
    Inputs: {"model_file": ["6", 0], "image": "", "camera_info": ["10", 0]}
  Node 9: UniRigLoadRiggedMesh
    Inputs: {"fbx_file": "3d/mixamo.fbx"}
  Node 10: CreateLoad3DCamera
    Inputs: {"pos_x": 0, "pos_y": 20, "pos_z": 20, "target_x": 0, "target_y": 0, "target_z": 0, "zoom": 1, "camera_type": "perspective"}
Generated prompt_id: 1eb24a97-9d31-4715-8f7d-2aa4a1e58afa
Calling execution.validate_prompt()...
Validation result: valid=True
=== Validation PASSED ===
got prompt
[comfy-env] Running UniRigLoadRiggedMesh: fbx_file: '3d/mixamo.fbx'
[comfy-env] SubprocessWorker: D:\a\comfy-gpu-ci\comfy-gpu-ci\ComfyUI\.ce\.pixi\envs\unirig-nodes\python.exe
[comfy-env] env_vars: {'COMFYUI_BASE': 'D:\\a\\comfy-gpu-ci\\comfy-gpu-ci\\ComfyUI'}
[SubprocessWorker] call_method: nodes.skeleton_io.UniRigLoadRiggedMesh.EXECUTE_NORMALIZED
[SubprocessWorker] acquired lock, ensuring started...
[comfy-env] unirig-nodes: Library/bin has 234 DLLs
[ComfyUI-UniRig] python: D:\a\comfy-gpu-ci\comfy-gpu-ci\ComfyUI\.ce\.pixi\envs\unirig-nodes\python.exe
[ComfyUI-UniRig] sys_path sent to worker: ['D:\\a\\comfy-gpu-ci\\comfy-gpu-ci\\ComfyUI', 'D:\\a\\comfy-gpu-ci\\comfy-gpu-ci\\ComfyUI\\custom_nodes\\ComfyUI-UniRig', 'D:\\a\\comfy-gpu-ci\\comfy-gpu-ci\\ComfyUI\\.ce\\.pixi\\envs\\unirig-nodes\\Lib\\site-packages', 'D:\\a\\comfy-gpu-ci\\comfy-gpu-ci\\ComfyUI\\custom_nodes\\ComfyUI-UniRig']
[SubprocessWorker] is_pixi=True, python=D:\a\comfy-gpu-ci\comfy-gpu-ci\ComfyUI\.ce\.pixi\envs\unirig-nodes\python.exe
[SubprocessWorker] launching cmd=['C:\\Users\\runneradmin\\.pixi\\bin\\pixi.exe', 'run', '--as-is', '--manifest-path', 'D:\\a\\comfy-gpu-ci\\comfy-gpu-ci\\ComfyUI\\.ce\\pixi.toml', '-e', 'unirig-nodes', 'python', 'C:\\Users\\RUNNER~1\\AppData\\Local\\Temp\\comfyui_pvenv_g9tbsx1m\\persistent_worker.py', 'tcp://127.0.0.1:55890']...
[SubprocessWorker] worker started/confirmed
[SubprocessWorker] serializing kwargs to shm...
[SubprocessWorker] created 0 shm blocks
[SubprocessWorker] sending request via socket...
[SubprocessWorker] call_id=1 sending call_method
[worker:ComfyUI-UniRig] FBX version: 7400
[SubprocessWorker] got response: ok
[comfy-env] UniRigLoadRiggedMesh done (11.52s): result: NodeOutput
[comfy-env] Running UniRigApplyAnimation: model_fbx_path: 'D:\\a\\comfy-gpu-ci\\comfy-gpu-ci\\ComfyUI\\output\\load..., animation_type: 'mixamo', animation_file: 'Breakdance.fbx', output_name: ''
[SubprocessWorker] call_method: nodes.animation.UniRigApplyAnimation.EXECUTE_NORMALIZED
[SubprocessWorker] acquired lock, ensuring started...
[ComfyUI-UniRig] Health check: ping (timeout=5.0s)...
[ComfyUI-UniRig] Health check: ok
[SubprocessWorker] worker started/confirmed
[SubprocessWorker] serializing kwargs to shm...
[SubprocessWorker] created 0 shm blocks
[SubprocessWorker] sending request via socket...
[SubprocessWorker] call_id=2 sending call_method
[worker:ComfyUI-UniRig] FBX version: 7400
[worker:ComfyUI-UniRig] FBX version: 7700
[worker:ComfyUI-UniRig] 
FBX export starting... 'D:\\a\\comfy-gpu-ci\\comfy-gpu-ci\\ComfyUI\\output\\loaded_1778239184_mixamo_Breakdance.fbx'
[worker:ComfyUI-UniRig] (bpy.data.armatures['Armature'], 'POSE')
[worker:ComfyUI-UniRig] (bpy.data.armatures['Armature'], 'POSE')
[worker:ComfyUI-UniRig] export finished in 1.4844 sec.
[SubprocessWorker] got response: ok
[comfy-env] UniRigApplyAnimation done (1.85s): result: NodeOutput
Prompt executed in 13.39 seconds
=== /validate endpoint called ===
Received JSON with keys: ['prompt']
Prompt has 2 nodes
  Node 3: UniRigPreviewRiggedMesh
    Inputs: {"fbx_output_path": ["4", 0], "preview": ""}
  Node 4: UniRigLoadRiggedMesh
    Inputs: {"fbx_file": "animation_characters/mixamo.fbx"}
Generated prompt_id: 421bcfa8-e27a-4bf8-b870-79bf04365f85
Calling execution.validate_prompt()...
Validation result: valid=True
=== Validation PASSED ===
got prompt
[comfy-env] Running UniRigLoadRiggedMesh: fbx_file: 'animation_characters/mixamo.fbx'
[SubprocessWorker] call_method: nodes.skeleton_io.UniRigLoadRiggedMesh.EXECUTE_NORMALIZED
[SubprocessWorker] acquired lock, ensuring started...
[ComfyUI-UniRig] Health check: ping (timeout=5.0s)...
[ComfyUI-UniRig] Health check: failed
[ComfyUI-UniRig] Socket unhealthy, restarting worker...
[comfy-env] unirig-nodes: Library/bin has 234 DLLs
[ComfyUI-UniRig] python: D:\a\comfy-gpu-ci\comfy-gpu-ci\ComfyUI\.ce\.pixi\envs\unirig-nodes\python.exe
[ComfyUI-UniRig] sys_path sent to worker: ['D:\\a\\comfy-gpu-ci\\comfy-gpu-ci\\ComfyUI', 'D:\\a\\comfy-gpu-ci\\comfy-gpu-ci\\ComfyUI\\custom_nodes\\ComfyUI-UniRig', 'D:\\a\\comfy-gpu-ci\\comfy-gpu-ci\\ComfyUI\\.ce\\.pixi\\envs\\unirig-nodes\\Lib\\site-packages', 'D:\\a\\comfy-gpu-ci\\comfy-gpu-ci\\ComfyUI\\custom_nodes\\ComfyUI-UniRig']
[SubprocessWorker] is_pixi=True, python=D:\a\comfy-gpu-ci\comfy-gpu-ci\ComfyUI\.ce\.pixi\envs\unirig-nodes\python.exe
[SubprocessWorker] launching cmd=['C:\\Users\\runneradmin\\.pixi\\bin\\pixi.exe', 'run', '--as-is', '--manifest-path', 'D:\\a\\comfy-gpu-ci\\comfy-gpu-ci\\ComfyUI\\.ce\\pixi.toml', '-e', 'unirig-nodes', 'python', 'C:\\Users\\RUNNER~1\\AppData\\Local\\Temp\\comfyui_pvenv_g9tbsx1m\\persistent_worker.py', 'tcp://127.0.0.1:52092']...
[SubprocessWorker] worker started/confirmed
[SubprocessWorker] serializing kwargs to shm...
[SubprocessWorker] created 0 shm blocks
[SubprocessWorker] sending request via socket...
[SubprocessWorker] call_id=3 sending call_method
[worker:ComfyUI-UniRig] FBX version: 7400
[SubprocessWorker] got response: ok
[comfy-env] UniRigLoadRiggedMesh done (10.27s): result: NodeOutput
[comfy-env] Running UniRigPreviewRiggedMesh: fbx_output_path: 'D:\\a\\comfy-gpu-ci\\comfy-gpu-ci\\ComfyUI\\output\\load...
[SubprocessWorker] call_method: nodes.skeleton_io.UniRigPreviewRiggedMesh.EXECUTE_NORMALIZED
[SubprocessWorker] acquired lock, ensuring started...
[ComfyUI-UniRig] Health check: ping (timeout=5.0s)...
[ComfyUI-UniRig] Health check: ok
[SubprocessWorker] worker started/confirmed
[SubprocessWorker] serializing kwargs to shm...
[SubprocessWorker] created 0 shm blocks
[SubprocessWorker] sending request via socket...
[SubprocessWorker] call_id=4 sending call_method
[SubprocessWorker] got response: ok
[comfy-env] UniRigPreviewRiggedMesh done (0.09s): result: NodeOutput
Prompt executed in 10.37 seconds
=== /validate endpoint called ===
Received JSON with keys: ['prompt']
Prompt has 3 nodes
  Node 49: UniRigCompareSkeletons
    Inputs: {"fbx_path_left": ["54", 0], "fbx_path_right": ["55", 0], "preview": ""}
  Node 54: UniRigLoadRiggedMesh
    Inputs: {"fbx_file": "3d/mixamo.fbx"}
  Node 55: UniRigLoadRiggedMesh
    Inputs: {"fbx_file": "animation_characters/mixamo.fbx"}
Generated prompt_id: b2b093a2-9d19-42ac-9dbe-70b750bc65fe
Calling execution.validate_prompt()...
Validation result: valid=True
=== Validation PASSED ===
got prompt
[comfy-env] Running UniRigLoadRiggedMesh: fbx_file: 'animation_characters/mixamo.fbx'
[SubprocessWorker] call_method: nodes.skeleton_io.UniRigLoadRiggedMesh.EXECUTE_NORMALIZED
[SubprocessWorker] acquired lock, ensuring started...
[ComfyUI-UniRig] Health check: ping (timeout=5.0s)...
[ComfyUI-UniRig] Health check: ok
[SubprocessWorker] worker started/confirmed
[SubprocessWorker] serializing kwargs to shm...
[SubprocessWorker] created 0 shm blocks
[SubprocessWorker] sending request via socket...
[SubprocessWorker] call_id=5 sending call_method
[worker:ComfyUI-UniRig] FBX version: 7400
[SubprocessWorker] got response: ok
[comfy-env] UniRigLoadRiggedMesh done (0.39s): result: NodeOutput
[comfy-env] Running UniRigLoadRiggedMesh: fbx_file: '3d/mixamo.fbx'
[SubprocessWorker] call_method: nodes.skeleton_io.UniRigLoadRiggedMesh.EXECUTE_NORMALIZED
[SubprocessWorker] acquired lock, ensuring started...
[ComfyUI-UniRig] Health check: ping (timeout=5.0s)...
[ComfyUI-UniRig] Health check: ok
[SubprocessWorker] worker started/confirmed
[SubprocessWorker] serializing kwargs to shm...
[SubprocessWorker] created 0 shm blocks
[SubprocessWorker] sending request via socket...
[SubprocessWorker] call_id=6 sending call_method
[worker:ComfyUI-UniRig] FBX version: 7400
[SubprocessWorker] got response: ok
[comfy-env] UniRigLoadRiggedMesh done (0.38s): result: NodeOutput
[comfy-env] Running UniRigCompareSkeletons: fbx_path_left: 'D:\\a\\comfy-gpu-ci\\comfy-gpu-ci\\ComfyUI\\output\\load..., fbx_path_right: 'D:\\a\\comfy-gpu-ci\\comfy-gpu-ci\\ComfyUI\\output\\load...
[SubprocessWorker] call_method: nodes.skeleton_io.UniRigCompareSkeletons.EXECUTE_NORMALIZED
[SubprocessWorker] acquired lock, ensuring started...
[ComfyUI-UniRig] Health check: ping (timeout=5.0s)...
[ComfyUI-UniRig] Health check: ok
[SubprocessWorker] worker started/confirmed
[SubprocessWorker] serializing kwargs to shm...
[SubprocessWorker] created 0 shm blocks
[SubprocessWorker] sending request via socket...
[SubprocessWorker] call_id=7 sending call_method
[SubprocessWorker] got response: ok
[comfy-env] UniRigCompareSkeletons done (0.08s): result: NodeOutput
Prompt executed in 0.86 seconds
