setup plugin alembic.autogenerate.schemas
setup plugin alembic.autogenerate.tables
setup plugin alembic.autogenerate.types
setup plugin alembic.autogenerate.constraints
setup plugin alembic.autogenerate.defaults
setup plugin alembic.autogenerate.comments
[comfy-env] ComfyUI-UniRig: 1 isolation env(s):
[comfy-env]   nodes -> D:\a\comfy-gpu-ci\comfy-gpu-ci\ComfyUI_windows_portable\ComfyUI\custom_nodes\ComfyUI-UniRig\nodes
[comfy-env] prestartup complete

Prestartup times for custom nodes:
   0.5 seconds: D:\a\comfy-gpu-ci\comfy-gpu-ci\ComfyUI_windows_portable\ComfyUI\custom_nodes\ComfyUI-UniRig

D:\a\comfy-gpu-ci\comfy-gpu-ci\ComfyUI_windows_portable\python_embeded\Lib\site-packages\torch\cuda\__init__.py:180: UserWarning: cudaGetDeviceCount() returned cudaErrorNotSupported, likely using older driver or on CPU machine (Triggered internally at C:\actions-runner\_work\pytorch\pytorch\pytorch\c10\cuda\CUDAFunctions.cpp:88.)
  return torch._C._cuda_getDeviceCount() > 0
Found comfy_kitchen backend cuda: {'available': False, 'disabled': False, 'unavailable_reason': 'CUDA not available on this system', 'capabilities': []}
Found comfy_kitchen backend triton: {'available': False, 'disabled': True, 'unavailable_reason': "ImportError: No module named 'triton'", 'capabilities': []}
Found comfy_kitchen backend eager: {'available': True, 'disabled': False, 'unavailable_reason': None, 'capabilities': ['apply_rope', 'apply_rope1', 'dequantize_mxfp8', 'dequantize_nvfp4', 'dequantize_per_tensor_fp8', 'quantize_mxfp8', 'quantize_nvfp4', 'quantize_per_tensor_fp8', 'scaled_mm_mxfp8', 'scaled_mm_nvfp4']}
Checkpoint files will always be loaded safely.
Total VRAM 16379 MB, total RAM 16379 MB
pytorch version: 2.11.0+cu130
Set vram state to: DISABLED
Device: cpu
Using sub quadratic optimization for attention, if you have memory or speed issues try using: --use-split-cross-attention
Python version: 3.13.12 (tags/v3.13.12:1cbe481, Feb  3 2026, 18:22:25) [MSC v.1944 64 bit (AMD64)]
ComfyUI version: 0.20.1
comfy-aimdo version: 0.2.14
comfy-kitchen version: 0.2.8
****** User settings have been changed to be stored on the server instead of browser storage. ******
****** For multi-user setups add the --multi-user CLI argument to enable multiple user profiles. ******
ComfyUI frontend version: 1.42.15
[Prompt Server] web root: D:\a\comfy-gpu-ci\comfy-gpu-ci\ComfyUI_windows_portable\python_embeded\Lib\site-packages\comfyui_frontend_package\static
Asset seeder disabled
loading...
calling register_nodes
[comfy-env] Version: 0.3.75
[comfy-env] register_nodes: ComfyUI-UniRig
[comfy-env] ComfyUI source dir: D:\a\comfy-gpu-ci\comfy-gpu-ci\ComfyUI_windows_portable\ComfyUI
[comfy-env] Found 1 isolation env(s)
[comfy-env] Scanning nodes metadata (isolation root)...
[comfy-env] unirig-nodes: Library/bin has 235 DLLs
[comfy-env] Metadata scan: C:\Users\runneradmin\.pixi\bin\pixi.exe run --as-is --manifest-path D:\a\comfy-gpu-ci\comfy-gpu-ci\ComfyUI_windows_portable\ComfyUI\.ce\pixi.toml -e unirig-nodes python C:\Users\RUNNER~1\AppData\Local\Temp\comfy_meta_yrpcz8ae.py D:\a\comfy-gpu-ci\comfy-gpu-ci\ComfyUI_windows_portable\ComfyUI\custom_nodes\ComfyUI-UniRig nodes
[comfy-env] Scan env PATH for nodes:
[comfy-env]   [0] D:\a\comfy-gpu-ci\comfy-gpu-ci\ComfyUI_windows_portable\ComfyUI\.ce\.pixi\envs\unirig-nodes
[comfy-env]   [1] D:\a\comfy-gpu-ci\comfy-gpu-ci\ComfyUI_windows_portable\ComfyUI\.ce\.pixi\envs\unirig-nodes\Library\bin
[comfy-env]   [2] D:\a\comfy-gpu-ci\comfy-gpu-ci\ComfyUI_windows_portable\ComfyUI\.ce\.pixi\envs\unirig-nodes\Scripts
[comfy-env]   [3] D:\a\comfy-gpu-ci\comfy-gpu-ci\ComfyUI_windows_portable\ComfyUI\.ce\.pixi\envs\unirig-nodes\Lib\site-packages\bpy
[comfy-env]   [4] C:\Windows\System32
[comfy-env]   [5] C:\Windows
[comfy-env]   [6] C:\Windows\System32\Wbem
[comfy-env] Metadata scan stderr for nodes:
[comfy-env]   [meta-scan] importing nodes from D:\a\comfy-gpu-ci\comfy-gpu-ci\ComfyUI_windows_portable\ComfyUI\custom_nodes\ComfyUI-UniRig
[comfy-env]   WARNING:root:WARNING: You need pytorch with cu130 or higher to use optimized CUDA operations.
[comfy-env]   [meta-scan] import OK
[comfy-env] Scanned nodes: 16 nodes (30.6s)
[comfy-env] Scanned nodes root: 16 nodes (30.6s)
[comfy-env] Imported nodes root: 16 nodes (isolation)
[comfy-env] Registered 16 total nodes

Import times for custom nodes:
   0.0 seconds: D:\a\comfy-gpu-ci\comfy-gpu-ci\ComfyUI_windows_portable\ComfyUI\custom_nodes\ComfyUI-validate-endpoint
   0.0 seconds: D:\a\comfy-gpu-ci\comfy-gpu-ci\ComfyUI_windows_portable\ComfyUI\custom_nodes\websocket_image_save.py
   0.0 seconds: D:\a\comfy-gpu-ci\comfy-gpu-ci\ComfyUI_windows_portable\ComfyUI\custom_nodes\ComfyUI-CameraPack
  32.2 seconds: D:\a\comfy-gpu-ci\comfy-gpu-ci\ComfyUI_windows_portable\ComfyUI\custom_nodes\ComfyUI-UniRig

Context impl SQLiteImpl.
Will assume non-transactional DDL.
Context impl SQLiteImpl.
Will assume non-transactional DDL.
Running upgrade  -> 0001_assets, Initial assets schema
Revision ID: 0001_assets
Revises: None
Create Date: 2025-12-10 00:00:00
Running upgrade 0001_assets -> 0002_merge_to_asset_references, Merge AssetInfo and AssetCacheState into unified asset_references table.
Running upgrade 0002_merge_to_asset_references -> 0003_add_metadata_job_id, Add system_metadata and job_id columns to asset_references.
Change preview_id FK from assets.id to asset_references.id.
Database upgraded from None to 0003_add_metadata_job_id
Starting server

To see the GUI go to: http://127.0.0.1:8188
=== /validate endpoint called ===
Received JSON with keys: ['prompt']
Prompt has 4 nodes
  Node 6: UniRigApplyAnimation
    Inputs: {"model_fbx_path": ["9", 0], "animation_type": "mixamo", "animation_file": "Breakdance.fbx", "output_name": ""}
  Node 7: Preview3D
    Inputs: {"model_file": ["6", 0], "image": "", "camera_info": ["10", 0]}
  Node 9: UniRigLoadRiggedMesh
    Inputs: {"fbx_file": "3d/mixamo.fbx"}
  Node 10: CreateLoad3DCamera
    Inputs: {"pos_x": 0, "pos_y": 20, "pos_z": 20, "target_x": 0, "target_y": 0, "target_z": 0, "zoom": 1, "camera_type": "perspective"}
Generated prompt_id: dadb7b36-bc1d-4de4-a9e5-f346ad7199d8
Calling execution.validate_prompt()...
Validation result: valid=True
=== Validation PASSED ===
got prompt
[comfy-env] Running UniRigLoadRiggedMesh: fbx_file: '3d/mixamo.fbx'
[comfy-env] SubprocessWorker: D:\a\comfy-gpu-ci\comfy-gpu-ci\ComfyUI_windows_portable\ComfyUI\.ce\.pixi\envs\unirig-nodes\python.exe
[comfy-env] env_vars: {'COMFYUI_BASE': 'D:\\a\\comfy-gpu-ci\\comfy-gpu-ci\\ComfyUI_windows_portable\\ComfyUI'}
[SubprocessWorker] call_method: nodes.skeleton_io.UniRigLoadRiggedMesh.EXECUTE_NORMALIZED
[SubprocessWorker] acquired lock, ensuring started...
[comfy-env] unirig-nodes: Library/bin has 235 DLLs
[ComfyUI-UniRig] python: D:\a\comfy-gpu-ci\comfy-gpu-ci\ComfyUI_windows_portable\ComfyUI\.ce\.pixi\envs\unirig-nodes\python.exe
[ComfyUI-UniRig] sys_path sent to worker: ['D:\\a\\comfy-gpu-ci\\comfy-gpu-ci\\ComfyUI_windows_portable\\ComfyUI', 'D:\\a\\comfy-gpu-ci\\comfy-gpu-ci\\ComfyUI_windows_portable\\ComfyUI\\custom_nodes\\ComfyUI-UniRig', 'D:\\a\\comfy-gpu-ci\\comfy-gpu-ci\\ComfyUI_windows_portable\\ComfyUI\\.ce\\.pixi\\envs\\unirig-nodes\\Lib\\site-packages', 'D:\\a\\comfy-gpu-ci\\comfy-gpu-ci\\ComfyUI_windows_portable\\ComfyUI\\custom_nodes\\ComfyUI-UniRig']
[SubprocessWorker] is_pixi=True, python=D:\a\comfy-gpu-ci\comfy-gpu-ci\ComfyUI_windows_portable\ComfyUI\.ce\.pixi\envs\unirig-nodes\python.exe
[SubprocessWorker] launching cmd=['C:\\Users\\runneradmin\\.pixi\\bin\\pixi.exe', 'run', '--as-is', '--manifest-path', 'D:\\a\\comfy-gpu-ci\\comfy-gpu-ci\\ComfyUI_windows_portable\\ComfyUI\\.ce\\pixi.toml', '-e', 'unirig-nodes', 'python', 'C:\\Users\\RUNNER~1\\AppData\\Local\\Temp\\comfyui_pvenv_8kp3aeum\\persistent_worker.py', 'tcp://127.0.0.1:53341']...
[worker:ComfyUI-UniRig] WARNING: WARNING: You need pytorch with cu130 or higher to use optimized CUDA operations.
[SubprocessWorker] worker started/confirmed
[SubprocessWorker] serializing kwargs to shm...
[SubprocessWorker] created 0 shm blocks
[SubprocessWorker] sending request via socket...
[SubprocessWorker] call_id=1 sending call_method
[worker:ComfyUI-UniRig] FBX version: 7400
[SubprocessWorker] got response: ok
[comfy-env] UniRigLoadRiggedMesh done (9.35s): result: NodeOutput
[comfy-env] Running UniRigApplyAnimation: model_fbx_path: 'D:\\a\\comfy-gpu-ci\\comfy-gpu-ci\\ComfyUI_windows_porta..., animation_type: 'mixamo', animation_file: 'Breakdance.fbx', output_name: ''
[SubprocessWorker] call_method: nodes.animation.UniRigApplyAnimation.EXECUTE_NORMALIZED
[SubprocessWorker] acquired lock, ensuring started...
[ComfyUI-UniRig] Health check: ping (timeout=5.0s)...
[ComfyUI-UniRig] Health check: ok
[SubprocessWorker] worker started/confirmed
[SubprocessWorker] serializing kwargs to shm...
[SubprocessWorker] created 0 shm blocks
[SubprocessWorker] sending request via socket...
[SubprocessWorker] call_id=2 sending call_method
[worker:ComfyUI-UniRig] FBX version: 7400
[worker:ComfyUI-UniRig] FBX version: 7700
[worker:ComfyUI-UniRig] 
FBX export starting... 'D:\\a\\comfy-gpu-ci\\comfy-gpu-ci\\ComfyUI_windows_portable\\ComfyUI\\output\\loaded_1778239338_mixamo_Breakdance.fbx'
[worker:ComfyUI-UniRig] (bpy.data.armatures['Armature'], 'POSE')
[worker:ComfyUI-UniRig] (bpy.data.armatures['Armature'], 'POSE')
[worker:ComfyUI-UniRig] export finished in 0.6320 sec.
[SubprocessWorker] got response: ok
[comfy-env] UniRigApplyAnimation done (0.97s): result: NodeOutput
Prompt executed in 10.34 seconds
=== /validate endpoint called ===
Received JSON with keys: ['prompt']
Prompt has 2 nodes
  Node 3: UniRigPreviewRiggedMesh
    Inputs: {"fbx_output_path": ["4", 0], "preview": ""}
  Node 4: UniRigLoadRiggedMesh
    Inputs: {"fbx_file": "animation_characters/mixamo.fbx"}
Generated prompt_id: e06512bc-f8d1-48ca-91ff-1ddab3014917
Calling execution.validate_prompt()...
Validation result: valid=True
=== Validation PASSED ===
got prompt
[comfy-env] Running UniRigLoadRiggedMesh: fbx_file: 'animation_characters/mixamo.fbx'
[SubprocessWorker] call_method: nodes.skeleton_io.UniRigLoadRiggedMesh.EXECUTE_NORMALIZED
[SubprocessWorker] acquired lock, ensuring started...
[ComfyUI-UniRig] Health check: ping (timeout=5.0s)...
[ComfyUI-UniRig] Health check: failed
[ComfyUI-UniRig] Socket unhealthy, restarting worker...
[comfy-env] unirig-nodes: Library/bin has 235 DLLs
[ComfyUI-UniRig] python: D:\a\comfy-gpu-ci\comfy-gpu-ci\ComfyUI_windows_portable\ComfyUI\.ce\.pixi\envs\unirig-nodes\python.exe
[ComfyUI-UniRig] sys_path sent to worker: ['D:\\a\\comfy-gpu-ci\\comfy-gpu-ci\\ComfyUI_windows_portable\\ComfyUI', 'D:\\a\\comfy-gpu-ci\\comfy-gpu-ci\\ComfyUI_windows_portable\\ComfyUI\\custom_nodes\\ComfyUI-UniRig', 'D:\\a\\comfy-gpu-ci\\comfy-gpu-ci\\ComfyUI_windows_portable\\ComfyUI\\.ce\\.pixi\\envs\\unirig-nodes\\Lib\\site-packages', 'D:\\a\\comfy-gpu-ci\\comfy-gpu-ci\\ComfyUI_windows_portable\\ComfyUI\\custom_nodes\\ComfyUI-UniRig']
[SubprocessWorker] is_pixi=True, python=D:\a\comfy-gpu-ci\comfy-gpu-ci\ComfyUI_windows_portable\ComfyUI\.ce\.pixi\envs\unirig-nodes\python.exe
[SubprocessWorker] launching cmd=['C:\\Users\\runneradmin\\.pixi\\bin\\pixi.exe', 'run', '--as-is', '--manifest-path', 'D:\\a\\comfy-gpu-ci\\comfy-gpu-ci\\ComfyUI_windows_portable\\ComfyUI\\.ce\\pixi.toml', '-e', 'unirig-nodes', 'python', 'C:\\Users\\RUNNER~1\\AppData\\Local\\Temp\\comfyui_pvenv_8kp3aeum\\persistent_worker.py', 'tcp://127.0.0.1:60180']...
[worker:ComfyUI-UniRig] WARNING: WARNING: You need pytorch with cu130 or higher to use optimized CUDA operations.
[SubprocessWorker] worker started/confirmed
[SubprocessWorker] serializing kwargs to shm...
[SubprocessWorker] created 0 shm blocks
[SubprocessWorker] sending request via socket...
[SubprocessWorker] call_id=3 sending call_method
[worker:ComfyUI-UniRig] FBX version: 7400
[SubprocessWorker] got response: ok
[comfy-env] UniRigLoadRiggedMesh done (10.08s): result: NodeOutput
[comfy-env] Running UniRigPreviewRiggedMesh: fbx_output_path: 'D:\\a\\comfy-gpu-ci\\comfy-gpu-ci\\ComfyUI_windows_porta...
[SubprocessWorker] call_method: nodes.skeleton_io.UniRigPreviewRiggedMesh.EXECUTE_NORMALIZED
[SubprocessWorker] acquired lock, ensuring started...
[ComfyUI-UniRig] Health check: ping (timeout=5.0s)...
[ComfyUI-UniRig] Health check: ok
[SubprocessWorker] worker started/confirmed
[SubprocessWorker] serializing kwargs to shm...
[SubprocessWorker] created 0 shm blocks
[SubprocessWorker] sending request via socket...
[SubprocessWorker] call_id=4 sending call_method
[SubprocessWorker] got response: ok
[comfy-env] UniRigPreviewRiggedMesh done (0.06s): result: NodeOutput
Prompt executed in 10.14 seconds
=== /validate endpoint called ===
Received JSON with keys: ['prompt']
Prompt has 3 nodes
  Node 49: UniRigCompareSkeletons
    Inputs: {"fbx_path_left": ["54", 0], "fbx_path_right": ["55", 0], "preview": ""}
  Node 54: UniRigLoadRiggedMesh
    Inputs: {"fbx_file": "3d/mixamo.fbx"}
  Node 55: UniRigLoadRiggedMesh
    Inputs: {"fbx_file": "animation_characters/mixamo.fbx"}
Generated prompt_id: 59233a6e-661e-41a4-b639-20dfdc87d607
Calling execution.validate_prompt()...
Validation result: valid=True
=== Validation PASSED ===
got prompt
[comfy-env] Running UniRigLoadRiggedMesh: fbx_file: 'animation_characters/mixamo.fbx'
[SubprocessWorker] call_method: nodes.skeleton_io.UniRigLoadRiggedMesh.EXECUTE_NORMALIZED
[SubprocessWorker] acquired lock, ensuring started...
[ComfyUI-UniRig] Health check: ping (timeout=5.0s)...
[ComfyUI-UniRig] Health check: ok
[SubprocessWorker] worker started/confirmed
[SubprocessWorker] serializing kwargs to shm...
[SubprocessWorker] created 0 shm blocks
[SubprocessWorker] sending request via socket...
[SubprocessWorker] call_id=5 sending call_method
[worker:ComfyUI-UniRig] FBX version: 7400
[SubprocessWorker] got response: ok
[comfy-env] UniRigLoadRiggedMesh done (0.36s): result: NodeOutput
[comfy-env] Running UniRigLoadRiggedMesh: fbx_file: '3d/mixamo.fbx'
[SubprocessWorker] call_method: nodes.skeleton_io.UniRigLoadRiggedMesh.EXECUTE_NORMALIZED
[SubprocessWorker] acquired lock, ensuring started...
[ComfyUI-UniRig] Health check: ping (timeout=5.0s)...
[ComfyUI-UniRig] Health check: ok
[SubprocessWorker] worker started/confirmed
[SubprocessWorker] serializing kwargs to shm...
[SubprocessWorker] created 0 shm blocks
[SubprocessWorker] sending request via socket...
[SubprocessWorker] call_id=6 sending call_method
[worker:ComfyUI-UniRig] FBX version: 7400
[SubprocessWorker] got response: ok
[comfy-env] UniRigLoadRiggedMesh done (0.37s): result: NodeOutput
[comfy-env] Running UniRigCompareSkeletons: fbx_path_left: 'D:\\a\\comfy-gpu-ci\\comfy-gpu-ci\\ComfyUI_windows_porta..., fbx_path_right: 'D:\\a\\comfy-gpu-ci\\comfy-gpu-ci\\ComfyUI_windows_porta...
[SubprocessWorker] call_method: nodes.skeleton_io.UniRigCompareSkeletons.EXECUTE_NORMALIZED
[SubprocessWorker] acquired lock, ensuring started...
[ComfyUI-UniRig] Health check: ping (timeout=5.0s)...
[ComfyUI-UniRig] Health check: ok
[SubprocessWorker] worker started/confirmed
[SubprocessWorker] serializing kwargs to shm...
[SubprocessWorker] created 0 shm blocks
[SubprocessWorker] sending request via socket...
[SubprocessWorker] call_id=7 sending call_method
[SubprocessWorker] got response: ok
[comfy-env] UniRigCompareSkeletons done (0.07s): result: NodeOutput
Prompt executed in 0.80 seconds
