Capturing execution frames: mia_humanoid.json
  Frame 1 saved (frame_000.jpg, t=0.0s)
  Validating workflow...
  [ComfyUI] === /validate endpoint called ===
  [ComfyUI] === /validate endpoint called ===
  [ComfyUI] Received JSON with keys: ['prompt']
  [ComfyUI] Received JSON with keys: ['prompt']
  [ComfyUI] Prompt has 4 nodes
  [ComfyUI] Prompt has 4 nodes
  [ComfyUI]   Node 10: UniRigPreviewRiggedMesh
  [ComfyUI]   Node 10: UniRigPreviewRiggedMesh
  [ComfyUI]     Inputs: {"fbx_output_path": ["42", 0], "preview": ""}
  [ComfyUI]     Inputs: {"fbx_output_path": ["42", 0], "preview": ""}
  [ComfyUI]   Node 27: UniRigLoadMesh
  [ComfyUI]   Node 27: UniRigLoadMesh
  [ComfyUI]     Inputs: {"source_folder": "input", "file_path": "3d/realistic_male_character.glb"}
  [ComfyUI]     Inputs: {"source_folder": "input", "file_path": "3d/realistic_male_character.glb"}
  [ComfyUI]   Node 41: MIALoadModel
  [ComfyUI]   Node 41: MIALoadModel
  [ComfyUI]     Inputs: {"precision": "fp32", "attn_backend": "auto"}
  [ComfyUI]     Inputs: {"precision": "fp32", "attn_backend": "auto"}
  [ComfyUI]   Node 42: MIAAutoRig
  [ComfyUI]   Node 42: MIAAutoRig
  [ComfyUI]     Inputs: {"fbx_name": "rigatoni", "no_fingers": false, "use_normal": false, "reset_to_rest": true, "trimesh": ["27", 0], "model": ["41", 0]}
  [ComfyUI]     Inputs: {"fbx_name": "rigatoni", "no_fingers": false, "use_normal": false, "reset_to_rest": true, "trimesh": ["27", 0], "model": ["41", 0]}
  [ComfyUI] Generated prompt_id: c1bbf22f-8809-4524-a2e4-5aae688faba0
  [ComfyUI] Generated prompt_id: c1bbf22f-8809-4524-a2e4-5aae688faba0
  [ComfyUI] Calling execution.validate_prompt()...
  [ComfyUI] Calling execution.validate_prompt()...
  [ComfyUI] Validation result: valid=True
  [ComfyUI] Validation result: valid=True
  [ComfyUI] === Validation PASSED ===
  [ComfyUI] === Validation PASSED ===
  Queuing workflow for execution...
  [ComfyUI] got prompt
  [ComfyUI] got prompt
  [ComfyUI] [comfy-env] Running MIALoadModel: precision: 'fp32', attn_backend: 'auto'
  [ComfyUI] [comfy-env] Running MIALoadModel: precision: 'fp32', attn_backend: 'auto'
  [ComfyUI] [comfy-env] SubprocessWorker: /workspaces/UniRig-1151/ComfyUI/.ce/.pixi/envs/unirig-nodes/bin/python
  [ComfyUI] [comfy-env] SubprocessWorker: /workspaces/UniRig-1151/ComfyUI/.ce/.pixi/envs/unirig-nodes/bin/python
  [ComfyUI] [VRAM] Before MIALoadModel: 153 / 7703 MB
  [ComfyUI] [VRAM] Before MIALoadModel: 153 / 7703 MB
  [ComfyUI] [comfy-env] env_vars: {'COMFYUI_BASE': '/workspaces/UniRig-1151/ComfyUI'}
  [ComfyUI] [comfy-env] env_vars: {'COMFYUI_BASE': '/workspaces/UniRig-1151/ComfyUI'}
  [ComfyUI] [SubprocessWorker] call_method: nodes.load_model.MIALoadModel.EXECUTE_NORMALIZED
  [ComfyUI] [SubprocessWorker] call_method: nodes.load_model.MIALoadModel.EXECUTE_NORMALIZED
  [ComfyUI] [ComfyUI-UniRig] python: /workspaces/UniRig-1151/ComfyUI/.ce/.pixi/envs/unirig-nodes/bin/python
  [ComfyUI] [ComfyUI-UniRig] python: /workspaces/UniRig-1151/ComfyUI/.ce/.pixi/envs/unirig-nodes/bin/python
  [ComfyUI] [SubprocessWorker] acquired lock, ensuring started...
  [ComfyUI] [SubprocessWorker] acquired lock, ensuring started...
  [ComfyUI] [ComfyUI-UniRig] sys_path sent to worker: ['/workspaces/UniRig-1151/ComfyUI', '/workspaces/UniRig-1151/ComfyUI/custom_nodes/ComfyUI-UniRig', '/workspaces/UniRig-1151/ComfyUI/.ce/.pixi/envs/unirig-nodes/lib/python3.10/site-packages', '/workspaces/UniRig-1151/ComfyUI/custom_nodes/ComfyUI-UniRig']
  [ComfyUI] [ComfyUI-UniRig] sys_path sent to worker: ['/workspaces/UniRig-1151/ComfyUI', '/workspaces/UniRig-1151/ComfyUI/custom_nodes/ComfyUI-UniRig', '/workspaces/UniRig-1151/ComfyUI/.ce/.pixi/envs/unirig-nodes/lib/python3.10/site-packages', '/workspaces/UniRig-1151/ComfyUI/custom_nodes/ComfyUI-UniRig']
  [ComfyUI] [SubprocessWorker] is_pixi=True, python=/workspaces/UniRig-1151/ComfyUI/.ce/.pixi/envs/unirig-nodes/bin/python
  [ComfyUI] [SubprocessWorker] is_pixi=True, python=/workspaces/UniRig-1151/ComfyUI/.ce/.pixi/envs/unirig-nodes/bin/python
  [ComfyUI] [SubprocessWorker] launching cmd=['/root/.pixi/bin/pixi', 'run', '--as-is', '--manifest-path', '/workspaces/UniRig-1151/ComfyUI/.ce/pixi.toml', '-e', 'unirig-nodes', 'python', '/tmp/comfyui_pvenv_68se9rwq/persistent_worker.py', 'abstract://comfy_worker_d857a82d9ac8']...
  [ComfyUI] [SubprocessWorker] launching cmd=['/root/.pixi/bin/pixi', 'run', '--as-is', '--manifest-path', '/workspaces/UniRig-1151/ComfyUI/.ce/pixi.toml', '-e', 'unirig-nodes', 'python', '/tmp/comfyui_pvenv_68se9rwq/persistent_worker.py', 'abstract://comfy_worker_d857a82d9ac8']...
  [ComfyUI] [SubprocessWorker] socket_addr=abstract://comfy_worker_d857a82d9ac8 (abstract, no filesystem path)
  [ComfyUI] [SubprocessWorker] socket_addr=abstract://comfy_worker_d857a82d9ac8 (abstract, no filesystem path)
  Frame 2 saved (frame_001.jpg, t=2.9s)
  [capture-periodic] freeze=39ms shot=150ms unfreeze=2ms saved=True
  [ComfyUI] [worker:ComfyUI-UniRig] WARNING: WARNING: You need pytorch with cu130 or higher to use optimized CUDA operations.
  [ComfyUI] [worker:ComfyUI-UniRig] WARNING: WARNING: You need pytorch with cu130 or higher to use optimized CUDA operations.
  [ComfyUI] [SubprocessWorker] worker started/confirmed
  [ComfyUI] [SubprocessWorker] worker started/confirmed
  [ComfyUI] [SubprocessWorker] serializing kwargs to shm...
  [ComfyUI] [SubprocessWorker] serializing kwargs to shm...
  [ComfyUI] [SubprocessWorker] created 0 shm blocks
  [ComfyUI] [SubprocessWorker] created 0 shm blocks
  [ComfyUI] [SubprocessWorker] sending request via socket...
  [ComfyUI] [SubprocessWorker] sending request via socket...
  [ComfyUI] [SubprocessWorker] call_id=1 sending call_method
  [ComfyUI] [SubprocessWorker] call_id=1 sending call_method
  [ComfyUI] [SubprocessWorker] got response: ok
  [ComfyUI] [SubprocessWorker] got response: ok
  [ComfyUI] [comfy-env] MIALoadModel done (3.82s): result: NodeOutput
  [ComfyUI] [comfy-env] MIALoadModel done (3.82s): result: NodeOutput
  [ComfyUI] [VRAM] After MIALoadModel: 270 / 7703 MB
  [ComfyUI] [VRAM] After MIALoadModel: 270 / 7703 MB
  [ComfyUI] [comfy-env] Running UniRigLoadMesh: source_folder: 'input', file_path: '3d/realistic_male_character.glb'
  [ComfyUI] [comfy-env] Running UniRigLoadMesh: source_folder: 'input', file_path: '3d/realistic_male_character.glb'
  [ComfyUI] [VRAM] Before UniRigLoadMesh: 270 / 7703 MB
  [ComfyUI] [VRAM] Before UniRigLoadMesh: 270 / 7703 MB
  [ComfyUI] [SubprocessWorker] call_method: nodes.mesh_io.UniRigLoadMesh.EXECUTE_NORMALIZED
  [ComfyUI] [SubprocessWorker] call_method: nodes.mesh_io.UniRigLoadMesh.EXECUTE_NORMALIZED
  [ComfyUI] [SubprocessWorker] acquired lock, ensuring started...
  [ComfyUI] [SubprocessWorker] acquired lock, ensuring started...
  [ComfyUI] [ComfyUI-UniRig] Health check: ping (timeout=5.0s)...
  [ComfyUI] [ComfyUI-UniRig] Health check: ping (timeout=5.0s)...
  [ComfyUI] [ComfyUI-UniRig] Health check: ok
  [ComfyUI] [ComfyUI-UniRig] Health check: ok
  [ComfyUI] [SubprocessWorker] worker started/confirmed
  [ComfyUI] [SubprocessWorker] worker started/confirmed
  [ComfyUI] [SubprocessWorker] serializing kwargs to shm...
  [ComfyUI] [SubprocessWorker] serializing kwargs to shm...
  [ComfyUI] [SubprocessWorker] created 0 shm blocks
  [ComfyUI] [SubprocessWorker] created 0 shm blocks
  [ComfyUI] [SubprocessWorker] sending request via socket...
  [ComfyUI] [SubprocessWorker] sending request via socket...
  [ComfyUI] [SubprocessWorker] call_id=2 sending call_method
  [ComfyUI] [SubprocessWorker] call_id=2 sending call_method
  [ComfyUI] [SubprocessWorker] got response: ok
  [ComfyUI] [SubprocessWorker] got response: ok
  Frame 3 saved (frame_002.jpg, t=5.1s)
  [capture-periodic] freeze=33ms shot=171ms unfreeze=5ms saved=True
  [ComfyUI] [comfy-env] UniRigLoadMesh done (1.05s): result: NodeOutput
  [ComfyUI] [comfy-env] UniRigLoadMesh done (1.05s): result: NodeOutput
  [ComfyUI] [VRAM] After UniRigLoadMesh: 270 / 7703 MB
  [ComfyUI] [VRAM] After UniRigLoadMesh: 270 / 7703 MB
  [ComfyUI] [comfy-env] Running MIAAutoRig: fbx_name: 'rigatoni', no_fingers: False, use_normal: False, reset_to_rest: True, trimesh: Trimesh, model: dict
  [ComfyUI] [comfy-env] Running MIAAutoRig: fbx_name: 'rigatoni', no_fingers: False, use_normal: False, reset_to_rest: True, trimesh: Trimesh, model: dict
  [ComfyUI] [VRAM] Before MIAAutoRig: 270 / 7703 MB
  [ComfyUI] [VRAM] Before MIAAutoRig: 270 / 7703 MB
  [ComfyUI] [SubprocessWorker] call_method: nodes.mia_auto_rig.MIAAutoRig.EXECUTE_NORMALIZED
  [ComfyUI] [SubprocessWorker] call_method: nodes.mia_auto_rig.MIAAutoRig.EXECUTE_NORMALIZED
  [ComfyUI] [SubprocessWorker] acquired lock, ensuring started...
  [ComfyUI] [SubprocessWorker] acquired lock, ensuring started...
  [ComfyUI] [ComfyUI-UniRig] Health check: ping (timeout=5.0s)...
  [ComfyUI] [ComfyUI-UniRig] Health check: ping (timeout=5.0s)...
  [ComfyUI] [ComfyUI-UniRig] Health check: ok
  [ComfyUI] [ComfyUI-UniRig] Health check: ok
  [ComfyUI] [SubprocessWorker] worker started/confirmed
  [ComfyUI] [SubprocessWorker] worker started/confirmed
  [ComfyUI] [SubprocessWorker] serializing kwargs to shm...
  [ComfyUI] [SubprocessWorker] serializing kwargs to shm...
  [ComfyUI] [SubprocessWorker] created 1 shm blocks
  [ComfyUI] [SubprocessWorker] created 1 shm blocks
  [ComfyUI] [SubprocessWorker] sending request via socket...
  [ComfyUI] [SubprocessWorker] sending request via socket...
  [ComfyUI] [SubprocessWorker] call_id=3 sending call_method
  [ComfyUI] [SubprocessWorker] call_id=3 sending call_method
  [ComfyUI] /workspaces/UniRig-1151/ComfyUI/.ce/.pixi/envs/unirig-nodes/lib/python3.10/site-packages/huggingface_hub/utils/_validators.py:205: UserWarning: The `local_dir_use_symlinks` argument is deprecated and ignored in `hf_hub_download`. Downloading to a local directory does not use symlinks anymore.
  [ComfyUI] /workspaces/UniRig-1151/ComfyUI/.ce/.pixi/envs/unirig-nodes/lib/python3.10/site-packages/huggingface_hub/utils/_validators.py:205: UserWarning: The `local_dir_use_symlinks` argument is deprecated and ignored in `hf_hub_download`. Downloading to a local directory does not use symlinks anymore.
  [ComfyUI]   warnings.warn(
  [ComfyUI]   warnings.warn(
  [ComfyUI] 
  [ComfyUI] 
  Frame 4 saved (frame_003.jpg, t=7.5s)
  [capture-periodic] freeze=30ms shot=166ms unfreeze=8ms saved=True
  [capture-loop] iter=50 t=7.9s state={'complete': False, 'error': None, 'executedCount': 0, 'wsState': 1} eval_ms=23
  Frame 5 saved (frame_004.jpg, t=9.8s)
  [capture-periodic] freeze=31ms shot=193ms unfreeze=8ms saved=True
  [ComfyUI] output/best/new/bw.pth:   0%|          | 0.00/425M [00:00<?, ?B/s]
  [ComfyUI] output/best/new/bw.pth:   0%|          | 0.00/425M [00:00<?, ?B/s]
  [ComfyUI] output/best/new/bw.pth: 100%|██████████| 425M/425M [00:05<00:00, 80.6MB/s][SubprocessWorker] callback 'report_progress' from call_id=3
  [ComfyUI] output/best/new/bw.pth: 100%|██████████| 425M/425M [00:05<00:00, 80.6MB/s][SubprocessWorker] callback 'report_progress' from call_id=3
  [ComfyUI] 
  [ComfyUI] 
  [ComfyUI] output/best/new/bw.pth: 100%|██████████| 425M/425M [00:05<00:00, 80.3MB/s]
  [ComfyUI] output/best/new/bw.pth: 100%|██████████| 425M/425M [00:05<00:00, 80.3MB/s]
  [ComfyUI] Warning: You are sending unauthenticated requests to the HF Hub. Please set a HF_TOKEN to enable higher rate limits and faster downloads.
  [ComfyUI] Warning: You are sending unauthenticated requests to the HF Hub. Please set a HF_TOKEN to enable higher rate limits and faster downloads.
  [ComfyUI] [worker:ComfyUI-UniRig] WARNING: Warning: You are sending unauthenticated requests to the HF Hub. Please set a HF_TOKEN to enable higher rate limits and faster downloads.
  [ComfyUI] [worker:ComfyUI-UniRig] WARNING: Warning: You are sending unauthenticated requests to the HF Hub. Please set a HF_TOKEN to enable higher rate limits and faster downloads.
  [ComfyUI] 
  [ComfyUI] 
  Frame 6 saved (frame_005.jpg, t=12.2s)
  [capture-periodic] freeze=30ms shot=157ms unfreeze=2ms saved=True
  Frame 7 saved (frame_006.jpg, t=14.4s)
  [capture-periodic] freeze=36ms shot=184ms unfreeze=4ms saved=True
  [ComfyUI] output/best/new/bw_normal.pth:   0%|          | 0.00/429M [00:00<?, ?B/s]
  [ComfyUI] output/best/new/bw_normal.pth:   0%|          | 0.00/429M [00:00<?, ?B/s]
  [ComfyUI] output/best/new/bw_normal.pth:  16%|█▌        | 67.0M/429M [00:03<00:16, 22.2MB/s][SubprocessWorker] callback 'report_progress' from call_id=3
  [ComfyUI] output/best/new/bw_normal.pth:  16%|█▌        | 67.0M/429M [00:03<00:16, 22.2MB/s][SubprocessWorker] callback 'report_progress' from call_id=3
  [capture-loop] iter=100 t=14.8s state={'complete': False, 'error': None, 'executedCount': 0, 'wsState': 1} eval_ms=25
  [ComfyUI] 
  [ComfyUI] 
  [ComfyUI] output/best/new/bw_normal.pth:  63%|██████▎   | 268M/429M [00:03<00:01, 105MB/s]  [SubprocessWorker] callback 'report_progress' from call_id=3
  [ComfyUI] output/best/new/bw_normal.pth:  63%|██████▎   | 268M/429M [00:03<00:01, 105MB/s]  [SubprocessWorker] callback 'report_progress' from call_id=3
  [ComfyUI] 
  [ComfyUI] 
  [ComfyUI] output/best/new/bw_normal.pth:  78%|███████▊  | 335M/429M [00:04<00:00, 100MB/s][SubprocessWorker] callback 'report_progress' from call_id=3
  [ComfyUI] output/best/new/bw_normal.pth:  78%|███████▊  | 335M/429M [00:04<00:00, 100MB/s][SubprocessWorker] callback 'report_progress' from call_id=3
  [ComfyUI] 
  [ComfyUI] 
  [ComfyUI] output/best/new/bw_normal.pth: 100%|██████████| 429M/429M [00:04<00:00, 136MB/s][SubprocessWorker] callback 'report_progress' from call_id=3
  [ComfyUI] output/best/new/bw_normal.pth: 100%|██████████| 429M/429M [00:04<00:00, 136MB/s][SubprocessWorker] callback 'report_progress' from call_id=3
  [ComfyUI] 
  [ComfyUI] 
  [ComfyUI] output/best/new/bw_normal.pth: 100%|██████████| 429M/429M [00:04<00:00, 96.9MB/s]
  [ComfyUI] output/best/new/bw_normal.pth: 100%|██████████| 429M/429M [00:04<00:00, 96.9MB/s]
  [ComfyUI] 
  [ComfyUI] 
  Frame 8 saved (frame_007.jpg, t=16.8s)
  [capture-periodic] freeze=28ms shot=172ms unfreeze=6ms saved=True
  [ComfyUI] output/best/new/joints.pth:   0%|          | 0.00/526M [00:00<?, ?B/s]
  [ComfyUI] output/best/new/joints.pth:   0%|          | 0.00/526M [00:00<?, ?B/s]
  [ComfyUI] output/best/new/joints.pth:  13%|█▎        | 67.1M/526M [00:02<00:18, 24.3MB/s][SubprocessWorker] callback 'report_progress' from call_id=3
  [ComfyUI] output/best/new/joints.pth:  13%|█▎        | 67.1M/526M [00:02<00:18, 24.3MB/s][SubprocessWorker] callback 'report_progress' from call_id=3
  Frame 9 saved (frame_008.jpg, t=19.1s)
  [capture-periodic] freeze=35ms shot=193ms unfreeze=9ms saved=True
  [ComfyUI] 
  [ComfyUI] 
  [ComfyUI] output/best/new/joints.pth:  38%|███▊      | 201M/526M [00:03<00:04, 74.4MB/s] [SubprocessWorker] callback 'report_progress' from call_id=3
  [ComfyUI] output/best/new/joints.pth:  38%|███▊      | 201M/526M [00:03<00:04, 74.4MB/s] [SubprocessWorker] callback 'report_progress' from call_id=3
  [ComfyUI] 
  [ComfyUI] 
  [ComfyUI] output/best/new/joints.pth:  51%|█████     | 268M/526M [00:04<00:03, 71.7MB/s][SubprocessWorker] callback 'report_progress' from call_id=3
  [ComfyUI] output/best/new/joints.pth:  51%|█████     | 268M/526M [00:04<00:03, 71.7MB/s][SubprocessWorker] callback 'report_progress' from call_id=3
  [ComfyUI] 
  [ComfyUI] 
  [ComfyUI] output/best/new/joints.pth:  64%|██████▍   | 335M/526M [00:04<00:02, 84.7MB/s][SubprocessWorker] callback 'report_progress' from call_id=3
  [ComfyUI] output/best/new/joints.pth:  64%|██████▍   | 335M/526M [00:04<00:02, 84.7MB/s][SubprocessWorker] callback 'report_progress' from call_id=3
  [capture-loop] iter=150 t=21.3s state={'complete': False, 'error': None, 'executedCount': 0, 'wsState': 1} eval_ms=25
  [ComfyUI] 
  [ComfyUI] 
  [ComfyUI] output/best/new/joints.pth: 100%|██████████| 526M/526M [00:05<00:00, 173MB/s] [SubprocessWorker] callback 'report_progress' from call_id=3
  [ComfyUI] output/best/new/joints.pth: 100%|██████████| 526M/526M [00:05<00:00, 173MB/s] [SubprocessWorker] callback 'report_progress' from call_id=3
  [ComfyUI] 
  [ComfyUI] 
  [ComfyUI] output/best/new/joints.pth: 100%|██████████| 526M/526M [00:05<00:00, 103MB/s]
  [ComfyUI] output/best/new/joints.pth: 100%|██████████| 526M/526M [00:05<00:00, 103MB/s]
  [ComfyUI] 
  [ComfyUI] 
  Frame 10 saved (frame_009.jpg, t=21.4s)
  [capture-periodic] freeze=33ms shot=177ms unfreeze=5ms saved=True
  Frame 11 saved (frame_010.jpg, t=23.8s)
  [capture-periodic] freeze=35ms shot=146ms unfreeze=8ms saved=True
  [ComfyUI] output/best/new/joints_coarse.pth:   0%|          | 0.00/425M [00:00<?, ?B/s]
  [ComfyUI] output/best/new/joints_coarse.pth:   0%|          | 0.00/425M [00:00<?, ?B/s]
  [ComfyUI] output/best/new/joints_coarse.pth:  65%|██████▍   | 275M/425M [00:04<00:02, 68.4MB/s][SubprocessWorker] callback 'report_progress' from call_id=3
  [ComfyUI] output/best/new/joints_coarse.pth:  65%|██████▍   | 275M/425M [00:04<00:02, 68.4MB/s][SubprocessWorker] callback 'report_progress' from call_id=3
  [ComfyUI] 
  [ComfyUI] 
  [ComfyUI] output/best/new/joints_coarse.pth: 100%|██████████| 425M/425M [00:04<00:00, 112MB/s] [SubprocessWorker] callback 'report_progress' from call_id=3
  [ComfyUI] output/best/new/joints_coarse.pth: 100%|██████████| 425M/425M [00:04<00:00, 112MB/s] [SubprocessWorker] callback 'report_progress' from call_id=3
  [ComfyUI] 
  [ComfyUI] 
  [ComfyUI] output/best/new/joints_coarse.pth: 100%|██████████| 425M/425M [00:04<00:00, 98.2MB/s]
  [ComfyUI] output/best/new/joints_coarse.pth: 100%|██████████| 425M/425M [00:04<00:00, 98.2MB/s]
  [ComfyUI] 
  [ComfyUI] 
  Frame 12 saved (frame_011.jpg, t=26.0s)
  [capture-periodic] freeze=35ms shot=188ms unfreeze=8ms saved=True
  [capture-loop] iter=200 t=28.4s state={'complete': False, 'error': None, 'executedCount': 0, 'wsState': 1} eval_ms=38
  Frame 13 saved (frame_012.jpg, t=28.4s)
  [capture-periodic] freeze=28ms shot=189ms unfreeze=6ms saved=True
  [ComfyUI] output/best/new/pose.pth:   0%|          | 0.00/526M [00:00<?, ?B/s]
  [ComfyUI] output/best/new/pose.pth:   0%|          | 0.00/526M [00:00<?, ?B/s]
  [ComfyUI] output/best/new/pose.pth:  25%|██▌       | 134M/526M [00:03<00:08, 44.4MB/s][SubprocessWorker] callback 'report_progress' from call_id=3
  [ComfyUI] output/best/new/pose.pth:  25%|██▌       | 134M/526M [00:03<00:08, 44.4MB/s][SubprocessWorker] callback 'report_progress' from call_id=3
  [ComfyUI] 
  [ComfyUI] 
  [ComfyUI] output/best/new/pose.pth:  51%|█████     | 268M/526M [00:03<00:02, 96.5MB/s][SubprocessWorker] callback 'report_progress' from call_id=3
  [ComfyUI] output/best/new/pose.pth:  51%|█████     | 268M/526M [00:03<00:02, 96.5MB/s][SubprocessWorker] callback 'report_progress' from call_id=3
  Frame 14 saved (frame_013.jpg, t=30.7s)
  [capture-periodic] freeze=39ms shot=193ms unfreeze=7ms saved=True
  [ComfyUI] 
  [ComfyUI] 
  [ComfyUI] output/best/new/pose.pth:  77%|███████▋  | 402M/526M [00:05<00:01, 86.3MB/s][SubprocessWorker] callback 'report_progress' from call_id=3
  [ComfyUI] output/best/new/pose.pth:  77%|███████▋  | 402M/526M [00:05<00:01, 86.3MB/s][SubprocessWorker] callback 'report_progress' from call_id=3
  [ComfyUI] 
  [ComfyUI] 
  [ComfyUI] output/best/new/pose.pth: 100%|██████████| 526M/526M [00:05<00:00, 128MB/s] [SubprocessWorker] callback 'report_progress' from call_id=3
  [ComfyUI] output/best/new/pose.pth: 100%|██████████| 526M/526M [00:05<00:00, 128MB/s] [SubprocessWorker] callback 'report_progress' from call_id=3
  [ComfyUI] 
  [ComfyUI] 
  [ComfyUI] output/best/new/pose.pth: 100%|██████████| 526M/526M [00:05<00:00, 101MB/s]
  [ComfyUI] output/best/new/pose.pth: 100%|██████████| 526M/526M [00:05<00:00, 101MB/s]
  Frame 15 saved (frame_014.jpg, t=33.0s)
  [capture-periodic] freeze=33ms shot=199ms unfreeze=7ms saved=True
  [capture-loop] iter=250 t=35.4s state={'complete': False, 'error': None, 'executedCount': 0, 'wsState': 1} eval_ms=31
  Frame 16 saved (frame_015.jpg, t=35.4s)
  [capture-periodic] freeze=28ms shot=167ms unfreeze=9ms saved=True
  [ComfyUI] /workspaces/UniRig-1151/ComfyUI/custom_nodes/ComfyUI-UniRig/nodes/mia/model.py:743: UserWarning: enable_nested_tensor is True, but self.use_nested_tensor is False because encoder_layer.norm_first was True
  [ComfyUI] /workspaces/UniRig-1151/ComfyUI/custom_nodes/ComfyUI-UniRig/nodes/mia/model.py:743: UserWarning: enable_nested_tensor is True, but self.use_nested_tensor is False because encoder_layer.norm_first was True
  [ComfyUI]   self.layers = nn.TransformerEncoder(layer, num_layers=depth)
  [ComfyUI]   self.layers = nn.TransformerEncoder(layer, num_layers=depth)
  [ComfyUI] [worker:ComfyUI-UniRig] WARNING:   joints has 3 dtype mismatches after .to(): [('joints_head.mask_attn', torch.bool), ('joints_head.mask_parent', torch.bool), ('joints_head.tree_levels_mask', torch.bool)]
  [ComfyUI] [worker:ComfyUI-UniRig] WARNING:   joints has 3 dtype mismatches after .to(): [('joints_head.mask_attn', torch.bool), ('joints_head.mask_parent', torch.bool), ('joints_head.tree_levels_mask', torch.bool)]
  [ComfyUI] /workspaces/UniRig-1151/ComfyUI/custom_nodes/ComfyUI-UniRig/nodes/mia/model.py:743: UserWarning: enable_nested_tensor is True, but self.use_nested_tensor is False because encoder_layer.norm_first was True
  [ComfyUI] /workspaces/UniRig-1151/ComfyUI/custom_nodes/ComfyUI-UniRig/nodes/mia/model.py:743: UserWarning: enable_nested_tensor is True, but self.use_nested_tensor is False because encoder_layer.norm_first was True
  [ComfyUI]   self.layers = nn.TransformerEncoder(layer, num_layers=depth)
  [ComfyUI]   self.layers = nn.TransformerEncoder(layer, num_layers=depth)
  [ComfyUI] [worker:ComfyUI-UniRig] WARNING:   pose has 3 dtype mismatches after .to(): [('pose_head.mask_attn', torch.bool), ('pose_head.mask_parent', torch.bool), ('pose_head.tree_levels_mask', torch.bool)]
  [ComfyUI] [worker:ComfyUI-UniRig] WARNING:   pose has 3 dtype mismatches after .to(): [('pose_head.mask_attn', torch.bool), ('pose_head.mask_parent', torch.bool), ('pose_head.tree_levels_mask', torch.bool)]
  [ComfyUI] [SubprocessWorker] callback 'report_progress' from call_id=3
  [ComfyUI] [SubprocessWorker] callback 'report_progress' from call_id=3
  [ComfyUI] [SubprocessWorker] callback 'report_progress' from call_id=3
  [ComfyUI] [SubprocessWorker] callback 'report_progress' from call_id=3
  [ComfyUI] [SubprocessWorker] callback 'request_vram_budget' from call_id=3
  [ComfyUI] [SubprocessWorker] callback 'request_vram_budget' from call_id=3
  [ComfyUI] [comfy-env] VRAM request: 0.42GB, free before eviction: 7.79GB
  [ComfyUI] [comfy-env] VRAM request: 0.42GB, free before eviction: 7.79GB
  [ComfyUI] [comfy-env] VRAM after eviction: 7.79GB
  [ComfyUI] [comfy-env] VRAM after eviction: 7.79GB
  [ComfyUI] [worker:ComfyUI-UniRig] [VRAM] +405MB (now 405MB) reserved=416MB peak=405MB
  [ComfyUI] [worker:ComfyUI-UniRig] [VRAM] +405MB (now 405MB) reserved=416MB peak=405MB
  Frame 17 saved (frame_016.jpg, t=37.8s)
  [capture-periodic] freeze=46ms shot=207ms unfreeze=8ms saved=True
  [ComfyUI] [SubprocessWorker] callback 'report_progress' from call_id=3
  [ComfyUI] [SubprocessWorker] callback 'report_progress' from call_id=3
  [ComfyUI] [SubprocessWorker] callback 'request_vram_budget' from call_id=3
  [ComfyUI] [SubprocessWorker] callback 'request_vram_budget' from call_id=3
  [ComfyUI] [comfy-env] VRAM request: 0.42GB, free before eviction: 6.82GB
  [ComfyUI] [comfy-env] VRAM request: 0.42GB, free before eviction: 6.82GB
  [ComfyUI] [comfy-env] VRAM after eviction: 6.82GB
  [ComfyUI] [comfy-env] VRAM after eviction: 6.82GB
  [ComfyUI] [worker:ComfyUI-UniRig] [VRAM] +444MB (now 849MB) reserved=1408MB peak=849MB
  [ComfyUI] [worker:ComfyUI-UniRig] [VRAM] +444MB (now 849MB) reserved=1408MB peak=849MB
  [ComfyUI] [SubprocessWorker] callback 'request_vram_budget' from call_id=3
  [ComfyUI] [SubprocessWorker] callback 'request_vram_budget' from call_id=3
  [ComfyUI] [comfy-env] VRAM request: 0.53GB, free before eviction: 6.12GB
  [ComfyUI] [comfy-env] VRAM request: 0.53GB, free before eviction: 6.12GB
  [ComfyUI] [comfy-env] VRAM after eviction: 6.12GB
  [ComfyUI] [comfy-env] VRAM after eviction: 6.12GB
  [ComfyUI] [SubprocessWorker] callback 'request_vram_budget' from call_id=3
  [ComfyUI] [SubprocessWorker] callback 'request_vram_budget' from call_id=3
  [ComfyUI] [comfy-env] VRAM request: 0.53GB, free before eviction: 5.88GB
  [ComfyUI] [comfy-env] VRAM request: 0.53GB, free before eviction: 5.88GB
  [ComfyUI] [comfy-env] VRAM after eviction: 5.88GB
  [ComfyUI] [comfy-env] VRAM after eviction: 5.88GB
  [ComfyUI] [worker:ComfyUI-UniRig] [VRAM] +982MB (now 1832MB) reserved=2240MB peak=1832MB
  [ComfyUI] [worker:ComfyUI-UniRig] [VRAM] +982MB (now 1832MB) reserved=2240MB peak=1832MB
  [ComfyUI] [SubprocessWorker] callback 'report_progress' from call_id=3
  [ComfyUI] [SubprocessWorker] callback 'report_progress' from call_id=3
  Frame 18 saved (frame_017.jpg, t=40.2s)
  [capture-periodic] freeze=42ms shot=155ms unfreeze=10ms saved=True
  [ComfyUI] [SubprocessWorker] callback 'report_progress' from call_id=3
  [ComfyUI] [SubprocessWorker] callback 'report_progress' from call_id=3
  [ComfyUI] [worker:ComfyUI-UniRig] Exception in module unregister(): '_ops.py'
  [ComfyUI] [worker:ComfyUI-UniRig] Exception in module unregister(): '_ops.py'
  [ComfyUI] [worker:ComfyUI-UniRig] Traceback (most recent call last):
  [ComfyUI] [worker:ComfyUI-UniRig] Traceback (most recent call last):
  [ComfyUI] 
  [ComfyUI] 
  [ComfyUI] [worker:ComfyUI-UniRig]   File "/workspaces/UniRig-1151/ComfyUI/.ce/.pixi/envs/unirig-nodes/lib/python3.10/site-packages/bpy/3.6/scripts/modules/addon_utils.py", line 421, in disable
  [ComfyUI] [worker:ComfyUI-UniRig]   File "/workspaces/UniRig-1151/ComfyUI/.ce/.pixi/envs/unirig-nodes/lib/python3.10/site-packages/bpy/3.6/scripts/modules/addon_utils.py", line 421, in disable
  [ComfyUI]     mod.unregister()
  [ComfyUI]     mod.unregister()
  [ComfyUI] 
  [ComfyUI] 
  [ComfyUI] [worker:ComfyUI-UniRig] TypeError: '_OpNamespace' object is not callable
  [ComfyUI] [worker:ComfyUI-UniRig] TypeError: '_OpNamespace' object is not callable
  [ComfyUI] 
  [ComfyUI] 
  [ComfyUI] [worker:ComfyUI-UniRig] Exception in module unregister(): '_classes.py'
  [ComfyUI] [worker:ComfyUI-UniRig] Exception in module unregister(): '_classes.py'
  [ComfyUI] [worker:ComfyUI-UniRig] Traceback (most recent call last):
  [ComfyUI] [worker:ComfyUI-UniRig] Traceback (most recent call last):
  [ComfyUI] 
  [ComfyUI] 
  [ComfyUI] [worker:ComfyUI-UniRig]   File "/workspaces/UniRig-1151/ComfyUI/.ce/.pixi/envs/unirig-nodes/lib/python3.10/site-packages/bpy/3.6/scripts/modules/addon_utils.py", line 421, in disable
  [ComfyUI] [worker:ComfyUI-UniRig]   File "/workspaces/UniRig-1151/ComfyUI/.ce/.pixi/envs/unirig-nodes/lib/python3.10/site-packages/bpy/3.6/scripts/modules/addon_utils.py", line 421, in disable
  [ComfyUI]     mod.unregister()
  [ComfyUI]     mod.unregister()
  [ComfyUI] 
  [ComfyUI] 
  [ComfyUI] [worker:ComfyUI-UniRig] TypeError: '_ClassNamespace' object is not callable
  [ComfyUI] [worker:ComfyUI-UniRig] TypeError: '_ClassNamespace' object is not callable
  [ComfyUI] 
  [ComfyUI] 
  [ComfyUI] [worker:ComfyUI-UniRig] FBX version: 7400
  [ComfyUI] [worker:ComfyUI-UniRig] FBX version: 7400
  [ComfyUI] [worker:ComfyUI-UniRig] Data are loaded, start creating Blender stuff
  [ComfyUI] [worker:ComfyUI-UniRig] Data are loaded, start creating Blender stuff
  [ComfyUI] [worker:ComfyUI-UniRig] glTF import finished in 0.77s
  [ComfyUI] [worker:ComfyUI-UniRig] glTF import finished in 0.77s
  [capture-loop] iter=300 t=42.4s state={'complete': False, 'error': None, 'executedCount': 0, 'wsState': 1} eval_ms=21
  Frame 19 saved (frame_018.jpg, t=42.5s)
  [capture-periodic] freeze=34ms shot=170ms unfreeze=9ms saved=True
  Frame 20 saved (frame_019.jpg, t=44.8s)
  [capture-periodic] freeze=35ms shot=174ms unfreeze=6ms saved=True
  [capture-loop] iter=350 t=49.4s state={'complete': False, 'error': None, 'executedCount': 0, 'wsState': 1} eval_ms=37
  [ComfyUI] [worker:ComfyUI-UniRig]
  [ComfyUI] [worker:ComfyUI-UniRig]
  [ComfyUI] FBX export starting... '/workspaces/UniRig-1151/ComfyUI/output/rigatoni_mia.fbx'
  [ComfyUI] FBX export starting... '/workspaces/UniRig-1151/ComfyUI/output/rigatoni_mia.fbx'
  [ComfyUI] [worker:ComfyUI-UniRig] (bpy.data.armatures['Armature'], 'POSE')
  [ComfyUI] [worker:ComfyUI-UniRig] (bpy.data.armatures['Armature'], 'POSE')
  [capture-loop] iter=400 t=56.2s state={'complete': False, 'error': None, 'executedCount': 0, 'wsState': 1} eval_ms=3
  [ComfyUI] [worker:ComfyUI-UniRig] export finished in 5.2860 sec.
  [ComfyUI] [worker:ComfyUI-UniRig] export finished in 5.2860 sec.
  [ComfyUI] [worker:ComfyUI-UniRig] 11:56:50 | ERROR: Draco mesh compression is not available because library could not be found at /workspaces/UniRig-1151/ComfyUI/custom_nodes/ComfyUI-UniRig/3.6/python/lib/python3.10/site-packages/libextern_draco.so
  [ComfyUI] [worker:ComfyUI-UniRig] 11:56:50 | ERROR: Draco mesh compression is not available because library could not be found at /workspaces/UniRig-1151/ComfyUI/custom_nodes/ComfyUI-UniRig/3.6/python/lib/python3.10/site-packages/libextern_draco.so
  [ComfyUI] [worker:ComfyUI-UniRig] 11:56:50 | INFO: Starting glTF 2.0 export
  [ComfyUI] [worker:ComfyUI-UniRig] 11:56:50 | INFO: Starting glTF 2.0 export
  [ComfyUI] [worker:ComfyUI-UniRig] 11:56:50 | INFO: Extracting primitive: geometry_0
  [ComfyUI] [worker:ComfyUI-UniRig] 11:56:50 | INFO: Extracting primitive: geometry_0
  [ComfyUI] [worker:ComfyUI-UniRig]
  [ComfyUI] [worker:ComfyUI-UniRig]
  [ComfyUI] === WATCHDOG TICK 1 ===
  [ComfyUI] === WATCHDOG TICK 1 ===
  [ComfyUI] [worker:ComfyUI-UniRig] Thread 0x000078eb09171640 (most recent call first):
  [ComfyUI] [worker:ComfyUI-UniRig] Thread 0x000078eb09171640 (most recent call first):
  [ComfyUI]   File "/workspaces/UniRig-1151/ComfyUI/.ce/.pixi/envs/unirig-nodes/lib/python3.10/threading.py", line 324 in wait
  [ComfyUI]   File "/workspaces/UniRig-1151/ComfyUI/.ce/.pixi/envs/unirig-nodes/lib/python3.10/threading.py", line 324 in wait
  [ComfyUI]   File "/workspaces/UniRig-1151/ComfyUI/.ce/.pixi/envs/unirig-nodes/lib/python3.10/threading.py", line 607 in wait
  [ComfyUI]   File "/workspaces/UniRig-1151/ComfyUI/.ce/.pixi/envs/unirig-nodes/lib/python3.10/threading.py", line 607 in wait
  [ComfyUI]   File "/workspaces/UniRig-1151/ComfyUI/.ce/.pixi/envs/unirig-nodes/lib/python3.10/site-packages/tqdm/_monitor.py", line 60 in run
  [ComfyUI]   File "/workspaces/UniRig-1151/ComfyUI/.ce/.pixi/envs/unirig-nodes/lib/python3.10/site-packages/tqdm/_monitor.py", line 60 in run
  [ComfyUI]   File "/workspaces/UniRig-1151/ComfyUI/.ce/.pixi/envs/unirig-nodes/lib/python3.10/threading.py", line 1016 in _bootstrap_inner
  [ComfyUI]   File "/workspaces/UniRig-1151/ComfyUI/.ce/.pixi/envs/unirig-nodes/lib/python3.10/threading.py", line 1016 in _bootstrap_inner
  [ComfyUI]   File "/workspaces/UniRig-1151/ComfyUI/.ce/.pixi/envs/unirig-nodes/lib/python3.10/threading.py", line 973 in _bootstrap
  [ComfyUI]   File "/workspaces/UniRig-1151/ComfyUI/.ce/.pixi/envs/unirig-nodes/lib/python3.10/threading.py", line 973 in _bootstrap
  [ComfyUI] 
  [ComfyUI] 
  [ComfyUI] Thread 0x000078eb09972640 (most recent call first):
  [ComfyUI] Thread 0x000078eb09972640 (most recent call first):
  [ComfyUI]   File "/workspaces/UniRig-1151/ComfyUI/.ce/.pixi/envs/unirig-nodes/lib/python3.10/threading.py", line 324 in wait
  [ComfyUI]   File "/workspaces/UniRig-1151/ComfyUI/.ce/.pixi/envs/unirig-nodes/lib/python3.10/threading.py", line 324 in wait
  [ComfyUI]   File "/workspaces/UniRig-1151/ComfyUI/.ce/.pixi/envs/unirig-nodes/lib/python3.10/threading.py", line 607 in wait
  [ComfyUI]   File "/workspaces/UniRig-1151/ComfyUI/.ce/.pixi/envs/unirig-nodes/lib/python3.10/threading.py", line 607 in wait
  [ComfyUI]   File "/workspaces/UniRig-1151/ComfyUI/.ce/.pixi/envs/unirig-nodes/lib/python3.10/site-packages/tqdm/_monitor.py", line 60 in run
  [ComfyUI]   File "/workspaces/UniRig-1151/ComfyUI/.ce/.pixi/envs/unirig-nodes/lib/python3.10/site-packages/tqdm/_monitor.py", line 60 in run
  [ComfyUI]   File "/workspaces/UniRig-1151/ComfyUI/.ce/.pixi/envs/unirig-nodes/lib/python3.10/threading.py", line 1016 in _bootstrap_inner
  [ComfyUI]   File "/workspaces/UniRig-1151/ComfyUI/.ce/.pixi/envs/unirig-nodes/lib/python3.10/threading.py", line 1016 in _bootstrap_inner
  [ComfyUI]   File "/workspaces/UniRig-1151/ComfyUI/.ce/.pixi/envs/unirig-nodes/lib/python3.10/threading.py", line 973 in _bootstrap
  [ComfyUI]   File "/workspaces/UniRig-1151/ComfyUI/.ce/.pixi/envs/unirig-nodes/lib/python3.10/threading.py", line 973 in _bootstrap
  [ComfyUI] 
  [ComfyUI] 
  [ComfyUI] Thread 0x000078eb0a173640 (most recent call first):
  [ComfyUI] Thread 0x000078eb0a173640 (most recent call first):
  [ComfyUI]   File "/workspaces/UniRig-1151/ComfyUI/.ce/.pixi/envs/unirig-nodes/lib/python3.10/threading.py", line 324 in wait
  [ComfyUI]   File "/workspaces/UniRig-1151/ComfyUI/.ce/.pixi/envs/unirig-nodes/lib/python3.10/threading.py", line 324 in wait
  [ComfyUI]   File "/workspaces/UniRig-1151/ComfyUI/.ce/.pixi/envs/unirig-nodes/lib/python3.10/threading.py", line 607 in wait
  [ComfyUI]   File "/workspaces/UniRig-1151/ComfyUI/.ce/.pixi/envs/unirig-nodes/lib/python3.10/threading.py", line 607 in wait
  [ComfyUI]   File "/workspaces/UniRig-1151/ComfyUI/.ce/.pixi/envs/unirig-nodes/lib/python3.10/site-packages/tqdm/_monitor.py", line 60 in run
  [ComfyUI]   File "/workspaces/UniRig-1151/ComfyUI/.ce/.pixi/envs/unirig-nodes/lib/python3.10/site-packages/tqdm/_monitor.py", line 60 in run
  [ComfyUI]   File "/workspaces/UniRig-1151/ComfyUI/.ce/.pixi/envs/unirig-nodes/lib/python3.10/threading.py", line 1016 in _bootstrap_inner
  [ComfyUI]   File "/workspaces/UniRig-1151/ComfyUI/.ce/.pixi/envs/unirig-nodes/lib/python3.10/threading.py", line 1016 in _bootstrap_inner
  [ComfyUI]   File "/workspaces/UniRig-1151/ComfyUI/.ce/.pixi/envs/unirig-nodes/lib/python3.10/threading.py", line 973 in _bootstrap
  [ComfyUI]   File "/workspaces/UniRig-1151/ComfyUI/.ce/.pixi/envs/unirig-nodes/lib/python3.10/threading.py", line 973 in _bootstrap
  [ComfyUI] 
  [ComfyUI] 
  [ComfyUI] Thread 0x000078eb30889640 (most recent call first):
  [ComfyUI] Thread 0x000078eb30889640 (most recent call first):
  [ComfyUI]   File "/workspaces/UniRig-1151/ComfyUI/.ce/.pixi/envs/unirig-nodes/lib/python3.10/threading.py", line 324 in wait
  [ComfyUI]   File "/workspaces/UniRig-1151/ComfyUI/.ce/.pixi/envs/unirig-nodes/lib/python3.10/threading.py", line 324 in wait
  [ComfyUI]   File "/workspaces/UniRig-1151/ComfyUI/.ce/.pixi/envs/unirig-nodes/lib/python3.10/threading.py", line 607 in wait
  [ComfyUI]   File "/workspaces/UniRig-1151/ComfyUI/.ce/.pixi/envs/unirig-nodes/lib/python3.10/threading.py", line 607 in wait
  [ComfyUI]   File "/workspaces/UniRig-1151/ComfyUI/.ce/.pixi/envs/unirig-nodes/lib/python3.10/site-packages/tqdm/_monitor.py", line 60 in run
  [ComfyUI]   File "/workspaces/UniRig-1151/ComfyUI/.ce/.pixi/envs/unirig-nodes/lib/python3.10/site-packages/tqdm/_monitor.py", line 60 in run
  [ComfyUI]   File "/workspaces/UniRig-1151/ComfyUI/.ce/.pixi/envs/unirig-nodes/lib/python3.10/threading.py", line 1016 in _bootstrap_inner
  [ComfyUI]   File "/workspaces/UniRig-1151/ComfyUI/.ce/.pixi/envs/unirig-nodes/lib/python3.10/threading.py", line 1016 in _bootstrap_inner
  [ComfyUI]   File "/workspaces/UniRig-1151/ComfyUI/.ce/.pixi/envs/unirig-nodes/lib/python3.10/threading.py", line 973 in _bootstrap
  [ComfyUI]   File "/workspaces/UniRig-1151/ComfyUI/.ce/.pixi/envs/unirig-nodes/lib/python3.10/threading.py", line 973 in _bootstrap
  [ComfyUI] 
  [ComfyUI] 
  [ComfyUI] Thread 0x000078eb5e954640 (most recent call first):
  [ComfyUI] Thread 0x000078eb5e954640 (most recent call first):
  [ComfyUI]   File "/workspaces/UniRig-1151/ComfyUI/.ce/.pixi/envs/unirig-nodes/lib/python3.10/threading.py", line 324 in wait
  [ComfyUI]   File "/workspaces/UniRig-1151/ComfyUI/.ce/.pixi/envs/unirig-nodes/lib/python3.10/threading.py", line 324 in wait
  [ComfyUI]   File "/workspaces/UniRig-1151/ComfyUI/.ce/.pixi/envs/unirig-nodes/lib/python3.10/threading.py", line 607 in wait
  [ComfyUI]   File "/workspaces/UniRig-1151/ComfyUI/.ce/.pixi/envs/unirig-nodes/lib/python3.10/threading.py", line 607 in wait
  [ComfyUI]   File "/workspaces/UniRig-1151/ComfyUI/.ce/.pixi/envs/unirig-nodes/lib/python3.10/site-packages/tqdm/_monitor.py", line 60 in run
  [ComfyUI]   File "/workspaces/UniRig-1151/ComfyUI/.ce/.pixi/envs/unirig-nodes/lib/python3.10/site-packages/tqdm/_monitor.py", line 60 in run
  [ComfyUI]   File "/workspaces/UniRig-1151/ComfyUI/.ce/.pixi/envs/unirig-nodes/lib/python3.10/threading.py", line 1016 in _bootstrap_inner
  [ComfyUI]   File "/workspaces/UniRig-1151/ComfyUI/.ce/.pixi/envs/unirig-nodes/lib/python3.10/threading.py", line 1016 in _bootstrap_inner
  [ComfyUI]   File "/workspaces/UniRig-1151/ComfyUI/.ce/.pixi/envs/unirig-nodes/lib/python3.10/threading.py", line 973 in _bootstrap
  [ComfyUI]   File "/workspaces/UniRig-1151/ComfyUI/.ce/.pixi/envs/unirig-nodes/lib/python3.10/threading.py", line 973 in _bootstrap
  [ComfyUI] 
  [ComfyUI] 
  [ComfyUI] Thread 0x000078ef4bfff640 (most recent call first):
  [ComfyUI] Thread 0x000078ef4bfff640 (most recent call first):
  [ComfyUI]   File "/tmp/comfyui_pvenv_68se9rwq/persistent_worker.py", line 106 in _vram_poller
  [ComfyUI]   File "/tmp/comfyui_pvenv_68se9rwq/persistent_worker.py", line 106 in _vram_poller
  [ComfyUI]   File "/workspaces/UniRig-1151/ComfyUI/.ce/.pixi/envs/unirig-nodes/lib/python3.10/threading.py", line 953 in run
  [ComfyUI]   File "/workspaces/UniRig-1151/ComfyUI/.ce/.pixi/envs/unirig-nodes/lib/python3.10/threading.py", line 953 in run
  [ComfyUI]   File "/workspaces/UniRig-1151/ComfyUI/.ce/.pixi/envs/unirig-nodes/lib/python3.10/threading.py", line 1016 in _bootstrap_inner
  [ComfyUI]   File "/workspaces/UniRig-1151/ComfyUI/.ce/.pixi/envs/unirig-nodes/lib/python3.10/threading.py", line 1016 in _bootstrap_inner
  [ComfyUI]   File "/workspaces/UniRig-1151/ComfyUI/.ce/.pixi/envs/unirig-nodes/lib/python3.10/threading.py", line 973 in _bootstrap
  [ComfyUI]   File "/workspaces/UniRig-1151/ComfyUI/.ce/.pixi/envs/unirig-nodes/lib/python3.10/threading.py", line 973 in _bootstrap
  [ComfyUI] 
  [ComfyUI] 
  [ComfyUI] Current thread 0x000078ef50b5e640 (most recent call first):
  [ComfyUI] Current thread 0x000078ef50b5e640 (most recent call first):
  [ComfyUI]   File "/tmp/comfyui_pvenv_68se9rwq/persistent_worker.py", line 52 in _watchdog
  [ComfyUI]   File "/tmp/comfyui_pvenv_68se9rwq/persistent_worker.py", line 52 in _watchdog
  [ComfyUI]   File "/workspaces/UniRig-1151/ComfyUI/.ce/.pixi/envs/unirig-nodes/lib/python3.10/threading.py", line 953 in run
  [ComfyUI]   File "/workspaces/UniRig-1151/ComfyUI/.ce/.pixi/envs/unirig-nodes/lib/python3.10/threading.py", line 953 in run
  [ComfyUI]   File "/workspaces/UniRig-1151/ComfyUI/.ce/.pixi/envs/unirig-nodes/lib/python3.10/threading.py", line 1016 in _bootstrap_inner
  [ComfyUI]   File "/workspaces/UniRig-1151/ComfyUI/.ce/.pixi/envs/unirig-nodes/lib/python3.10/threading.py", line 1016 in _bootstrap_inner
  [ComfyUI]   File "/workspaces/UniRig-1151/ComfyUI/.ce/.pixi/envs/unirig-nodes/lib/python3.10/threading.py", line 973 in _bootstrap
  [ComfyUI]   File "/workspaces/UniRig-1151/ComfyUI/.ce/.pixi/envs/unirig-nodes/lib/python3.10/threading.py", line 973 in _bootstrap
  [ComfyUI] 
  [ComfyUI] 
  [ComfyUI] Thread 0x000078ef51134740 (most recent call first):
  [ComfyUI] Thread 0x000078ef51134740 (most recent call first):
  [ComfyUI]   File "/workspaces/UniRig-1151/ComfyUI/.ce/.pixi/envs/unirig-nodes/lib/python3.10/site-packages/numpy/lib/_arraysetops_impl.py", line 345 in _unique1d
  [ComfyUI]   File "/workspaces/UniRig-1151/ComfyUI/.ce/.pixi/envs/unirig-nodes/lib/python3.10/site-packages/numpy/lib/_arraysetops_impl.py", line 345 in _unique1d
  [ComfyUI]   File "/workspaces/UniRig-1151/ComfyUI/.ce/.pixi/envs/unirig-nodes/lib/python3.10/site-packages/numpy/lib/_arraysetops_impl.py", line 286 in unique
  [ComfyUI]   File "/workspaces/UniRig-1151/ComfyUI/.ce/.pixi/envs/unirig-nodes/lib/python3.10/site-packages/numpy/lib/_arraysetops_impl.py", line 286 in unique
  [ComfyUI]   File "/workspaces/UniRig-1151/ComfyUI/.ce/.pixi/envs/unirig-nodes/lib/python3.10/site-packages/bpy/3.6/scripts/addons/io_scene_gltf2/blender/exp/gltf2_blender_gather_primitives_extract.py", line 388 in primitive_creation
  [ComfyUI]   File "/workspaces/UniRig-1151/ComfyUI/.ce/.pixi/envs/unirig-nodes/lib/python3.10/site-packages/bpy/3.6/scripts/addons/io_scene_gltf2/blender/exp/gltf2_blender_gather_primitives_extract.py", line 388 in primitive_creation
  [ComfyUI]   File "/workspaces/UniRig-1151/ComfyUI/.ce/.pixi/envs/unirig-nodes/lib/python3.10/site-packages/bpy/3.6/scripts/addons/io_scene_gltf2/blender/exp/gltf2_blender_gather_primitives_extract.py", line 24 in extract_primitives
  [ComfyUI]   File "/workspaces/UniRig-1151/ComfyUI/.ce/.pixi/envs/unirig-nodes/lib/python3.10/site-packages/bpy/3.6/scripts/addons/io_scene_gltf2/blender/exp/gltf2_blender_gather_primitives_extract.py", line 24 in extract_primitives
  [ComfyUI]   File "/workspaces/UniRig-1151/ComfyUI/.ce/.pixi/envs/unirig-nodes/lib/python3.10/site-packages/bpy/3.6/scripts/addons/io_scene_gltf2/blender/exp/gltf2_blender_gather_primitives.py", line 131 in __gather_cache_primitives
  [ComfyUI]   File "/workspaces/UniRig-1151/ComfyUI/.ce/.pixi/envs/unirig-nodes/lib/python3.10/site-packages/bpy/3.6/scripts/addons/io_scene_gltf2/blender/exp/gltf2_blender_gather_primitives.py", line 131 in __gather_cache_primitives
  [ComfyUI]   File "/workspaces/UniRig-1151/ComfyUI/.ce/.pixi/envs/unirig-nodes/lib/python3.10/site-packages/bpy/3.6/scripts/addons/io_scene_gltf2/blender/exp/gltf2_blender_gather_cache.py", line 35 in wrapper_cached
  [ComfyUI]   File "/workspaces/UniRig-1151/ComfyUI/.ce/.pixi/envs/unirig-nodes/lib/python3.10/site-packages/bpy/3.6/scripts/addons/io_scene_gltf2/blender/exp/gltf2_blender_gather_cache.py", line 35 in wrapper_cached
  [ComfyUI]   File "/workspaces/UniRig-1151/ComfyUI/.ce/.pixi/envs/unirig-nodes/lib/python3.10/site-packages/bpy/3.6/scripts/addons/io_scene_gltf2/blender/exp/gltf2_blender_gather_primitives.py", line 63 in gather_primitives
  [ComfyUI]   File "/workspaces/UniRig-1151/ComfyUI/.ce/.pixi/envs/unirig-nodes/lib/python3.10/site-packages/bpy/3.6/scripts/addons/io_scene_gltf2/blender/exp/gltf2_blender_gather_primitives.py", line 63 in gather_primitives
  [ComfyUI]   File "/workspaces/UniRig-1151/ComfyUI/.ce/.pixi/envs/unirig-nodes/lib/python3.10/site-packages/bpy/3.6/scripts/addons/io_scene_gltf2/blender/exp/gltf2_blender_gather_cache.py", line 35 in wrapper_cached
  [ComfyUI]   File "/workspaces/UniRig-1151/ComfyUI/.ce/.pixi/envs/unirig-nodes/lib/python3.10/site-packages/bpy/3.6/scripts/addons/io_scene_gltf2/blender/exp/gltf2_blender_gather_cache.py", line 35 in wrapper_cached
  [ComfyUI]   File "/workspaces/UniRig-1151/ComfyUI/.ce/.pixi/envs/unirig-nodes/lib/python3.10/site-packages/bpy/3.6/scripts/addons/io_scene_gltf2/blender/exp/gltf2_blender_gather_mesh.py", line 134 in __gather_primitives
  [ComfyUI]   File "/workspaces/UniRig-1151/ComfyUI/.ce/.pixi/envs/unirig-nodes/lib/python3.10/site-packages/bpy/3.6/scripts/addons/io_scene_gltf2/blender/exp/gltf2_blender_gather_mesh.py", line 134 in __gather_primitives
  [ComfyUI]   File "/workspaces/UniRig-1151/ComfyUI/.ce/.pixi/envs/unirig-nodes/lib/python3.10/site-packages/bpy/3.6/scripts/addons/io_scene_gltf2/blender/exp/gltf2_blender_gather_mesh.py", line 57 in gather_mesh
  [ComfyUI]   File "/workspaces/UniRig-1151/ComfyUI/.ce/.pixi/envs/unirig-nodes/lib/python3.10/site-packages/bpy/3.6/scripts/addons/io_scene_gltf2/blender/exp/gltf2_blender_gather_mesh.py", line 57 in gather_mesh
  [ComfyUI]   File "/workspaces/UniRig-1151/ComfyUI/.ce/.pixi/envs/unirig-nodes/lib/python3.10/site-packages/bpy/3.6/scripts/addons/io_scene_gltf2/blender/exp/gltf2_blender_gather_cache.py", line 35 in wrapper_cached
  [ComfyUI]   File "/workspaces/UniRig-1151/ComfyUI/.ce/.pixi/envs/unirig-nodes/lib/python3.10/site-packages/bpy/3.6/scripts/addons/io_scene_gltf2/blender/exp/gltf2_blender_gather_cache.py", line 35 in wrapper_cached
  [ComfyUI]   File "/workspaces/UniRig-1151/ComfyUI/.ce/.pixi/envs/unirig-nodes/lib/python3.10/site-packages/bpy/3.6/scripts/addons/io_scene_gltf2/blender/exp/gltf2_blender_gather_nodes.py", line 242 in __gather_mesh
  [ComfyUI]   File "/workspaces/UniRig-1151/ComfyUI/.ce/.pixi/envs/unirig-nodes/lib/python3.10/site-packages/bpy/3.6/scripts/addons/io_scene_gltf2/blender/exp/gltf2_blender_gather_nodes.py", line 242 in __gather_mesh
  [ComfyUI]   File "/workspaces/UniRig-1151/ComfyUI/.ce/.pixi/envs/unirig-nodes/lib/python3.10/site-packages/bpy/3.6/scripts/addons/io_scene_gltf2/blender/exp/gltf2_blender_gather_nodes.py", line 34 in gather_node
  [ComfyUI]   File "/workspaces/UniRig-1151/ComfyUI/.ce/.pixi/envs/unirig-nodes/lib/python3.10/site-packages/bpy/3.6/scripts/addons/io_scene_gltf2/blender/exp/gltf2_blender_gather_nodes.py", line 34 in gather_node
  [ComfyUI]   File "/workspaces/UniRig-1151/ComfyUI/.ce/.pixi/envs/unirig-nodes/lib/python3.10/site-packages/bpy/3.6/scripts/addons/io_scene_gltf2/blender/exp/gltf2_blender_gather_nodes.py", line 69 in __gather_children
  [ComfyUI]   File "/workspaces/UniRig-1151/ComfyUI/.ce/.pixi/envs/unirig-nodes/lib/python3.10/site-packages/bpy/3.6/scripts/addons/io_scene_gltf2/blender/exp/gltf2_blender_gather_nodes.py", line 69 in __gather_children
  [ComfyUI]   File "/workspaces/UniRig-1151/ComfyUI/.ce/.pixi/envs/unirig-nodes/lib/python3.10/site-packages/bpy/3.6/scripts/addons/io_scene_gltf2/blender/exp/gltf2_blender_gather_nodes.py", line 30 in gather_node
  [ComfyUI]   File "/workspaces/UniRig-1151/ComfyUI/.ce/.pixi/envs/unirig-nodes/lib/python3.10/site-packages/bpy/3.6/scripts/addons/io_scene_gltf2/blender/exp/gltf2_blender_gather_nodes.py", line 30 in gather_node
  [ComfyUI]   File "/workspaces/UniRig-1151/ComfyUI/.ce/.pixi/envs/unirig-nodes/lib/python3.10/site-packages/bpy/3.6/scripts/addons/io_scene_gltf2/blender/exp/gltf2_blender_gather.py", line 69 in __gather_scene
  [ComfyUI]   File "/workspaces/UniRig-1151/ComfyUI/.ce/.pixi/envs/unirig-nodes/lib/python3.10/site-packages/bpy/3.6/scripts/addons/io_scene_gltf2/blender/exp/gltf2_blender_gather.py", line 69 in __gather_scene
  [ComfyUI]   File "/workspaces/UniRig-1151/ComfyUI/.ce/.pixi/envs/unirig-nodes/lib/python3.10/site-packages/bpy/3.6/scripts/addons/io_scene_gltf2/blender/exp/gltf2_blender_gather_cache.py", line 35 in wrapper_cached
  [ComfyUI]   File "/workspaces/UniRig-1151/ComfyUI/.ce/.pixi/envs/unirig-nodes/lib/python3.10/site-packages/bpy/3.6/scripts/addons/io_scene_gltf2/blender/exp/gltf2_blender_gather_cache.py", line 35 in wrapper_cached
  [ComfyUI]   File "/workspaces/UniRig-1151/ComfyUI/.ce/.pixi/envs/unirig-nodes/lib/python3.10/site-packages/bpy/3.6/scripts/addons/io_scene_gltf2/blender/exp/gltf2_blender_gather.py", line 28 in gather_gltf2
  [ComfyUI]   File "/workspaces/UniRig-1151/ComfyUI/.ce/.pixi/envs/unirig-nodes/lib/python3.10/site-packages/bpy/3.6/scripts/addons/io_scene_gltf2/blender/exp/gltf2_blender_gather.py", line 28 in gather_gltf2
  [ComfyUI]   File "/workspaces/UniRig-1151/ComfyUI/.ce/.pixi/envs/unirig-nodes/lib/python3.10/site-packages/bpy/3.6/scripts/addons/io_scene_gltf2/blender/exp/gltf2_blender_export.py", line 65 in __gather_gltf
  [ComfyUI]   File "/workspaces/UniRig-1151/ComfyUI/.ce/.pixi/envs/unirig-nodes/lib/python3.10/site-packages/bpy/3.6/scripts/addons/io_scene_gltf2/blender/exp/gltf2_blender_export.py", line 65 in __gather_gltf
  [ComfyUI]   File "/workspaces/UniRig-1151/ComfyUI/.ce/.pixi/envs/unirig-nodes/lib/python3.10/site-packages/bpy/3.6/scripts/addons/io_scene_gltf2/blender/exp/gltf2_blender_export.py", line 51 in __export
  [ComfyUI]   File "/workspaces/UniRig-1151/ComfyUI/.ce/.pixi/envs/unirig-nodes/lib/python3.10/site-packages/bpy/3.6/scripts/addons/io_scene_gltf2/blender/exp/gltf2_blender_export.py", line 51 in __export
  [ComfyUI]   File "/workspaces/UniRig-1151/ComfyUI/.ce/.pixi/envs/unirig-nodes/lib/python3.10/site-packages/bpy/3.6/scripts/addons/io_scene_gltf2/blender/exp/gltf2_blender_export.py", line 34 in save
  [ComfyUI]   File "/workspaces/UniRig-1151/ComfyUI/.ce/.pixi/envs/unirig-nodes/lib/python3.10/site-packages/bpy/3.6/scripts/addons/io_scene_gltf2/blender/exp/gltf2_blender_export.py", line 34 in save
  [ComfyUI]   File "/workspaces/UniRig-1151/ComfyUI/.ce/.pixi/envs/unirig-nodes/lib/python3.10/site-packages/bpy/3.6/scripts/addons/io_scene_gltf2/__init__.py", line 852 in execute
  [ComfyUI]   File "/workspaces/UniRig-1151/ComfyUI/.ce/.pixi/envs/unirig-nodes/lib/python3.10/site-packages/bpy/3.6/scripts/addons/io_scene_gltf2/__init__.py", line 852 in execute
  [ComfyUI]   File "/workspaces/UniRig-1151/ComfyUI/.ce/.pixi/envs/unirig-nodes/lib/python3.10/site-packages/bpy/3.6/scripts/modules/bpy/ops.py", line 113 in __call__
  [ComfyUI]   File "/workspaces/UniRig-1151/ComfyUI/.ce/.pixi/envs/unirig-nodes/lib/python3.10/site-packages/bpy/3.6/scripts/modules/bpy/ops.py", line 113 in __call__
  [ComfyUI]   File "/workspaces/UniRig-1151/ComfyUI/custom_nodes/ComfyUI-UniRig/nodes/mia_inference.py", line 647 in _export_mia_fbx_direct
  [ComfyUI]   File "/workspaces/UniRig-1151/ComfyUI/custom_nodes/ComfyUI-UniRig/nodes/mia_inference.py", line 647 in _export_mia_fbx_direct
  [ComfyUI]   File "/workspaces/UniRig-1151/ComfyUI/custom_nodes/ComfyUI-UniRig/nodes/mia_inference.py", line 815 in _export_mia_fbx
  [ComfyUI]   File "/workspaces/UniRig-1151/ComfyUI/custom_nodes/ComfyUI-UniRig/nodes/mia_inference.py", line 815 in _export_mia_fbx
  [ComfyUI]   File "/workspaces/UniRig-1151/ComfyUI/custom_nodes/ComfyUI-UniRig/nodes/mia_inference.py", line 390 in run_mia_inference
  [ComfyUI]   File "/workspaces/UniRig-1151/ComfyUI/custom_nodes/ComfyUI-UniRig/nodes/mia_inference.py", line 390 in run_mia_inference
  [ComfyUI]   File "/workspaces/UniRig-1151/ComfyUI/custom_nodes/ComfyUI-UniRig/nodes/mia_auto_rig.py", line 120 in execute
  [ComfyUI]   File "/workspaces/UniRig-1151/ComfyUI/custom_nodes/ComfyUI-UniRig/nodes/mia_auto_rig.py", line 120 in execute
  [ComfyUI]   File "/workspaces/UniRig-1151/ComfyUI/comfy_api/latest/_io.py", line 1833 in EXECUTE_NORMALIZED
  [ComfyUI]   File "/workspaces/UniRig-1151/ComfyUI/comfy_api/latest/_io.py", line 1833 in EXECUTE_NORMALIZED
  [ComfyUI]   File "/tmp/comfyui_pvenv_68se9rwq/persistent_worker.py", line 1762 in main
  [ComfyUI]   File "/tmp/comfyui_pvenv_68se9rwq/persistent_worker.py", line 1762 in main
  [ComfyUI]   File "/tmp/comfyui_pvenv_68se9rwq/persistent_worker.py", line 1807 in <module>
  [ComfyUI]   File "/tmp/comfyui_pvenv_68se9rwq/persistent_worker.py", line 1807 in <module>
  [ComfyUI] 
  [ComfyUI] 
  [ComfyUI] [worker:ComfyUI-UniRig] === END ===
  [ComfyUI] [worker:ComfyUI-UniRig] === END ===
  [ComfyUI] 
  [ComfyUI] 
  [capture-loop] iter=450 t=63.0s state={'complete': False, 'error': None, 'executedCount': 0, 'wsState': 1} eval_ms=25
  [ComfyUI] [worker:ComfyUI-UniRig] 11:56:57 | INFO: Primitives created: 1
  [ComfyUI] [worker:ComfyUI-UniRig] 11:56:57 | INFO: Primitives created: 1
  [ComfyUI] [worker:ComfyUI-UniRig] 11:56:58 | INFO: Finished glTF 2.0 export in 8.073439121246338 s
  [ComfyUI] [worker:ComfyUI-UniRig] 11:56:58 | INFO: Finished glTF 2.0 export in 8.073439121246338 s
  [ComfyUI] [worker:ComfyUI-UniRig]
  [ComfyUI] [worker:ComfyUI-UniRig]
  [ComfyUI] [SubprocessWorker] callback 'report_progress' from call_id=3
  [ComfyUI] [SubprocessWorker] callback 'report_progress' from call_id=3
  [ComfyUI] [SubprocessWorker] callback 'report_progress' from call_id=3
  [ComfyUI] [SubprocessWorker] callback 'report_progress' from call_id=3
  [ComfyUI] [SubprocessWorker] got response: ok
  [ComfyUI] [SubprocessWorker] got response: ok
  [ComfyUI] [comfy-env] Created 6 model patchers: ['PCAE_1', 'PCAE_2', 'PCAE_3', 'TransformerEncoder_4', 'PCAE_5', 'TransformerEncoder_6']
  [ComfyUI] [comfy-env] Created 6 model patchers: ['PCAE_1', 'PCAE_2', 'PCAE_3', 'TransformerEncoder_4', 'PCAE_5', 'TransformerEncoder_6']
  [ComfyUI] [comfy-env] MIAAutoRig done (60.39s): result: NodeOutput
  [ComfyUI] [comfy-env] MIAAutoRig done (60.39s): result: NodeOutput
  [ComfyUI] [VRAM] After MIAAutoRig: 2608 / 7703 MB
  [ComfyUI] [VRAM] After MIAAutoRig: 2608 / 7703 MB
  [ComfyUI] [VRAM] Loaded: SubprocessModel (96 MB), SubprocessModel (501 MB), SubprocessModel (96 MB), SubprocessModel (501 MB), SubprocessModel (404 MB), SubprocessModel (404 MB)
  [ComfyUI] [VRAM] Loaded: SubprocessModel (96 MB), SubprocessModel (501 MB), SubprocessModel (96 MB), SubprocessModel (501 MB), SubprocessModel (404 MB), SubprocessModel (404 MB)
  [ComfyUI] [comfy-env] Running UniRigPreviewRiggedMesh: fbx_output_path: '/workspaces/UniRig-1151/ComfyUI/output/rigatoni_mia.fbx'
  [ComfyUI] [comfy-env] Running UniRigPreviewRiggedMesh: fbx_output_path: '/workspaces/UniRig-1151/ComfyUI/output/rigatoni_mia.fbx'
  [ComfyUI] [VRAM] Before UniRigPreviewRiggedMesh: 2608 / 7703 MB
  [ComfyUI] [VRAM] Before UniRigPreviewRiggedMesh: 2608 / 7703 MB
  [ComfyUI] [VRAM] Loaded: SubprocessModel (96 MB), SubprocessModel (501 MB), SubprocessModel (96 MB), SubprocessModel (501 MB), SubprocessModel (404 MB), SubprocessModel (404 MB)
  [ComfyUI] [VRAM] Loaded: SubprocessModel (96 MB), SubprocessModel (501 MB), SubprocessModel (96 MB), SubprocessModel (501 MB), SubprocessModel (404 MB), SubprocessModel (404 MB)
  [ComfyUI] [SubprocessWorker] call_method: nodes.skeleton_io.UniRigPreviewRiggedMesh.EXECUTE_NORMALIZED
  [ComfyUI] [SubprocessWorker] call_method: nodes.skeleton_io.UniRigPreviewRiggedMesh.EXECUTE_NORMALIZED
  [ComfyUI] [SubprocessWorker] acquired lock, ensuring started...
  [ComfyUI] [SubprocessWorker] acquired lock, ensuring started...
  [ComfyUI] [ComfyUI-UniRig] Health check: ping (timeout=5.0s)...
  [ComfyUI] [ComfyUI-UniRig] Health check: ping (timeout=5.0s)...
  [ComfyUI] [ComfyUI-UniRig] Health check: ok
  [ComfyUI] [ComfyUI-UniRig] Health check: ok
  [ComfyUI] [SubprocessWorker] worker started/confirmed
  [ComfyUI] [SubprocessWorker] worker started/confirmed
  [ComfyUI] [SubprocessWorker] serializing kwargs to shm...
  [ComfyUI] [SubprocessWorker] serializing kwargs to shm...
  [ComfyUI] [SubprocessWorker] created 0 shm blocks
  [ComfyUI] [SubprocessWorker] created 0 shm blocks
  [ComfyUI] [SubprocessWorker] sending request via socket...
  [ComfyUI] [SubprocessWorker] sending request via socket...
  [ComfyUI] [SubprocessWorker] call_id=4 sending call_method
  [ComfyUI] [SubprocessWorker] call_id=4 sending call_method
  [ComfyUI] [SubprocessWorker] got response: ok
  [ComfyUI] [SubprocessWorker] got response: ok
  [ComfyUI] [comfy-env] UniRigPreviewRiggedMesh done (0.01s): result: NodeOutput
  [ComfyUI] [comfy-env] UniRigPreviewRiggedMesh done (0.01s): result: NodeOutput
  [ComfyUI] [VRAM] After UniRigPreviewRiggedMesh: 2608 / 7703 MB
  [ComfyUI] [VRAM] After UniRigPreviewRiggedMesh: 2608 / 7703 MB
  [ComfyUI] [VRAM] Loaded: SubprocessModel (96 MB), SubprocessModel (501 MB), SubprocessModel (96 MB), SubprocessModel (501 MB), SubprocessModel (404 MB), SubprocessModel (404 MB)
  [ComfyUI] [VRAM] Loaded: SubprocessModel (96 MB), SubprocessModel (501 MB), SubprocessModel (96 MB), SubprocessModel (501 MB), SubprocessModel (404 MB), SubprocessModel (404 MB)
  [ComfyUI] Prompt executed in 65.28 seconds
  [ComfyUI] Prompt executed in 65.28 seconds
  Node executed (1 total), capturing...
  Frame 21 saved (frame_020.jpg, t=66.1s)
  [capture-node] freeze=33ms shot=220ms unfreeze=6261ms saved=True
  Execution complete (t=73.5s)
  Captured 21 unique frames over 73.91s
  [debug] iframes: 1
  [debug]   iframe[0]: src=http://127.0.0.1:41892/extensions/ComfyUI-UniRig/viewer_fbx.html?v=1778327748922, canvas=1634x1420, rafFrozen=False
  [timing] trigger_3d_previews: 0.3s
  Saved high-quality screenshot: mia_humanoid_executed.png
  [timing] final_screenshot: 0.9s
    Captured 22 video frames