Capturing execution frames: unirig_humanoid.json
  Frame 1 saved (frame_000.jpg, t=0.0s)
  Validating workflow...
  [ComfyUI] === /validate endpoint called ===
  [ComfyUI] === /validate endpoint called ===
  [ComfyUI] === /validate endpoint called ===
  [ComfyUI] === /validate endpoint called ===
  [ComfyUI] Received JSON with keys: ['prompt']
  [ComfyUI] Received JSON with keys: ['prompt']
  [ComfyUI] Received JSON with keys: ['prompt']
  [ComfyUI] Received JSON with keys: ['prompt']
  [ComfyUI] Prompt has 4 nodes
  [ComfyUI] Prompt has 4 nodes
  [ComfyUI] Prompt has 4 nodes
  [ComfyUI] Prompt has 4 nodes
  [ComfyUI]   Node 10: UniRigPreviewRiggedMesh
  [ComfyUI]   Node 10: UniRigPreviewRiggedMesh
  [ComfyUI]   Node 10: UniRigPreviewRiggedMesh
  [ComfyUI]   Node 10: UniRigPreviewRiggedMesh
  [ComfyUI]     Inputs: {"fbx_output_path": ["39", 0], "preview": ""}
  [ComfyUI]     Inputs: {"fbx_output_path": ["39", 0], "preview": ""}
  [ComfyUI]     Inputs: {"fbx_output_path": ["39", 0], "preview": ""}
  [ComfyUI]     Inputs: {"fbx_output_path": ["39", 0], "preview": ""}
  [ComfyUI]   Node 27: UniRigLoadMesh
  [ComfyUI]   Node 27: UniRigLoadMesh
  [ComfyUI]   Node 27: UniRigLoadMesh
  [ComfyUI]   Node 27: UniRigLoadMesh
  [ComfyUI]     Inputs: {"source_folder": "input", "file_path": "3d/realistic_male_character.glb"}
  [ComfyUI]     Inputs: {"source_folder": "input", "file_path": "3d/realistic_male_character.glb"}
  [ComfyUI]     Inputs: {"source_folder": "input", "file_path": "3d/realistic_male_character.glb"}
  [ComfyUI]     Inputs: {"source_folder": "input", "file_path": "3d/realistic_male_character.glb"}
  [ComfyUI]   Node 39: UniRigAutoRig
  [ComfyUI]   Node 39: UniRigAutoRig
  [ComfyUI]   Node 39: UniRigAutoRig
  [ComfyUI]   Node 39: UniRigAutoRig
  [ComfyUI]     Inputs: {"skeleton_template": "mixamo", "fbx_name": "", "target_face_count": 50000, "debug": false, "trimesh": ["27", 0], "model": ["40", 0]}
  [ComfyUI]     Inputs: {"skeleton_template": "mixamo", "fbx_name": "", "target_face_count": 50000, "debug": false, "trimesh": ["27", 0], "model": ["40", 0]}
  [ComfyUI]     Inputs: {"skeleton_template": "mixamo", "fbx_name": "", "target_face_count": 50000, "debug": false, "trimesh": ["27", 0], "model": ["40", 0]}
  [ComfyUI]     Inputs: {"skeleton_template": "mixamo", "fbx_name": "", "target_face_count": 50000, "debug": false, "trimesh": ["27", 0], "model": ["40", 0]}
  [ComfyUI]   Node 40: UniRigLoadModel
  [ComfyUI]   Node 40: UniRigLoadModel
  [ComfyUI]   Node 40: UniRigLoadModel
  [ComfyUI]   Node 40: UniRigLoadModel
  [ComfyUI]     Inputs: {"precision": "auto", "attn_backend": "auto"}
  [ComfyUI]     Inputs: {"precision": "auto", "attn_backend": "auto"}
  [ComfyUI]     Inputs: {"precision": "auto", "attn_backend": "auto"}
  [ComfyUI]     Inputs: {"precision": "auto", "attn_backend": "auto"}
  [ComfyUI] Generated prompt_id: 0ce6bca5-34f6-4c12-8531-f09d6c79a5c8
  [ComfyUI] Generated prompt_id: 0ce6bca5-34f6-4c12-8531-f09d6c79a5c8
  [ComfyUI] Generated prompt_id: 0ce6bca5-34f6-4c12-8531-f09d6c79a5c8
  [ComfyUI] Generated prompt_id: 0ce6bca5-34f6-4c12-8531-f09d6c79a5c8
  [ComfyUI] Calling execution.validate_prompt()...
  [ComfyUI] Calling execution.validate_prompt()...
  [ComfyUI] Calling execution.validate_prompt()...
  [ComfyUI] Calling execution.validate_prompt()...
  [ComfyUI] Validation result: valid=True
  [ComfyUI] Validation result: valid=True
  [ComfyUI] Validation result: valid=True
  [ComfyUI] Validation result: valid=True
  [ComfyUI] === Validation PASSED ===
  [ComfyUI] === Validation PASSED ===
  [ComfyUI] === Validation PASSED ===
  [ComfyUI] === Validation PASSED ===
  Queuing workflow for execution...
  [ComfyUI] got prompt
  [ComfyUI] got prompt
  [ComfyUI] got prompt
  [ComfyUI] got prompt
  [ComfyUI] [comfy-env] Running UniRigLoadModel: precision: 'auto', attn_backend: 'auto'
  [ComfyUI] [comfy-env] Running UniRigLoadModel: precision: 'auto', attn_backend: 'auto'
  [ComfyUI] [comfy-env] Running UniRigLoadModel: precision: 'auto', attn_backend: 'auto'
  [ComfyUI] [comfy-env] Running UniRigLoadModel: precision: 'auto', attn_backend: 'auto'
  [ComfyUI] [VRAM] Before UniRigLoadModel: 841 / 24124 MB
  [ComfyUI] [VRAM] Before UniRigLoadModel: 841 / 24124 MB
  [ComfyUI] [VRAM] Before UniRigLoadModel: 841 / 24124 MB
  [ComfyUI] [VRAM] Before UniRigLoadModel: 841 / 24124 MB
  [ComfyUI] [SubprocessWorker] call_method: nodes.load_model.UniRigLoadModel.EXECUTE_NORMALIZED
  [ComfyUI] [SubprocessWorker] call_method: nodes.load_model.UniRigLoadModel.EXECUTE_NORMALIZED
  [ComfyUI] [SubprocessWorker] call_method: nodes.load_model.UniRigLoadModel.EXECUTE_NORMALIZED
  [ComfyUI] [SubprocessWorker] call_method: nodes.load_model.UniRigLoadModel.EXECUTE_NORMALIZED
  [ComfyUI] [ComfyUI-UniRig] python: /root/.ce/.pixi/envs/unirig-nodes/bin/python
  [ComfyUI] [ComfyUI-UniRig] python: /root/.ce/.pixi/envs/unirig-nodes/bin/python
  [ComfyUI] [ComfyUI-UniRig] python: /root/.ce/.pixi/envs/unirig-nodes/bin/python
  [ComfyUI] [ComfyUI-UniRig] python: /root/.ce/.pixi/envs/unirig-nodes/bin/python
  [ComfyUI] [SubprocessWorker] acquired lock, ensuring started...
  [ComfyUI] [SubprocessWorker] acquired lock, ensuring started...
  [ComfyUI] [SubprocessWorker] acquired lock, ensuring started...
  [ComfyUI] [SubprocessWorker] acquired lock, ensuring started...
  [ComfyUI] [ComfyUI-UniRig] sys_path sent to worker: ['/workspaces/UniRig-0054/ComfyUI', '/workspaces/UniRig-0054/ComfyUI/custom_nodes/ComfyUI-UniRig', '/root/.ce/.pixi/envs/unirig-nodes/lib/python3.1/site-packages', '/workspaces/UniRig-0054/ComfyUI/custom_nodes/ComfyUI-UniRig']
  [ComfyUI] [ComfyUI-UniRig] sys_path sent to worker: ['/workspaces/UniRig-0054/ComfyUI', '/workspaces/UniRig-0054/ComfyUI/custom_nodes/ComfyUI-UniRig', '/root/.ce/.pixi/envs/unirig-nodes/lib/python3.1/site-packages', '/workspaces/UniRig-0054/ComfyUI/custom_nodes/ComfyUI-UniRig']
  [ComfyUI] [ComfyUI-UniRig] sys_path sent to worker: ['/workspaces/UniRig-0054/ComfyUI', '/workspaces/UniRig-0054/ComfyUI/custom_nodes/ComfyUI-UniRig', '/root/.ce/.pixi/envs/unirig-nodes/lib/python3.1/site-packages', '/workspaces/UniRig-0054/ComfyUI/custom_nodes/ComfyUI-UniRig']
  [ComfyUI] [ComfyUI-UniRig] sys_path sent to worker: ['/workspaces/UniRig-0054/ComfyUI', '/workspaces/UniRig-0054/ComfyUI/custom_nodes/ComfyUI-UniRig', '/root/.ce/.pixi/envs/unirig-nodes/lib/python3.1/site-packages', '/workspaces/UniRig-0054/ComfyUI/custom_nodes/ComfyUI-UniRig']
  [ComfyUI] [ComfyUI-UniRig] Health check: ping (timeout=5.0s)...
  [ComfyUI] [ComfyUI-UniRig] Health check: ping (timeout=5.0s)...
  [ComfyUI] [ComfyUI-UniRig] Health check: ping (timeout=5.0s)...
  [ComfyUI] [ComfyUI-UniRig] Health check: ping (timeout=5.0s)...
  [ComfyUI] [SubprocessWorker] is_pixi=True, python=/root/.ce/.pixi/envs/unirig-nodes/bin/python
  [ComfyUI] [SubprocessWorker] is_pixi=True, python=/root/.ce/.pixi/envs/unirig-nodes/bin/python
  [ComfyUI] [SubprocessWorker] is_pixi=True, python=/root/.ce/.pixi/envs/unirig-nodes/bin/python
  [ComfyUI] [SubprocessWorker] is_pixi=True, python=/root/.ce/.pixi/envs/unirig-nodes/bin/python
  [ComfyUI] [ComfyUI-UniRig] Health check: failed
  [ComfyUI] [ComfyUI-UniRig] Health check: failed
  [ComfyUI] [ComfyUI-UniRig] Health check: failed
  [ComfyUI] [ComfyUI-UniRig] Health check: failed
  [ComfyUI] [SubprocessWorker] launching cmd=['/root/.pixi/bin/pixi', 'run', '--as-is', '--manifest-path', '/root/.ce/pixi.toml', '-e', 'unirig-nodes', 'python', '/tmp/comfyui_pvenv_yzgk5ewl/persistent_worker.py', 'abstract://comfy_worker_5b47a2088878']...
  [ComfyUI] [SubprocessWorker] launching cmd=['/root/.pixi/bin/pixi', 'run', '--as-is', '--manifest-path', '/root/.ce/pixi.toml', '-e', 'unirig-nodes', 'python', '/tmp/comfyui_pvenv_yzgk5ewl/persistent_worker.py', 'abstract://comfy_worker_5b47a2088878']...
  [ComfyUI] [SubprocessWorker] launching cmd=['/root/.pixi/bin/pixi', 'run', '--as-is', '--manifest-path', '/root/.ce/pixi.toml', '-e', 'unirig-nodes', 'python', '/tmp/comfyui_pvenv_yzgk5ewl/persistent_worker.py', 'abstract://comfy_worker_5b47a2088878']...
  [ComfyUI] [SubprocessWorker] launching cmd=['/root/.pixi/bin/pixi', 'run', '--as-is', '--manifest-path', '/root/.ce/pixi.toml', '-e', 'unirig-nodes', 'python', '/tmp/comfyui_pvenv_yzgk5ewl/persistent_worker.py', 'abstract://comfy_worker_5b47a2088878']...
  [ComfyUI] [ComfyUI-UniRig] Socket unhealthy, restarting worker...
  [ComfyUI] [ComfyUI-UniRig] Socket unhealthy, restarting worker...
  [ComfyUI] [ComfyUI-UniRig] Socket unhealthy, restarting worker...
  [ComfyUI] [ComfyUI-UniRig] Socket unhealthy, restarting worker...
  [ComfyUI] [SubprocessWorker] socket_addr=abstract://comfy_worker_5b47a2088878 (abstract, no filesystem path)
  [ComfyUI] [SubprocessWorker] socket_addr=abstract://comfy_worker_5b47a2088878 (abstract, no filesystem path)
  [ComfyUI] [SubprocessWorker] socket_addr=abstract://comfy_worker_5b47a2088878 (abstract, no filesystem path)
  [ComfyUI] [SubprocessWorker] socket_addr=abstract://comfy_worker_5b47a2088878 (abstract, no filesystem path)
  [ComfyUI] [comfy-env] Invalidated 3 stale model patchers (will be cleaned up during next unload)
  [ComfyUI] [comfy-env] Invalidated 3 stale model patchers (will be cleaned up during next unload)
  [ComfyUI] [comfy-env] Invalidated 3 stale model patchers (will be cleaned up during next unload)
  [ComfyUI] [comfy-env] Invalidated 3 stale model patchers (will be cleaned up during next unload)
  [ComfyUI] [worker:ComfyUI-UniRig] ERROR: Failed to import comfy_kitchen, Error: No module named 'comfy_kitchen', fp8 and fp4 support will not be available.
  [ComfyUI] [worker:ComfyUI-UniRig] ERROR: Failed to import comfy_kitchen, Error: No module named 'comfy_kitchen', fp8 and fp4 support will not be available.
  [ComfyUI] [worker:ComfyUI-UniRig] ERROR: Failed to import comfy_kitchen, Error: No module named 'comfy_kitchen', fp8 and fp4 support will not be available.
  [ComfyUI] [worker:ComfyUI-UniRig] ERROR: Failed to import comfy_kitchen, Error: No module named 'comfy_kitchen', fp8 and fp4 support will not be available.
  [ComfyUI] [SubprocessWorker] worker started/confirmed
  [ComfyUI] [SubprocessWorker] worker started/confirmed
  [ComfyUI] [SubprocessWorker] worker started/confirmed
  [ComfyUI] [SubprocessWorker] worker started/confirmed
  [ComfyUI] [SubprocessWorker] serializing kwargs to shm...
  [ComfyUI] [SubprocessWorker] serializing kwargs to shm...
  [ComfyUI] [SubprocessWorker] serializing kwargs to shm...
  [ComfyUI] [SubprocessWorker] serializing kwargs to shm...
  [ComfyUI] [SubprocessWorker] created 0 shm blocks
  [ComfyUI] [SubprocessWorker] created 0 shm blocks
  [ComfyUI] [SubprocessWorker] created 0 shm blocks
  [ComfyUI] [SubprocessWorker] created 0 shm blocks
  [ComfyUI] [SubprocessWorker] sending request via socket...
  [ComfyUI] [SubprocessWorker] sending request via socket...
  [ComfyUI] [SubprocessWorker] sending request via socket...
  [ComfyUI] [SubprocessWorker] sending request via socket...
  [ComfyUI] [SubprocessWorker] call_id=24 sending call_method
  [ComfyUI] [SubprocessWorker] call_id=24 sending call_method
  [ComfyUI] [SubprocessWorker] call_id=24 sending call_method
  [ComfyUI] [SubprocessWorker] call_id=24 sending call_method
  Frame 2 saved (frame_001.jpg, t=2.6s)
  [capture-periodic] freeze=18ms shot=201ms unfreeze=4ms saved=True
  [ComfyUI] [worker:ComfyUI-UniRig] WARNING: No comfy kitchen, using old apply_rope functions.
  [ComfyUI] [worker:ComfyUI-UniRig] WARNING: No comfy kitchen, using old apply_rope functions.
  [ComfyUI] [worker:ComfyUI-UniRig] WARNING: No comfy kitchen, using old apply_rope functions.
  [ComfyUI] [worker:ComfyUI-UniRig] WARNING: No comfy kitchen, using old apply_rope functions.
  Frame 3 saved (frame_002.jpg, t=5.0s)
  [capture-periodic] freeze=17ms shot=213ms unfreeze=3ms saved=True
  [ComfyUI] [SubprocessWorker] got response: ok
  [ComfyUI] [SubprocessWorker] got response: ok
  [ComfyUI] [SubprocessWorker] got response: ok
  [ComfyUI] [SubprocessWorker] got response: ok
  [ComfyUI] [comfy-env] [VRAM] Before offload 'UniRigSkin_3' (695 MB) -> cpu: 563 / 24124 MB
  [ComfyUI] [comfy-env] [VRAM] Before offload 'UniRigSkin_3' (695 MB) -> cpu: 563 / 24124 MB
  [ComfyUI] [comfy-env] [VRAM] Before offload 'UniRigSkin_3' (695 MB) -> cpu: 563 / 24124 MB
  [ComfyUI] [comfy-env] [VRAM] Before offload 'UniRigSkin_3' (695 MB) -> cpu: 563 / 24124 MB
  [ComfyUI] [ComfyUI-UniRig] Health check: ping (timeout=5.0s)...
  [ComfyUI] [ComfyUI-UniRig] Health check: ping (timeout=5.0s)...
  [ComfyUI] [ComfyUI-UniRig] Health check: ping (timeout=5.0s)...
  [ComfyUI] [ComfyUI-UniRig] Health check: ping (timeout=5.0s)...
  [ComfyUI] [ComfyUI-UniRig] Health check: ok
  [ComfyUI] [ComfyUI-UniRig] Health check: ok
  [ComfyUI] [ComfyUI-UniRig] Health check: ok
  [ComfyUI] [ComfyUI-UniRig] Health check: ok
  [ComfyUI] [SubprocessWorker] call_id=25 sending model_to_device
  [ComfyUI] [SubprocessWorker] call_id=25 sending model_to_device
  [ComfyUI] [SubprocessWorker] call_id=25 sending model_to_device
  [ComfyUI] [SubprocessWorker] call_id=25 sending model_to_device
  [ComfyUI] Model 'UniRigSkin_3' gone from worker (restarted?), treating as offloaded
  [ComfyUI] Model 'UniRigSkin_3' gone from worker (restarted?), treating as offloaded
  [ComfyUI] Model 'UniRigSkin_3' gone from worker (restarted?), treating as offloaded
  [ComfyUI] Model 'UniRigSkin_3' gone from worker (restarted?), treating as offloaded
  [ComfyUI] [comfy-env] [VRAM] After offload 'UniRigSkin_3' (695 MB): 563 / 24124 MB
  [ComfyUI] [comfy-env] [VRAM] After offload 'UniRigSkin_3' (695 MB): 563 / 24124 MB
  [ComfyUI] [comfy-env] [VRAM] After offload 'UniRigSkin_3' (695 MB): 563 / 24124 MB
  [ComfyUI] [comfy-env] [VRAM] After offload 'UniRigSkin_3' (695 MB): 563 / 24124 MB
  [ComfyUI] [comfy-env] [VRAM] Before offload 'OPTForCausalLM_2' (583 MB) -> cpu: 563 / 24124 MB
  [ComfyUI] [comfy-env] [VRAM] Before offload 'OPTForCausalLM_2' (583 MB) -> cpu: 563 / 24124 MB
  [ComfyUI] [comfy-env] [VRAM] Before offload 'OPTForCausalLM_2' (583 MB) -> cpu: 563 / 24124 MB
  [ComfyUI] [comfy-env] [VRAM] Before offload 'OPTForCausalLM_2' (583 MB) -> cpu: 563 / 24124 MB
  [ComfyUI] [ComfyUI-UniRig] Health check: ping (timeout=5.0s)...
  [ComfyUI] [ComfyUI-UniRig] Health check: ping (timeout=5.0s)...
  [ComfyUI] [ComfyUI-UniRig] Health check: ping (timeout=5.0s)...
  [ComfyUI] [ComfyUI-UniRig] Health check: ping (timeout=5.0s)...
  [ComfyUI] [ComfyUI-UniRig] Health check: ok
  [ComfyUI] [ComfyUI-UniRig] Health check: ok
  [ComfyUI] [ComfyUI-UniRig] Health check: ok
  [ComfyUI] [ComfyUI-UniRig] Health check: ok
  [ComfyUI] [SubprocessWorker] call_id=26 sending model_to_device
  [ComfyUI] [SubprocessWorker] call_id=26 sending model_to_device
  [ComfyUI] [SubprocessWorker] call_id=26 sending model_to_device
  [ComfyUI] [SubprocessWorker] call_id=26 sending model_to_device
  [ComfyUI] Model 'OPTForCausalLM_2' gone from worker (restarted?), treating as offloaded
  [ComfyUI] Model 'OPTForCausalLM_2' gone from worker (restarted?), treating as offloaded
  [ComfyUI] Model 'OPTForCausalLM_2' gone from worker (restarted?), treating as offloaded
  [ComfyUI] Model 'OPTForCausalLM_2' gone from worker (restarted?), treating as offloaded
  [ComfyUI] [comfy-env] [VRAM] After offload 'OPTForCausalLM_2' (583 MB): 563 / 24124 MB
  [ComfyUI] [comfy-env] [VRAM] After offload 'OPTForCausalLM_2' (583 MB): 563 / 24124 MB
  [ComfyUI] [comfy-env] [VRAM] After offload 'OPTForCausalLM_2' (583 MB): 563 / 24124 MB
  [ComfyUI] [comfy-env] [VRAM] After offload 'OPTForCausalLM_2' (583 MB): 563 / 24124 MB
  [ComfyUI] [comfy-env] [VRAM] Before offload 'UniRigAR_1' (686 MB) -> cpu: 563 / 24124 MB
  [ComfyUI] [comfy-env] [VRAM] Before offload 'UniRigAR_1' (686 MB) -> cpu: 563 / 24124 MB
  [ComfyUI] [comfy-env] [VRAM] Before offload 'UniRigAR_1' (686 MB) -> cpu: 563 / 24124 MB
  [ComfyUI] [comfy-env] [VRAM] Before offload 'UniRigAR_1' (686 MB) -> cpu: 563 / 24124 MB
  [ComfyUI] [ComfyUI-UniRig] Health check: ping (timeout=5.0s)...
  [ComfyUI] [ComfyUI-UniRig] Health check: ping (timeout=5.0s)...
  [ComfyUI] [ComfyUI-UniRig] Health check: ping (timeout=5.0s)...
  [ComfyUI] [ComfyUI-UniRig] Health check: ping (timeout=5.0s)...
  [ComfyUI] [ComfyUI-UniRig] Health check: ok
  [ComfyUI] [ComfyUI-UniRig] Health check: ok
  [ComfyUI] [ComfyUI-UniRig] Health check: ok
  [ComfyUI] [ComfyUI-UniRig] Health check: ok
  [ComfyUI] [SubprocessWorker] call_id=27 sending model_to_device
  [ComfyUI] [SubprocessWorker] call_id=27 sending model_to_device
  [ComfyUI] [SubprocessWorker] call_id=27 sending model_to_device
  [ComfyUI] [SubprocessWorker] call_id=27 sending model_to_device
  [ComfyUI] Model 'UniRigAR_1' gone from worker (restarted?), treating as offloaded
  [ComfyUI] Model 'UniRigAR_1' gone from worker (restarted?), treating as offloaded
  [ComfyUI] Model 'UniRigAR_1' gone from worker (restarted?), treating as offloaded
  [ComfyUI] Model 'UniRigAR_1' gone from worker (restarted?), treating as offloaded
  [ComfyUI] [comfy-env] [VRAM] After offload 'UniRigAR_1' (686 MB): 563 / 24124 MB
  [ComfyUI] [comfy-env] [VRAM] After offload 'UniRigAR_1' (686 MB): 563 / 24124 MB
  [ComfyUI] [comfy-env] [VRAM] After offload 'UniRigAR_1' (686 MB): 563 / 24124 MB
  [ComfyUI] [comfy-env] [VRAM] After offload 'UniRigAR_1' (686 MB): 563 / 24124 MB
  [ComfyUI] [comfy-env] UniRigLoadModel done (5.34s): result: NodeOutput
  [ComfyUI] [comfy-env] UniRigLoadModel done (5.34s): result: NodeOutput
  [ComfyUI] [comfy-env] UniRigLoadModel done (5.34s): result: NodeOutput
  [ComfyUI] [comfy-env] UniRigLoadModel done (5.34s): result: NodeOutput
  [ComfyUI] [VRAM] After UniRigLoadModel: 563 / 24124 MB
  [ComfyUI] [VRAM] After UniRigLoadModel: 563 / 24124 MB
  [ComfyUI] [VRAM] After UniRigLoadModel: 563 / 24124 MB
  [ComfyUI] [VRAM] After UniRigLoadModel: 563 / 24124 MB
  [ComfyUI] [comfy-env] Running UniRigLoadMesh: source_folder: 'input', file_path: '3d/realistic_male_character.glb'
  [ComfyUI] [comfy-env] Running UniRigLoadMesh: source_folder: 'input', file_path: '3d/realistic_male_character.glb'
  [ComfyUI] [comfy-env] Running UniRigLoadMesh: source_folder: 'input', file_path: '3d/realistic_male_character.glb'
  [ComfyUI] [comfy-env] Running UniRigLoadMesh: source_folder: 'input', file_path: '3d/realistic_male_character.glb'
  [ComfyUI] [VRAM] Before UniRigLoadMesh: 563 / 24124 MB
  [ComfyUI] [VRAM] Before UniRigLoadMesh: 563 / 24124 MB
  [ComfyUI] [VRAM] Before UniRigLoadMesh: 563 / 24124 MB
  [ComfyUI] [VRAM] Before UniRigLoadMesh: 563 / 24124 MB
  [ComfyUI] [SubprocessWorker] call_method: nodes.mesh_io.UniRigLoadMesh.EXECUTE_NORMALIZED
  [ComfyUI] [SubprocessWorker] call_method: nodes.mesh_io.UniRigLoadMesh.EXECUTE_NORMALIZED
  [ComfyUI] [SubprocessWorker] call_method: nodes.mesh_io.UniRigLoadMesh.EXECUTE_NORMALIZED
  [ComfyUI] [SubprocessWorker] call_method: nodes.mesh_io.UniRigLoadMesh.EXECUTE_NORMALIZED
  [ComfyUI] [SubprocessWorker] acquired lock, ensuring started...
  [ComfyUI] [SubprocessWorker] acquired lock, ensuring started...
  [ComfyUI] [SubprocessWorker] acquired lock, ensuring started...
  [ComfyUI] [SubprocessWorker] acquired lock, ensuring started...
  [ComfyUI] [ComfyUI-UniRig] Health check: ping (timeout=5.0s)...
  [ComfyUI] [ComfyUI-UniRig] Health check: ping (timeout=5.0s)...
  [ComfyUI] [ComfyUI-UniRig] Health check: ping (timeout=5.0s)...
  [ComfyUI] [ComfyUI-UniRig] Health check: ping (timeout=5.0s)...
  [ComfyUI] [ComfyUI-UniRig] Health check: ok
  [ComfyUI] [ComfyUI-UniRig] Health check: ok
  [ComfyUI] [ComfyUI-UniRig] Health check: ok
  [ComfyUI] [ComfyUI-UniRig] Health check: ok
  [ComfyUI] [SubprocessWorker] worker started/confirmed
  [ComfyUI] [SubprocessWorker] worker started/confirmed
  [ComfyUI] [SubprocessWorker] worker started/confirmed
  [ComfyUI] [SubprocessWorker] worker started/confirmed
  [ComfyUI] [SubprocessWorker] serializing kwargs to shm...
  [ComfyUI] [SubprocessWorker] serializing kwargs to shm...
  [ComfyUI] [SubprocessWorker] serializing kwargs to shm...
  [ComfyUI] [SubprocessWorker] serializing kwargs to shm...
  [ComfyUI] [SubprocessWorker] created 0 shm blocks
  [ComfyUI] [SubprocessWorker] created 0 shm blocks
  [ComfyUI] [SubprocessWorker] created 0 shm blocks
  [ComfyUI] [SubprocessWorker] created 0 shm blocks
  [ComfyUI] [SubprocessWorker] sending request via socket...
  [ComfyUI] [SubprocessWorker] sending request via socket...
  [ComfyUI] [SubprocessWorker] sending request via socket...
  [ComfyUI] [SubprocessWorker] sending request via socket...
  [ComfyUI] [SubprocessWorker] call_id=28 sending call_method
  [ComfyUI] [SubprocessWorker] call_id=28 sending call_method
  [ComfyUI] [SubprocessWorker] call_id=28 sending call_method
  [ComfyUI] [SubprocessWorker] call_id=28 sending call_method
  [ComfyUI] [SubprocessWorker] got response: ok
  [ComfyUI] [SubprocessWorker] got response: ok
  [ComfyUI] [SubprocessWorker] got response: ok
  [ComfyUI] [SubprocessWorker] got response: ok
  [ComfyUI] [comfy-env] UniRigLoadMesh done (0.74s): result: NodeOutput
  [ComfyUI] [comfy-env] UniRigLoadMesh done (0.74s): result: NodeOutput
  [ComfyUI] [comfy-env] UniRigLoadMesh done (0.74s): result: NodeOutput
  [ComfyUI] [comfy-env] UniRigLoadMesh done (0.74s): result: NodeOutput
  [ComfyUI] [VRAM] After UniRigLoadMesh: 563 / 24124 MB
  [ComfyUI] [VRAM] After UniRigLoadMesh: 563 / 24124 MB
  [ComfyUI] [VRAM] After UniRigLoadMesh: 563 / 24124 MB
  [ComfyUI] [VRAM] After UniRigLoadMesh: 563 / 24124 MB
  [ComfyUI] [comfy-env] Running UniRigAutoRig: skeleton_template: 'mixamo', fbx_name: '', target_face_count: 50000, debug: False, trimesh: Trimesh, model: dict
  [ComfyUI] [comfy-env] Running UniRigAutoRig: skeleton_template: 'mixamo', fbx_name: '', target_face_count: 50000, debug: False, trimesh: Trimesh, model: dict
  [ComfyUI] [comfy-env] Running UniRigAutoRig: skeleton_template: 'mixamo', fbx_name: '', target_face_count: 50000, debug: False, trimesh: Trimesh, model: dict
  [ComfyUI] [comfy-env] Running UniRigAutoRig: skeleton_template: 'mixamo', fbx_name: '', target_face_count: 50000, debug: False, trimesh: Trimesh, model: dict
  [ComfyUI] [VRAM] Before UniRigAutoRig: 563 / 24124 MB
  [ComfyUI] [VRAM] Before UniRigAutoRig: 563 / 24124 MB
  [ComfyUI] [VRAM] Before UniRigAutoRig: 563 / 24124 MB
  [ComfyUI] [VRAM] Before UniRigAutoRig: 563 / 24124 MB
  [ComfyUI] [SubprocessWorker] call_method: nodes.auto_rig.UniRigAutoRig.EXECUTE_NORMALIZED
  [ComfyUI] [SubprocessWorker] call_method: nodes.auto_rig.UniRigAutoRig.EXECUTE_NORMALIZED
  [ComfyUI] [SubprocessWorker] call_method: nodes.auto_rig.UniRigAutoRig.EXECUTE_NORMALIZED
  [ComfyUI] [SubprocessWorker] call_method: nodes.auto_rig.UniRigAutoRig.EXECUTE_NORMALIZED
  [ComfyUI] [SubprocessWorker] acquired lock, ensuring started...
  [ComfyUI] [SubprocessWorker] acquired lock, ensuring started...
  [ComfyUI] [SubprocessWorker] acquired lock, ensuring started...
  [ComfyUI] [SubprocessWorker] acquired lock, ensuring started...
  [ComfyUI] [ComfyUI-UniRig] Health check: ping (timeout=5.0s)...
  [ComfyUI] [ComfyUI-UniRig] Health check: ping (timeout=5.0s)...
  [ComfyUI] [ComfyUI-UniRig] Health check: ping (timeout=5.0s)...
  [ComfyUI] [ComfyUI-UniRig] Health check: ping (timeout=5.0s)...
  [ComfyUI] [ComfyUI-UniRig] Health check: ok
  [ComfyUI] [ComfyUI-UniRig] Health check: ok
  [ComfyUI] [ComfyUI-UniRig] Health check: ok
  [ComfyUI] [ComfyUI-UniRig] Health check: ok
  [ComfyUI] [SubprocessWorker] worker started/confirmed
  [ComfyUI] [SubprocessWorker] worker started/confirmed
  [ComfyUI] [SubprocessWorker] worker started/confirmed
  [ComfyUI] [SubprocessWorker] worker started/confirmed
  [ComfyUI] [SubprocessWorker] serializing kwargs to shm...
  [ComfyUI] [SubprocessWorker] serializing kwargs to shm...
  [ComfyUI] [SubprocessWorker] serializing kwargs to shm...
  [ComfyUI] [SubprocessWorker] serializing kwargs to shm...
  [ComfyUI] [SubprocessWorker] created 1 shm blocks
  [ComfyUI] [SubprocessWorker] created 1 shm blocks
  [ComfyUI] [SubprocessWorker] created 1 shm blocks
  [ComfyUI] [SubprocessWorker] created 1 shm blocks
  [ComfyUI] [SubprocessWorker] sending request via socket...
  [ComfyUI] [SubprocessWorker] sending request via socket...
  [ComfyUI] [SubprocessWorker] sending request via socket...
  [ComfyUI] [SubprocessWorker] sending request via socket...
  [ComfyUI] [SubprocessWorker] call_id=29 sending call_method
  [ComfyUI] [SubprocessWorker] call_id=29 sending call_method
  [ComfyUI] [SubprocessWorker] call_id=29 sending call_method
  [ComfyUI] [SubprocessWorker] call_id=29 sending call_method
  [capture-loop] iter=50 t=6.9s state={'complete': False, 'error': None, 'executedCount': 0, 'wsState': 1} eval_ms=14 ram=5.3/31.2GB (17%) swap=1.5/32.0GB (5%) cpu=9% browser_rss=0.88GB
  [ComfyUI] [worker:ComfyUI-UniRig] INFO: Data are loaded, start creating Blender stuff
  [ComfyUI] [worker:ComfyUI-UniRig] INFO: Data are loaded, start creating Blender stuff
  [ComfyUI] [worker:ComfyUI-UniRig] INFO: Data are loaded, start creating Blender stuff
  [ComfyUI] [worker:ComfyUI-UniRig] INFO: Data are loaded, start creating Blender stuff
  [ComfyUI] [worker:ComfyUI-UniRig] INFO: Blender create Mesh node geometry_0
  [ComfyUI] [worker:ComfyUI-UniRig] INFO: Blender create Mesh node geometry_0
  [ComfyUI] [worker:ComfyUI-UniRig] INFO: Blender create Mesh node geometry_0
  [ComfyUI] [worker:ComfyUI-UniRig] INFO: Blender create Mesh node geometry_0
  [ComfyUI] [worker:ComfyUI-UniRig] INFO: glTF import finished in 0.37s
  [ComfyUI] [worker:ComfyUI-UniRig] INFO: glTF import finished in 0.37s
  [ComfyUI] [worker:ComfyUI-UniRig] INFO: glTF import finished in 0.37s
  [ComfyUI] [worker:ComfyUI-UniRig] INFO: glTF import finished in 0.37s
  Frame 4 saved (frame_003.jpg, t=7.4s)
  [capture-periodic] freeze=17ms shot=215ms unfreeze=7ms saved=True
  [capture-loop] iter=100 t=13.6s state={'complete': False, 'error': None, 'executedCount': 0, 'wsState': 1} eval_ms=14 ram=6.4/31.2GB (20%) swap=1.5/32.0GB (5%) cpu=16% browser_rss=0.87GB
  [capture-loop] iter=150 t=20.1s state={'complete': False, 'error': None, 'executedCount': 0, 'wsState': 1} eval_ms=13 ram=5.9/31.2GB (19%) swap=1.5/32.0GB (5%) cpu=11% browser_rss=0.87GB
  [ComfyUI] [SubprocessWorker] callback 'report_progress' from call_id=29
  [ComfyUI] [SubprocessWorker] callback 'report_progress' from call_id=29
  [ComfyUI] [SubprocessWorker] callback 'report_progress' from call_id=29
  [ComfyUI] [SubprocessWorker] callback 'report_progress' from call_id=29
  Frame 5 saved (frame_004.jpg, t=23.8s)
  [capture-periodic] freeze=16ms shot=215ms unfreeze=3ms saved=True
  [capture-loop] iter=200 t=26.6s state={'complete': False, 'error': None, 'executedCount': 0, 'wsState': 1} eval_ms=5 ram=5.8/31.2GB (19%) swap=1.5/32.0GB (5%) cpu=11% browser_rss=0.87GB
  [ComfyUI] /root/.ce/.pixi/envs/unirig-nodes/lib/python3.1/site-packages/timm/models/layers/__init__.py:49: FutureWarning: Importing from timm.models.layers is deprecated, please import via timm.layers
  [ComfyUI] /root/.ce/.pixi/envs/unirig-nodes/lib/python3.1/site-packages/timm/models/layers/__init__.py:49: FutureWarning: Importing from timm.models.layers is deprecated, please import via timm.layers
  [ComfyUI] /root/.ce/.pixi/envs/unirig-nodes/lib/python3.1/site-packages/timm/models/layers/__init__.py:49: FutureWarning: Importing from timm.models.layers is deprecated, please import via timm.layers
  [ComfyUI] /root/.ce/.pixi/envs/unirig-nodes/lib/python3.1/site-packages/timm/models/layers/__init__.py:49: FutureWarning: Importing from timm.models.layers is deprecated, please import via timm.layers
  [ComfyUI]   warnings.warn(f"Importing from {__name__} is deprecated, please import via timm.layers", FutureWarning)
  [ComfyUI]   warnings.warn(f"Importing from {__name__} is deprecated, please import via timm.layers", FutureWarning)
  [ComfyUI]   warnings.warn(f"Importing from {__name__} is deprecated, please import via timm.layers", FutureWarning)
  [ComfyUI]   warnings.warn(f"Importing from {__name__} is deprecated, please import via timm.layers", FutureWarning)
  [ComfyUI] [transformers] `torch_dtype` is deprecated! Use `dtype` instead!
  [ComfyUI] [transformers] `torch_dtype` is deprecated! Use `dtype` instead!
  [ComfyUI] [transformers] `torch_dtype` is deprecated! Use `dtype` instead!
  [ComfyUI] [transformers] `torch_dtype` is deprecated! Use `dtype` instead!
  [ComfyUI] [SubprocessWorker] callback 'request_vram_budget' from call_id=29
  [ComfyUI] [SubprocessWorker] callback 'request_vram_budget' from call_id=29
  [ComfyUI] [SubprocessWorker] callback 'request_vram_budget' from call_id=29
  [ComfyUI] [SubprocessWorker] callback 'request_vram_budget' from call_id=29
  [ComfyUI] [comfy-env] VRAM request: 0.72GB, free before eviction: 24.71GB
  [ComfyUI] [comfy-env] VRAM request: 0.72GB, free before eviction: 24.71GB
  [ComfyUI] [comfy-env] VRAM request: 0.72GB, free before eviction: 24.71GB
  [ComfyUI] [comfy-env] VRAM request: 0.72GB, free before eviction: 24.71GB
  [ComfyUI] [comfy-env] VRAM after eviction: 24.71GB
  [ComfyUI] [comfy-env] VRAM after eviction: 24.71GB
  [ComfyUI] [comfy-env] VRAM after eviction: 24.71GB
  [ComfyUI] [comfy-env] VRAM after eviction: 24.71GB
  [capture-loop] iter=250 t=32.9s state={'complete': False, 'error': None, 'executedCount': 0, 'wsState': 1} eval_ms=13 ram=6.5/31.2GB (21%) swap=1.5/32.0GB (5%) cpu=11% browser_rss=0.87GB
  [ComfyUI] [worker:ComfyUI-UniRig] [VRAM] +520MB (now 520MB) reserved=544MB peak=520MB
  [ComfyUI] [worker:ComfyUI-UniRig] [VRAM] +520MB (now 520MB) reserved=544MB peak=520MB
  [ComfyUI] [worker:ComfyUI-UniRig] [VRAM] +520MB (now 520MB) reserved=544MB peak=520MB
  [ComfyUI] [worker:ComfyUI-UniRig] [VRAM] +520MB (now 520MB) reserved=544MB peak=520MB
  [ComfyUI] [worker:ComfyUI-UniRig] [VRAM] +1667MB (now 2188MB) reserved=2848MB peak=2231MB
  [ComfyUI] [worker:ComfyUI-UniRig] [VRAM] +1667MB (now 2188MB) reserved=2848MB peak=2231MB
  [ComfyUI] [worker:ComfyUI-UniRig] [VRAM] +1667MB (now 2188MB) reserved=2848MB peak=2231MB
  [ComfyUI] [worker:ComfyUI-UniRig] [VRAM] +1667MB (now 2188MB) reserved=2848MB peak=2231MB
  [ComfyUI] [SubprocessWorker] callback 'report_progress' from call_id=29
  [ComfyUI] [SubprocessWorker] callback 'report_progress' from call_id=29
  [ComfyUI] [SubprocessWorker] callback 'report_progress' from call_id=29
  [ComfyUI] [SubprocessWorker] callback 'report_progress' from call_id=29
  [ComfyUI] [worker:ComfyUI-UniRig] [VRAM] -1493MB (now 696MB) reserved=704MB peak=2347MB
  [ComfyUI] [worker:ComfyUI-UniRig] [VRAM] -1493MB (now 696MB) reserved=704MB peak=2347MB
  [ComfyUI] [worker:ComfyUI-UniRig] [VRAM] -1493MB (now 696MB) reserved=704MB peak=2347MB
  [ComfyUI] [worker:ComfyUI-UniRig] [VRAM] -1493MB (now 696MB) reserved=704MB peak=2347MB
  [ComfyUI] [SubprocessWorker] callback 'report_progress' from call_id=29
  [ComfyUI] [SubprocessWorker] callback 'report_progress' from call_id=29
  [ComfyUI] [SubprocessWorker] callback 'report_progress' from call_id=29
  [ComfyUI] [SubprocessWorker] callback 'report_progress' from call_id=29
  [ComfyUI] [SubprocessWorker] callback 'report_progress' from call_id=29
  [ComfyUI] [SubprocessWorker] callback 'report_progress' from call_id=29
  [ComfyUI] [SubprocessWorker] callback 'report_progress' from call_id=29
  [ComfyUI] [SubprocessWorker] callback 'report_progress' from call_id=29
  [ComfyUI] [SubprocessWorker] callback 'report_progress' from call_id=29
  [ComfyUI] [SubprocessWorker] callback 'report_progress' from call_id=29
  [ComfyUI] [SubprocessWorker] callback 'report_progress' from call_id=29
  [ComfyUI] [SubprocessWorker] callback 'report_progress' from call_id=29
  [ComfyUI] [worker:ComfyUI-UniRig] WARNING: WARNING: use BatchNorm in ptv3obj !!!
  [ComfyUI] [worker:ComfyUI-UniRig] WARNING: WARNING: use BatchNorm in ptv3obj !!!
  [ComfyUI] [worker:ComfyUI-UniRig] WARNING: WARNING: use BatchNorm in ptv3obj !!!
  [ComfyUI] [worker:ComfyUI-UniRig] WARNING: WARNING: use BatchNorm in ptv3obj !!!
  [ComfyUI] [SubprocessWorker] callback 'request_vram_budget' from call_id=29
  [ComfyUI] [SubprocessWorker] callback 'request_vram_budget' from call_id=29
  [ComfyUI] [SubprocessWorker] callback 'request_vram_budget' from call_id=29
  [ComfyUI] [SubprocessWorker] callback 'request_vram_budget' from call_id=29
  [ComfyUI] [comfy-env] VRAM request: 0.73GB, free before eviction: 23.88GB
  [ComfyUI] [comfy-env] VRAM request: 0.73GB, free before eviction: 23.88GB
  [ComfyUI] [comfy-env] VRAM request: 0.73GB, free before eviction: 23.88GB
  [ComfyUI] [comfy-env] VRAM request: 0.73GB, free before eviction: 23.88GB
  [ComfyUI] [comfy-env] VRAM after eviction: 23.88GB
  [ComfyUI] [comfy-env] VRAM after eviction: 23.88GB
  [ComfyUI] [comfy-env] VRAM after eviction: 23.88GB
  [ComfyUI] [comfy-env] VRAM after eviction: 23.88GB
  [ComfyUI] [worker:ComfyUI-UniRig] [VRAM] +573MB (now 1269MB) reserved=1280MB peak=2347MB
  [ComfyUI] [worker:ComfyUI-UniRig] [VRAM] +573MB (now 1269MB) reserved=1280MB peak=2347MB
  [ComfyUI] [worker:ComfyUI-UniRig] [VRAM] +573MB (now 1269MB) reserved=1280MB peak=2347MB
  [ComfyUI] [worker:ComfyUI-UniRig] [VRAM] +573MB (now 1269MB) reserved=1280MB peak=2347MB
  [capture-loop] iter=300 t=39.4s state={'complete': False, 'error': None, 'executedCount': 0, 'wsState': 1} eval_ms=14 ram=7.4/31.2GB (24%) swap=1.5/32.0GB (5%) cpu=11% browser_rss=0.87GB
  Frame 6 saved (frame_005.jpg, t=40.1s)
  [capture-periodic] freeze=18ms shot=196ms unfreeze=4ms saved=True
  [ComfyUI] /workspaces/UniRig-0054/ComfyUI/custom_nodes/ComfyUI-UniRig/nodes/unirig/unirig_skin.py:352: UserWarning: To copy construct from a tensor, it is recommended to use sourceTensor.detach().clone() or sourceTensor.detach().clone().requires_grad_(True), rather than torch.tensor(sourceTensor).
  [ComfyUI] /workspaces/UniRig-0054/ComfyUI/custom_nodes/ComfyUI-UniRig/nodes/unirig/unirig_skin.py:352: UserWarning: To copy construct from a tensor, it is recommended to use sourceTensor.detach().clone() or sourceTensor.detach().clone().requires_grad_(True), rather than torch.tensor(sourceTensor).
  [ComfyUI] /workspaces/UniRig-0054/ComfyUI/custom_nodes/ComfyUI-UniRig/nodes/unirig/unirig_skin.py:352: UserWarning: To copy construct from a tensor, it is recommended to use sourceTensor.detach().clone() or sourceTensor.detach().clone().requires_grad_(True), rather than torch.tensor(sourceTensor).
  [ComfyUI] /workspaces/UniRig-0054/ComfyUI/custom_nodes/ComfyUI-UniRig/nodes/unirig/unirig_skin.py:352: UserWarning: To copy construct from a tensor, it is recommended to use sourceTensor.detach().clone() or sourceTensor.detach().clone().requires_grad_(True), rather than torch.tensor(sourceTensor).
  [ComfyUI]   'offset': torch.tensor(batch['offset']),
  [ComfyUI]   'offset': torch.tensor(batch['offset']),
  [ComfyUI]   'offset': torch.tensor(batch['offset']),
  [ComfyUI]   'offset': torch.tensor(batch['offset']),
  [ComfyUI] W0511 01:02:37.801000 2329 site-packages/torch/fx/_symbolic_trace.py:53] is_fx_tracing will return true for both fx.symbolic_trace and torch.export. Please use is_fx_tracing_symbolic_tracing() for specifically fx.symbolic_trace or torch.compiler.is_compiling() for specifically torch.export/compile.
  [ComfyUI] W0511 01:02:37.801000 2329 site-packages/torch/fx/_symbolic_trace.py:53] is_fx_tracing will return true for both fx.symbolic_trace and torch.export. Please use is_fx_tracing_symbolic_tracing() for specifically fx.symbolic_trace or torch.compiler.is_compiling() for specifically torch.export/compile.
  [ComfyUI] W0511 01:02:37.801000 2329 site-packages/torch/fx/_symbolic_trace.py:53] is_fx_tracing will return true for both fx.symbolic_trace and torch.export. Please use is_fx_tracing_symbolic_tracing() for specifically fx.symbolic_trace or torch.compiler.is_compiling() for specifically torch.export/compile.
  [ComfyUI] W0511 01:02:37.801000 2329 site-packages/torch/fx/_symbolic_trace.py:53] is_fx_tracing will return true for both fx.symbolic_trace and torch.export. Please use is_fx_tracing_symbolic_tracing() for specifically fx.symbolic_trace or torch.compiler.is_compiling() for specifically torch.export/compile.
  [ComfyUI] /root/.ce/.pixi/envs/unirig-nodes/lib/python3.1/site-packages/spconv/pytorch/cppcore.py:106: UserWarning: [WARNING]your gpu arch (8, 6) isn't compiled in prebuilt, may cause invalid device function error. available: {(9, 0), (12, 0), (7, 0), (8, 0), (10, 0)}
  [ComfyUI] /root/.ce/.pixi/envs/unirig-nodes/lib/python3.1/site-packages/spconv/pytorch/cppcore.py:106: UserWarning: [WARNING]your gpu arch (8, 6) isn't compiled in prebuilt, may cause invalid device function error. available: {(9, 0), (12, 0), (7, 0), (8, 0), (10, 0)}
  [ComfyUI] /root/.ce/.pixi/envs/unirig-nodes/lib/python3.1/site-packages/spconv/pytorch/cppcore.py:106: UserWarning: [WARNING]your gpu arch (8, 6) isn't compiled in prebuilt, may cause invalid device function error. available: {(9, 0), (12, 0), (7, 0), (8, 0), (10, 0)}
  [ComfyUI] /root/.ce/.pixi/envs/unirig-nodes/lib/python3.1/site-packages/spconv/pytorch/cppcore.py:106: UserWarning: [WARNING]your gpu arch (8, 6) isn't compiled in prebuilt, may cause invalid device function error. available: {(9, 0), (12, 0), (7, 0), (8, 0), (10, 0)}
  [ComfyUI]   warnings.warn(
  [ComfyUI]   warnings.warn(
  [ComfyUI]   warnings.warn(
  [ComfyUI]   warnings.warn(
  [capture-loop] iter=350 t=46.0s state={'complete': False, 'error': None, 'executedCount': 0, 'wsState': 1} eval_ms=15 ram=7.5/31.2GB (24%) swap=1.5/32.0GB (5%) cpu=11% browser_rss=0.87GB
  [ComfyUI] [worker:ComfyUI-UniRig] Can't find algo Simt_bf16bf16bf16f32f32tnt_m128n128k8m32n64k8A1_200_S1 in prebuilt. compile with nvrtc...
  [ComfyUI] [worker:ComfyUI-UniRig] Can't find algo Simt_bf16bf16bf16f32f32tnt_m128n128k8m32n64k8A1_200_S1 in prebuilt. compile with nvrtc...
  [ComfyUI] [worker:ComfyUI-UniRig] Can't find algo Simt_bf16bf16bf16f32f32tnt_m128n128k8m32n64k8A1_200_S1 in prebuilt. compile with nvrtc...
  [ComfyUI] [worker:ComfyUI-UniRig] Can't find algo Simt_bf16bf16bf16f32f32tnt_m128n128k8m32n64k8A1_200_S1 in prebuilt. compile with nvrtc...
  [ComfyUI] [worker:ComfyUI-UniRig] [VRAM] +214MB (now 1483MB) reserved=1696MB peak=2347MB
  [ComfyUI] [worker:ComfyUI-UniRig] [VRAM] +214MB (now 1483MB) reserved=1696MB peak=2347MB
  [ComfyUI] [worker:ComfyUI-UniRig] [VRAM] +214MB (now 1483MB) reserved=1696MB peak=2347MB
  [ComfyUI] [worker:ComfyUI-UniRig] [VRAM] +214MB (now 1483MB) reserved=1696MB peak=2347MB
  [ComfyUI] [worker:ComfyUI-UniRig] Can't find algo Simt_bf16bf16bf16f32f32tnt_m32n64k32m32n32k8A1_200_S1 in prebuilt. compile with nvrtc...
  [ComfyUI] [worker:ComfyUI-UniRig] Can't find algo Simt_bf16bf16bf16f32f32tnt_m32n64k32m32n32k8A1_200_S1 in prebuilt. compile with nvrtc...
  [ComfyUI] [worker:ComfyUI-UniRig] Can't find algo Simt_bf16bf16bf16f32f32tnt_m32n64k32m32n32k8A1_200_S1 in prebuilt. compile with nvrtc...
  [ComfyUI] [worker:ComfyUI-UniRig] Can't find algo Simt_bf16bf16bf16f32f32tnt_m32n64k32m32n32k8A1_200_S1 in prebuilt. compile with nvrtc...
  [ComfyUI] [worker:ComfyUI-UniRig] Can't find algo Simt_bf16bf16bf16f32f32tnt_m32n32k32m32n32k8A1_200_S1 in prebuilt. compile with nvrtc...
  [ComfyUI] [worker:ComfyUI-UniRig] Can't find algo Simt_bf16bf16bf16f32f32tnt_m32n32k32m32n32k8A1_200_S1 in prebuilt. compile with nvrtc...
  [ComfyUI] [worker:ComfyUI-UniRig] Can't find algo Simt_bf16bf16bf16f32f32tnt_m32n32k32m32n32k8A1_200_S1 in prebuilt. compile with nvrtc...
  [ComfyUI] [worker:ComfyUI-UniRig] Can't find algo Simt_bf16bf16bf16f32f32tnt_m32n32k32m32n32k8A1_200_S1 in prebuilt. compile with nvrtc...
  [ComfyUI] [worker:ComfyUI-UniRig] Can't find algo Simt_bf16bf16bf16f32f32tnt_m64n128k16m32n64k8A1_200_S1 in prebuilt. compile with nvrtc...
  [ComfyUI] [worker:ComfyUI-UniRig] Can't find algo Simt_bf16bf16bf16f32f32tnt_m64n128k16m32n64k8A1_200_S1 in prebuilt. compile with nvrtc...
  [ComfyUI] [worker:ComfyUI-UniRig] Can't find algo Simt_bf16bf16bf16f32f32tnt_m64n128k16m32n64k8A1_200_S1 in prebuilt. compile with nvrtc...
  [ComfyUI] [worker:ComfyUI-UniRig] Can't find algo Simt_bf16bf16bf16f32f32tnt_m64n128k16m32n64k8A1_200_S1 in prebuilt. compile with nvrtc...
  [capture-loop] iter=400 t=52.5s state={'complete': False, 'error': None, 'executedCount': 0, 'wsState': 1} eval_ms=14 ram=7.5/31.2GB (24%) swap=1.5/32.0GB (5%) cpu=11% browser_rss=0.87GB
  [ComfyUI] [worker:ComfyUI-UniRig] Can't find algo Simt_bf16bf16bf16f32f32tnt_m64n64k8m32n32k8A1_200_S1 in prebuilt. compile with nvrtc...
  [ComfyUI] [worker:ComfyUI-UniRig] Can't find algo Simt_bf16bf16bf16f32f32tnt_m64n64k8m32n32k8A1_200_S1 in prebuilt. compile with nvrtc...
  [ComfyUI] [worker:ComfyUI-UniRig] Can't find algo Simt_bf16bf16bf16f32f32tnt_m64n64k8m32n32k8A1_200_S1 in prebuilt. compile with nvrtc...
  [ComfyUI] [worker:ComfyUI-UniRig] Can't find algo Simt_bf16bf16bf16f32f32tnt_m64n64k8m32n32k8A1_200_S1 in prebuilt. compile with nvrtc...
  [ComfyUI] [worker:ComfyUI-UniRig] Can't find algo Ampere_bf16bf16bf16f32f32tnt_m64n64k32m32n32k32A1T16816_200_C301LLL_SK in prebuilt. compile with nvrtc...
  [ComfyUI] [worker:ComfyUI-UniRig] Can't find algo Ampere_bf16bf16bf16f32f32tnt_m64n64k32m32n32k32A1T16816_200_C301LLL_SK in prebuilt. compile with nvrtc...
  [ComfyUI] [worker:ComfyUI-UniRig] Can't find algo Ampere_bf16bf16bf16f32f32tnt_m64n64k32m32n32k32A1T16816_200_C301LLL_SK in prebuilt. compile with nvrtc...
  [ComfyUI] [worker:ComfyUI-UniRig] Can't find algo Ampere_bf16bf16bf16f32f32tnt_m64n64k32m32n32k32A1T16816_200_C301LLL_SK in prebuilt. compile with nvrtc...
  [ComfyUI] [worker:ComfyUI-UniRig] Can't find algo Ampere_bf16bf16bf16f32f32tnt_m64n64k32m32n32k32A1T16816_300_C301LLL_SK in prebuilt. compile with nvrtc...
  [ComfyUI] [worker:ComfyUI-UniRig] Can't find algo Ampere_bf16bf16bf16f32f32tnt_m64n64k32m32n32k32A1T16816_300_C301LLL_SK in prebuilt. compile with nvrtc...
  [ComfyUI] [worker:ComfyUI-UniRig] Can't find algo Ampere_bf16bf16bf16f32f32tnt_m64n64k32m32n32k32A1T16816_300_C301LLL_SK in prebuilt. compile with nvrtc...
  [ComfyUI] [worker:ComfyUI-UniRig] Can't find algo Ampere_bf16bf16bf16f32f32tnt_m64n64k32m32n32k32A1T16816_300_C301LLL_SK in prebuilt. compile with nvrtc...
  [capture-loop] iter=450 t=59.1s state={'complete': False, 'error': None, 'executedCount': 0, 'wsState': 1} eval_ms=6 ram=7.5/31.2GB (24%) swap=1.5/32.0GB (5%) cpu=11% browser_rss=0.88GB
  [ComfyUI] [worker:ComfyUI-UniRig] Can't find algo Ampere_bf16bf16bf16f32f32tnt_m64n64k32m32n32k32A1T16816_400_C301LLL_SK in prebuilt. compile with nvrtc...
  [ComfyUI] [worker:ComfyUI-UniRig] Can't find algo Ampere_bf16bf16bf16f32f32tnt_m64n64k32m32n32k32A1T16816_400_C301LLL_SK in prebuilt. compile with nvrtc...
  [ComfyUI] [worker:ComfyUI-UniRig] Can't find algo Ampere_bf16bf16bf16f32f32tnt_m64n64k32m32n32k32A1T16816_400_C301LLL_SK in prebuilt. compile with nvrtc...
  [ComfyUI] [worker:ComfyUI-UniRig] Can't find algo Ampere_bf16bf16bf16f32f32tnt_m64n64k32m32n32k32A1T16816_400_C301LLL_SK in prebuilt. compile with nvrtc...
  [ComfyUI] [worker:ComfyUI-UniRig] Can't find algo Ampere_bf16bf16bf16f32f32tnt_m64n128k32m32n64k32A1T16816_200_C301LLL_SK in prebuilt. compile with nvrtc...
  [ComfyUI] [worker:ComfyUI-UniRig] Can't find algo Ampere_bf16bf16bf16f32f32tnt_m64n128k32m32n64k32A1T16816_200_C301LLL_SK in prebuilt. compile with nvrtc...
  [ComfyUI] [worker:ComfyUI-UniRig] Can't find algo Ampere_bf16bf16bf16f32f32tnt_m64n128k32m32n64k32A1T16816_200_C301LLL_SK in prebuilt. compile with nvrtc...
  [ComfyUI] [worker:ComfyUI-UniRig] Can't find algo Ampere_bf16bf16bf16f32f32tnt_m64n128k32m32n64k32A1T16816_200_C301LLL_SK in prebuilt. compile with nvrtc...
  [ComfyUI] [worker:ComfyUI-UniRig]
  [ComfyUI] [worker:ComfyUI-UniRig]
  [ComfyUI] [worker:ComfyUI-UniRig]
  [ComfyUI] [worker:ComfyUI-UniRig]
  [ComfyUI] === WATCHDOG TICK 1 ===
  [ComfyUI] === WATCHDOG TICK 1 ===
  [ComfyUI] === WATCHDOG TICK 1 ===
  [ComfyUI] === WATCHDOG TICK 1 ===
  [ComfyUI] [worker:ComfyUI-UniRig] Thread 0x00007eb5e0a83640 (most recent call first):
  [ComfyUI] [worker:ComfyUI-UniRig] Thread 0x00007eb5e0a83640 (most recent call first):
  [ComfyUI] [worker:ComfyUI-UniRig] Thread 0x00007eb5e0a83640 (most recent call first):
  [ComfyUI] [worker:ComfyUI-UniRig] Thread 0x00007eb5e0a83640 (most recent call first):
  [ComfyUI]   File "/tmp/comfyui_pvenv_yzgk5ewl/persistent_worker.py", line 106 in _vram_poller
  [ComfyUI]   File "/tmp/comfyui_pvenv_yzgk5ewl/persistent_worker.py", line 106 in _vram_poller
  [ComfyUI]   File "/tmp/comfyui_pvenv_yzgk5ewl/persistent_worker.py", line 106 in _vram_poller
  [ComfyUI]   File "/tmp/comfyui_pvenv_yzgk5ewl/persistent_worker.py", line 106 in _vram_poller
  [ComfyUI]   File "/root/.ce/.pixi/envs/unirig-nodes/lib/python3.11/threading.py", line 982 in run
  [ComfyUI]   File "/root/.ce/.pixi/envs/unirig-nodes/lib/python3.11/threading.py", line 982 in run
  [ComfyUI]   File "/root/.ce/.pixi/envs/unirig-nodes/lib/python3.11/threading.py", line 982 in run
  [ComfyUI]   File "/root/.ce/.pixi/envs/unirig-nodes/lib/python3.11/threading.py", line 982 in run
  [ComfyUI]   File "/root/.ce/.pixi/envs/unirig-nodes/lib/python3.11/threading.py", line 1045 in _bootstrap_inner
  [ComfyUI]   File "/root/.ce/.pixi/envs/unirig-nodes/lib/python3.11/threading.py", line 1045 in _bootstrap_inner
  [ComfyUI]   File "/root/.ce/.pixi/envs/unirig-nodes/lib/python3.11/threading.py", line 1045 in _bootstrap_inner
  [ComfyUI]   File "/root/.ce/.pixi/envs/unirig-nodes/lib/python3.11/threading.py", line 1045 in _bootstrap_inner
  [ComfyUI]   File "/root/.ce/.pixi/envs/unirig-nodes/lib/python3.11/threading.py", line 1002 in _bootstrap
  [ComfyUI]   File "/root/.ce/.pixi/envs/unirig-nodes/lib/python3.11/threading.py", line 1002 in _bootstrap
  [ComfyUI]   File "/root/.ce/.pixi/envs/unirig-nodes/lib/python3.11/threading.py", line 1002 in _bootstrap
  [ComfyUI]   File "/root/.ce/.pixi/envs/unirig-nodes/lib/python3.11/threading.py", line 1002 in _bootstrap
  [ComfyUI] 
  [ComfyUI] 
  [ComfyUI] 
  [ComfyUI] 
  [ComfyUI] Current thread 0x00007eb5e1288640 (most recent call first):
  [ComfyUI] Current thread 0x00007eb5e1288640 (most recent call first):
  [ComfyUI] Current thread 0x00007eb5e1288640 (most recent call first):
  [ComfyUI] Current thread 0x00007eb5e1288640 (most recent call first):
  [ComfyUI]   File "/tmp/comfyui_pvenv_yzgk5ewl/persistent_worker.py", line 52 in _watchdog
  [ComfyUI]   File "/tmp/comfyui_pvenv_yzgk5ewl/persistent_worker.py", line 52 in _watchdog
  [ComfyUI]   File "/tmp/comfyui_pvenv_yzgk5ewl/persistent_worker.py", line 52 in _watchdog
  [ComfyUI]   File "/tmp/comfyui_pvenv_yzgk5ewl/persistent_worker.py", line 52 in _watchdog
  [ComfyUI]   File "/root/.ce/.pixi/envs/unirig-nodes/lib/python3.11/threading.py", line 982 in run
  [ComfyUI]   File "/root/.ce/.pixi/envs/unirig-nodes/lib/python3.11/threading.py", line 982 in run
  [ComfyUI]   File "/root/.ce/.pixi/envs/unirig-nodes/lib/python3.11/threading.py", line 982 in run
  [ComfyUI]   File "/root/.ce/.pixi/envs/unirig-nodes/lib/python3.11/threading.py", line 982 in run
  [ComfyUI]   File "/root/.ce/.pixi/envs/unirig-nodes/lib/python3.11/threading.py", line 1045 in _bootstrap_inner
  [ComfyUI]   File "/root/.ce/.pixi/envs/unirig-nodes/lib/python3.11/threading.py", line 1045 in _bootstrap_inner
  [ComfyUI]   File "/root/.ce/.pixi/envs/unirig-nodes/lib/python3.11/threading.py", line 1045 in _bootstrap_inner
  [ComfyUI]   File "/root/.ce/.pixi/envs/unirig-nodes/lib/python3.11/threading.py", line 1045 in _bootstrap_inner
  [ComfyUI]   File "/root/.ce/.pixi/envs/unirig-nodes/lib/python3.11/threading.py", line 1002 in _bootstrap
  [ComfyUI]   File "/root/.ce/.pixi/envs/unirig-nodes/lib/python3.11/threading.py", line 1002 in _bootstrap
  [ComfyUI]   File "/root/.ce/.pixi/envs/unirig-nodes/lib/python3.11/threading.py", line 1002 in _bootstrap
  [ComfyUI]   File "/root/.ce/.pixi/envs/unirig-nodes/lib/python3.11/threading.py", line 1002 in _bootstrap
  [ComfyUI] 
  [ComfyUI] 
  [ComfyUI] 
  [ComfyUI] 
  [ComfyUI] Thread 0x00007eb5e18a8740 (most recent call first):
  [ComfyUI] Thread 0x00007eb5e18a8740 (most recent call first):
  [ComfyUI] Thread 0x00007eb5e18a8740 (most recent call first):
  [ComfyUI] Thread 0x00007eb5e18a8740 (most recent call first):
  [ComfyUI]   File "/tmp/comfyui_pvenv_yzgk5ewl/persistent_worker.py", line 82 in wlog
  [ComfyUI]   File "/tmp/comfyui_pvenv_yzgk5ewl/persistent_worker.py", line 82 in wlog
  [ComfyUI]   File "/tmp/comfyui_pvenv_yzgk5ewl/persistent_worker.py", line 82 in wlog
  [ComfyUI]   File "/tmp/comfyui_pvenv_yzgk5ewl/persistent_worker.py", line 82 in wlog
  [ComfyUI]   File "/tmp/comfyui_pvenv_yzgk5ewl/persistent_worker.py", line 1230 in _forwarded_print
  [ComfyUI]   File "/tmp/comfyui_pvenv_yzgk5ewl/persistent_worker.py", line 1230 in _forwarded_print
  [ComfyUI]   File "/tmp/comfyui_pvenv_yzgk5ewl/persistent_worker.py", line 1230 in _forwarded_print
  [ComfyUI]   File "/tmp/comfyui_pvenv_yzgk5ewl/persistent_worker.py", line 1230 in _forwarded_print
  [ComfyUI]   File "/root/.ce/.pixi/envs/unirig-nodes/lib/python3.1/site-packages/spconv/algo.py", line 209 in cached_get_nvrtc_params
  [ComfyUI]   File "/root/.ce/.pixi/envs/unirig-nodes/lib/python3.1/site-packages/spconv/algo.py", line 209 in cached_get_nvrtc_params
  [ComfyUI]   File "/root/.ce/.pixi/envs/unirig-nodes/lib/python3.1/site-packages/spconv/algo.py", line 209 in cached_get_nvrtc_params
  [ComfyUI]   File "/root/.ce/.pixi/envs/unirig-nodes/lib/python3.1/site-packages/spconv/algo.py", line 209 in cached_get_nvrtc_params
  [ComfyUI]   File "/root/.ce/.pixi/envs/unirig-nodes/lib/python3.1/site-packages/spconv/pytorch/ops.py", line 1513 in implicit_gemm
  [ComfyUI]   File "/root/.ce/.pixi/envs/unirig-nodes/lib/python3.1/site-packages/spconv/pytorch/ops.py", line 1513 in implicit_gemm
  [ComfyUI]   File "/root/.ce/.pixi/envs/unirig-nodes/lib/python3.1/site-packages/spconv/pytorch/ops.py", line 1513 in implicit_gemm
  [ComfyUI]   File "/root/.ce/.pixi/envs/unirig-nodes/lib/python3.1/site-packages/spconv/pytorch/ops.py", line 1513 in implicit_gemm
  [ComfyUI]   File "/root/.ce/.pixi/envs/unirig-nodes/lib/python3.1/site-packages/spconv/pytorch/conv.py", line 467 in _conv_forward
  [ComfyUI]   File "/root/.ce/.pixi/envs/unirig-nodes/lib/python3.1/site-packages/spconv/pytorch/conv.py", line 467 in _conv_forward
  [ComfyUI]   File "/root/.ce/.pixi/envs/unirig-nodes/lib/python3.1/site-packages/spconv/pytorch/conv.py", line 467 in _conv_forward
  [ComfyUI]   File "/root/.ce/.pixi/envs/unirig-nodes/lib/python3.1/site-packages/spconv/pytorch/conv.py", line 467 in _conv_forward
  [ComfyUI]   File "/root/.ce/.pixi/envs/unirig-nodes/lib/python3.1/site-packages/spconv/pytorch/conv.py", line 755 in forward
  [ComfyUI]   File "/root/.ce/.pixi/envs/unirig-nodes/lib/python3.1/site-packages/spconv/pytorch/conv.py", line 755 in forward
  [ComfyUI]   File "/root/.ce/.pixi/envs/unirig-nodes/lib/python3.1/site-packages/spconv/pytorch/conv.py", line 755 in forward
  [ComfyUI]   File "/root/.ce/.pixi/envs/unirig-nodes/lib/python3.1/site-packages/spconv/pytorch/conv.py", line 755 in forward
  [ComfyUI]   File "/root/.ce/.pixi/envs/unirig-nodes/lib/python3.11/site-packages/torch/nn/modules/module.py", line 1790 in _call_impl
  [ComfyUI]   File "/root/.ce/.pixi/envs/unirig-nodes/lib/python3.11/site-packages/torch/nn/modules/module.py", line 1790 in _call_impl
  [ComfyUI]   File "/root/.ce/.pixi/envs/unirig-nodes/lib/python3.11/site-packages/torch/nn/modules/module.py", line 1790 in _call_impl
  [ComfyUI]   File "/root/.ce/.pixi/envs/unirig-nodes/lib/python3.11/site-packages/torch/nn/modules/module.py", line 1790 in _call_impl
  [ComfyUI]   File "/root/.ce/.pixi/envs/unirig-nodes/lib/python3.11/site-packages/torch/nn/modules/module.py", line 1779 in _wrapped_call_impl
  [ComfyUI]   File "/root/.ce/.pixi/envs/unirig-nodes/lib/python3.11/site-packages/torch/nn/modules/module.py", line 1779 in _wrapped_call_impl
  [ComfyUI]   File "/root/.ce/.pixi/envs/unirig-nodes/lib/python3.11/site-packages/torch/nn/modules/module.py", line 1779 in _wrapped_call_impl
  [ComfyUI]   File "/root/.ce/.pixi/envs/unirig-nodes/lib/python3.11/site-packages/torch/nn/modules/module.py", line 1779 in _wrapped_call_impl
  [ComfyUI]   File "/workspaces/UniRig-0054/ComfyUI/custom_nodes/ComfyUI-UniRig/nodes/unirig/ptv3_encoder.py", line 226 in forward
  [ComfyUI]   File "/workspaces/UniRig-0054/ComfyUI/custom_nodes/ComfyUI-UniRig/nodes/unirig/ptv3_encoder.py", line 226 in forward
  [ComfyUI]   File "/workspaces/UniRig-0054/ComfyUI/custom_nodes/ComfyUI-UniRig/nodes/unirig/ptv3_encoder.py", line 226 in forward
  [ComfyUI]   File "/workspaces/UniRig-0054/ComfyUI/custom_nodes/ComfyUI-UniRig/nodes/unirig/ptv3_encoder.py", line 226 in forward
  [ComfyUI]   File "/root/.ce/.pixi/envs/unirig-nodes/lib/python3.11/site-packages/torch/nn/modules/module.py", line 1790 in _call_impl
  [ComfyUI]   File "/root/.ce/.pixi/envs/unirig-nodes/lib/python3.11/site-packages/torch/nn/modules/module.py", line 1790 in _call_impl
  [ComfyUI]   File "/root/.ce/.pixi/envs/unirig-nodes/lib/python3.11/site-packages/torch/nn/modules/module.py", line 1790 in _call_impl
  [ComfyUI]   File "/root/.ce/.pixi/envs/unirig-nodes/lib/python3.11/site-packages/torch/nn/modules/module.py", line 1790 in _call_impl
  [ComfyUI]   File "/root/.ce/.pixi/envs/unirig-nodes/lib/python3.11/site-packages/torch/nn/modules/module.py", line 1779 in _wrapped_call_impl
  [ComfyUI]   File "/root/.ce/.pixi/envs/unirig-nodes/lib/python3.11/site-packages/torch/nn/modules/module.py", line 1779 in _wrapped_call_impl
  [ComfyUI]   File "/root/.ce/.pixi/envs/unirig-nodes/lib/python3.11/site-packages/torch/nn/modules/module.py", line 1779 in _wrapped_call_impl
  [ComfyUI]   File "/root/.ce/.pixi/envs/unirig-nodes/lib/python3.11/site-packages/torch/nn/modules/module.py", line 1779 in _wrapped_call_impl
  [ComfyUI]   File "/workspaces/UniRig-0054/ComfyUI/custom_nodes/ComfyUI-UniRig/nodes/unirig/ptv3_encoder.py", line 583 in forward
  [ComfyUI]   File "/workspaces/UniRig-0054/ComfyUI/custom_nodes/ComfyUI-UniRig/nodes/unirig/ptv3_encoder.py", line 583 in forward
  [ComfyUI]   File "/workspaces/UniRig-0054/ComfyUI/custom_nodes/ComfyUI-UniRig/nodes/unirig/ptv3_encoder.py", line 583 in forward
  [ComfyUI]   File "/workspaces/UniRig-0054/ComfyUI/custom_nodes/ComfyUI-UniRig/nodes/unirig/ptv3_encoder.py", line 583 in forward
  [ComfyUI]   File "/root/.ce/.pixi/envs/unirig-nodes/lib/python3.11/site-packages/torch/nn/modules/module.py", line 1790 in _call_impl
  [ComfyUI]   File "/root/.ce/.pixi/envs/unirig-nodes/lib/python3.11/site-packages/torch/nn/modules/module.py", line 1790 in _call_impl
  [ComfyUI]   File "/root/.ce/.pixi/envs/unirig-nodes/lib/python3.11/site-packages/torch/nn/modules/module.py", line 1790 in _call_impl
  [ComfyUI]   File "/root/.ce/.pixi/envs/unirig-nodes/lib/python3.11/site-packages/torch/nn/modules/module.py", line 1790 in _call_impl
  [ComfyUI]   File "/root/.ce/.pixi/envs/unirig-nodes/lib/python3.11/site-packages/torch/nn/modules/module.py", line 1779 in _wrapped_call_impl
  [ComfyUI]   File "/root/.ce/.pixi/envs/unirig-nodes/lib/python3.11/site-packages/torch/nn/modules/module.py", line 1779 in _wrapped_call_impl
  [ComfyUI]   File "/root/.ce/.pixi/envs/unirig-nodes/lib/python3.11/site-packages/torch/nn/modules/module.py", line 1779 in _wrapped_call_impl
  [ComfyUI]   File "/root/.ce/.pixi/envs/unirig-nodes/lib/python3.11/site-packages/torch/nn/modules/module.py", line 1779 in _wrapped_call_impl
  [ComfyUI]   File "/workspaces/UniRig-0054/ComfyUI/custom_nodes/ComfyUI-UniRig/nodes/unirig/ptv3_encoder.py", line 223 in forward
  [ComfyUI]   File "/workspaces/UniRig-0054/ComfyUI/custom_nodes/ComfyUI-UniRig/nodes/unirig/ptv3_encoder.py", line 223 in forward
  [ComfyUI]   File "/workspaces/UniRig-0054/ComfyUI/custom_nodes/ComfyUI-UniRig/nodes/unirig/ptv3_encoder.py", line 223 in forward
  [ComfyUI]   File "/workspaces/UniRig-0054/ComfyUI/custom_nodes/ComfyUI-UniRig/nodes/unirig/ptv3_encoder.py", line 223 in forward
  [ComfyUI]   File "/root/.ce/.pixi/envs/unirig-nodes/lib/python3.11/site-packages/torch/nn/modules/module.py", line 1790 in _call_impl
  [ComfyUI]   File "/root/.ce/.pixi/envs/unirig-nodes/lib/python3.11/site-packages/torch/nn/modules/module.py", line 1790 in _call_impl
  [ComfyUI]   File "/root/.ce/.pixi/envs/unirig-nodes/lib/python3.11/site-packages/torch/nn/modules/module.py", line 1790 in _call_impl
  [ComfyUI]   File "/root/.ce/.pixi/envs/unirig-nodes/lib/python3.11/site-packages/torch/nn/modules/module.py", line 1790 in _call_impl
  [ComfyUI]   File "/root/.ce/.pixi/envs/unirig-nodes/lib/python3.11/site-packages/torch/nn/modules/module.py", line 1779 in _wrapped_call_impl
  [ComfyUI]   File "/root/.ce/.pixi/envs/unirig-nodes/lib/python3.11/site-packages/torch/nn/modules/module.py", line 1779 in _wrapped_call_impl
  [ComfyUI]   File "/root/.ce/.pixi/envs/unirig-nodes/lib/python3.11/site-packages/torch/nn/modules/module.py", line 1779 in _wrapped_call_impl
  [ComfyUI]   File "/root/.ce/.pixi/envs/unirig-nodes/lib/python3.11/site-packages/torch/nn/modules/module.py", line 1779 in _wrapped_call_impl
  [ComfyUI]   File "/workspaces/UniRig-0054/ComfyUI/custom_nodes/ComfyUI-UniRig/nodes/unirig/ptv3_encoder.py", line 223 in forward
  [ComfyUI]   File "/workspaces/UniRig-0054/ComfyUI/custom_nodes/ComfyUI-UniRig/nodes/unirig/ptv3_encoder.py", line 223 in forward
  [ComfyUI]   File "/workspaces/UniRig-0054/ComfyUI/custom_nodes/ComfyUI-UniRig/nodes/unirig/ptv3_encoder.py", line 223 in forward
  [ComfyUI]   File "/workspaces/UniRig-0054/ComfyUI/custom_nodes/ComfyUI-UniRig/nodes/unirig/ptv3_encoder.py", line 223 in forward
  [ComfyUI]   File "/root/.ce/.pixi/envs/unirig-nodes/lib/python3.11/site-packages/torch/nn/modules/module.py", line 1790 in _call_impl
  [ComfyUI]   File "/root/.ce/.pixi/envs/unirig-nodes/lib/python3.11/site-packages/torch/nn/modules/module.py", line 1790 in _call_impl
  [ComfyUI]   File "/root/.ce/.pixi/envs/unirig-nodes/lib/python3.11/site-packages/torch/nn/modules/module.py", line 1790 in _call_impl
  [ComfyUI]   File "/root/.ce/.pixi/envs/unirig-nodes/lib/python3.11/site-packages/torch/nn/modules/module.py", line 1790 in _call_impl
  [ComfyUI]   File "/root/.ce/.pixi/envs/unirig-nodes/lib/python3.11/site-packages/torch/nn/modules/module.py", line 1779 in _wrapped_call_impl
  [ComfyUI]   File "/root/.ce/.pixi/envs/unirig-nodes/lib/python3.11/site-packages/torch/nn/modules/module.py", line 1779 in _wrapped_call_impl
  [ComfyUI]   File "/root/.ce/.pixi/envs/unirig-nodes/lib/python3.11/site-packages/torch/nn/modules/module.py", line 1779 in _wrapped_call_impl
  [ComfyUI]   File "/root/.ce/.pixi/envs/unirig-nodes/lib/python3.11/site-packages/torch/nn/modules/module.py", line 1779 in _wrapped_call_impl
  [ComfyUI]   File "/workspaces/UniRig-0054/ComfyUI/custom_nodes/ComfyUI-UniRig/nodes/unirig/ptv3_encoder.py", line 873 in forward
  [ComfyUI]   File "/workspaces/UniRig-0054/ComfyUI/custom_nodes/ComfyUI-UniRig/nodes/unirig/ptv3_encoder.py", line 873 in forward
  [ComfyUI]   File "/workspaces/UniRig-0054/ComfyUI/custom_nodes/ComfyUI-UniRig/nodes/unirig/ptv3_encoder.py", line 873 in forward
  [ComfyUI]   File "/workspaces/UniRig-0054/ComfyUI/custom_nodes/ComfyUI-UniRig/nodes/unirig/ptv3_encoder.py", line 873 in forward
  [ComfyUI]   File "/root/.ce/.pixi/envs/unirig-nodes/lib/python3.11/site-packages/torch/nn/modules/module.py", line 1790 in _call_impl
  [ComfyUI]   File "/root/.ce/.pixi/envs/unirig-nodes/lib/python3.11/site-packages/torch/nn/modules/module.py", line 1790 in _call_impl
  [ComfyUI]   File "/root/.ce/.pixi/envs/unirig-nodes/lib/python3.11/site-packages/torch/nn/modules/module.py", line 1790 in _call_impl
  [ComfyUI]   File "/root/.ce/.pixi/envs/unirig-nodes/lib/python3.11/site-packages/torch/nn/modules/module.py", line 1790 in _call_impl
  [ComfyUI]   File "/root/.ce/.pixi/envs/unirig-nodes/lib/python3.11/site-packages/torch/nn/modules/module.py", line 1779 in _wrapped_call_impl
  [ComfyUI]   File "/root/.ce/.pixi/envs/unirig-nodes/lib/python3.11/site-packages/torch/nn/modules/module.py", line 1779 in _wrapped_call_impl
  [ComfyUI]   File "/root/.ce/.pixi/envs/unirig-nodes/lib/python3.11/site-packages/torch/nn/modules/module.py", line 1779 in _wrapped_call_impl
  [ComfyUI]   File "/root/.ce/.pixi/envs/unirig-nodes/lib/python3.11/site-packages/torch/nn/modules/module.py", line 1779 in _wrapped_call_impl
  [ComfyUI]   File "/workspaces/UniRig-0054/ComfyUI/custom_nodes/ComfyUI-UniRig/nodes/unirig/unirig_skin.py", line 355 in _get_predict
  [ComfyUI]   File "/workspaces/UniRig-0054/ComfyUI/custom_nodes/ComfyUI-UniRig/nodes/unirig/unirig_skin.py", line 355 in _get_predict
  [ComfyUI]   File "/workspaces/UniRig-0054/ComfyUI/custom_nodes/ComfyUI-UniRig/nodes/unirig/unirig_skin.py", line 355 in _get_predict
  [ComfyUI]   File "/workspaces/UniRig-0054/ComfyUI/custom_nodes/ComfyUI-UniRig/nodes/unirig/unirig_skin.py", line 355 in _get_predict
  [ComfyUI]   File "/workspaces/UniRig-0054/ComfyUI/custom_nodes/ComfyUI-UniRig/nodes/unirig/unirig_skin.py", line 413 in predict_step
  [ComfyUI]   File "/workspaces/UniRig-0054/ComfyUI/custom_nodes/ComfyUI-UniRig/nodes/unirig/unirig_skin.py", line 413 in predict_step
  [ComfyUI]   File "/workspaces/UniRig-0054/ComfyUI/custom_nodes/ComfyUI-UniRig/nodes/unirig/unirig_skin.py", line 413 in predict_step
  [ComfyUI]   File "/workspaces/UniRig-0054/ComfyUI/custom_nodes/ComfyUI-UniRig/nodes/unirig/unirig_skin.py", line 413 in predict_step
  [ComfyUI]   File "/workspaces/UniRig-0054/ComfyUI/custom_nodes/ComfyUI-UniRig/nodes/unirig/direct.py", line 615 in predict_skinning
  [ComfyUI]   File "/workspaces/UniRig-0054/ComfyUI/custom_nodes/ComfyUI-UniRig/nodes/unirig/direct.py", line 615 in predict_skinning
  [ComfyUI]   File "/workspaces/UniRig-0054/ComfyUI/custom_nodes/ComfyUI-UniRig/nodes/unirig/direct.py", line 615 in predict_skinning
  [ComfyUI]   File "/workspaces/UniRig-0054/ComfyUI/custom_nodes/ComfyUI-UniRig/nodes/unirig/direct.py", line 615 in predict_skinning
  [ComfyUI]   File "/root/.ce/.pixi/envs/unirig-nodes/lib/python3.11/site-packages/torch/utils/_contextlib.py", line 124 in decorate_context
  [ComfyUI]   File "/root/.ce/.pixi/envs/unirig-nodes/lib/python3.11/site-packages/torch/utils/_contextlib.py", line 124 in decorate_context
  [ComfyUI]   File "/root/.ce/.pixi/envs/unirig-nodes/lib/python3.11/site-packages/torch/utils/_contextlib.py", line 124 in decorate_context
  [ComfyUI]   File "/root/.ce/.pixi/envs/unirig-nodes/lib/python3.11/site-packages/torch/utils/_contextlib.py", line 124 in decorate_context
  [ComfyUI]   File "/workspaces/UniRig-0054/ComfyUI/custom_nodes/ComfyUI-UniRig/nodes/skinning.py", line 289 in execute
  [ComfyUI]   File "/workspaces/UniRig-0054/ComfyUI/custom_nodes/ComfyUI-UniRig/nodes/skinning.py", line 289 in execute
  [ComfyUI]   File "/workspaces/UniRig-0054/ComfyUI/custom_nodes/ComfyUI-UniRig/nodes/skinning.py", line 289 in execute
  [ComfyUI]   File "/workspaces/UniRig-0054/ComfyUI/custom_nodes/ComfyUI-UniRig/nodes/skinning.py", line 289 in execute
  [ComfyUI]   File "/workspaces/UniRig-0054/ComfyUI/custom_nodes/ComfyUI-UniRig/nodes/auto_rig.py", line 144 in execute
  [ComfyUI]   File "/workspaces/UniRig-0054/ComfyUI/custom_nodes/ComfyUI-UniRig/nodes/auto_rig.py", line 144 in execute
  [ComfyUI]   File "/workspaces/UniRig-0054/ComfyUI/custom_nodes/ComfyUI-UniRig/nodes/auto_rig.py", line 144 in execute
  [ComfyUI]   File "/workspaces/UniRig-0054/ComfyUI/custom_nodes/ComfyUI-UniRig/nodes/auto_rig.py", line 144 in execute
  [ComfyUI]   File "/workspaces/UniRig-0054/ComfyUI/comfy_api/latest/_io.py", line 1833 in EXECUTE_NORMALIZED
  [ComfyUI]   File "/workspaces/UniRig-0054/ComfyUI/comfy_api/latest/_io.py", line 1833 in EXECUTE_NORMALIZED
  [ComfyUI]   File "/workspaces/UniRig-0054/ComfyUI/comfy_api/latest/_io.py", line 1833 in EXECUTE_NORMALIZED
  [ComfyUI]   File "/workspaces/UniRig-0054/ComfyUI/comfy_api/latest/_io.py", line 1833 in EXECUTE_NORMALIZED
  [ComfyUI]   File "/tmp/comfyui_pvenv_yzgk5ewl/persistent_worker.py", line 1762 in main
  [ComfyUI]   File "/tmp/comfyui_pvenv_yzgk5ewl/persistent_worker.py", line 1762 in main
  [ComfyUI]   File "/tmp/comfyui_pvenv_yzgk5ewl/persistent_worker.py", line 1762 in main
  [ComfyUI]   File "/tmp/comfyui_pvenv_yzgk5ewl/persistent_worker.py", line 1762 in main
  [ComfyUI]   File "/tmp/comfyui_pvenv_yzgk5ewl/persistent_worker.py", line 1807 in <module>
  [ComfyUI]   File "/tmp/comfyui_pvenv_yzgk5ewl/persistent_worker.py", line 1807 in <module>
  [ComfyUI]   File "/tmp/comfyui_pvenv_yzgk5ewl/persistent_worker.py", line 1807 in <module>
  [ComfyUI]   File "/tmp/comfyui_pvenv_yzgk5ewl/persistent_worker.py", line 1807 in <module>
  [ComfyUI] 
  [ComfyUI] 
  [ComfyUI] 
  [ComfyUI] 
  [ComfyUI] [worker:ComfyUI-UniRig] === END ===
  [ComfyUI] [worker:ComfyUI-UniRig] === END ===
  [ComfyUI] [worker:ComfyUI-UniRig] === END ===
  [ComfyUI] [worker:ComfyUI-UniRig] === END ===
  [ComfyUI] 
  [ComfyUI] 
  [ComfyUI] 
  [ComfyUI] 
  [ComfyUI] [worker:ComfyUI-UniRig] Can't find algo Ampere_bf16bf16bf16f32f32tnt_m64n128k32m32n64k32A1T16816_300_C301LLL_SK in prebuilt. compile with nvrtc...
  [ComfyUI] [worker:ComfyUI-UniRig] Can't find algo Ampere_bf16bf16bf16f32f32tnt_m64n128k32m32n64k32A1T16816_300_C301LLL_SK in prebuilt. compile with nvrtc...
  [ComfyUI] [worker:ComfyUI-UniRig] Can't find algo Ampere_bf16bf16bf16f32f32tnt_m64n128k32m32n64k32A1T16816_300_C301LLL_SK in prebuilt. compile with nvrtc...
  [ComfyUI] [worker:ComfyUI-UniRig] Can't find algo Ampere_bf16bf16bf16f32f32tnt_m64n128k32m32n64k32A1T16816_300_C301LLL_SK in prebuilt. compile with nvrtc...
  [capture-loop] iter=500 t=65.3s state={'complete': False, 'error': None, 'executedCount': 0, 'wsState': 1} eval_ms=14 ram=7.4/31.2GB (24%) swap=1.5/32.0GB (5%) cpu=11% browser_rss=0.87GB
  [ComfyUI] [worker:ComfyUI-UniRig] Can't find algo Ampere_bf16bf16bf16f32f32tnt_m64n128k32m32n64k32A1T16816_400_C301LLL_SK in prebuilt. compile with nvrtc...
  [ComfyUI] [worker:ComfyUI-UniRig] Can't find algo Ampere_bf16bf16bf16f32f32tnt_m64n128k32m32n64k32A1T16816_400_C301LLL_SK in prebuilt. compile with nvrtc...
  [ComfyUI] [worker:ComfyUI-UniRig] Can't find algo Ampere_bf16bf16bf16f32f32tnt_m64n128k32m32n64k32A1T16816_400_C301LLL_SK in prebuilt. compile with nvrtc...
  [ComfyUI] [worker:ComfyUI-UniRig] Can't find algo Ampere_bf16bf16bf16f32f32tnt_m64n128k32m32n64k32A1T16816_400_C301LLL_SK in prebuilt. compile with nvrtc...
  [ComfyUI] [worker:ComfyUI-UniRig] Can't find algo Ampere_bf16bf16bf16f32f32tnt_m128n64k32m64n32k32A1T16816_200_C301LLL_SK in prebuilt. compile with nvrtc...
  [ComfyUI] [worker:ComfyUI-UniRig] Can't find algo Ampere_bf16bf16bf16f32f32tnt_m128n64k32m64n32k32A1T16816_200_C301LLL_SK in prebuilt. compile with nvrtc...
  [ComfyUI] [worker:ComfyUI-UniRig] Can't find algo Ampere_bf16bf16bf16f32f32tnt_m128n64k32m64n32k32A1T16816_200_C301LLL_SK in prebuilt. compile with nvrtc...
  [ComfyUI] [worker:ComfyUI-UniRig] Can't find algo Ampere_bf16bf16bf16f32f32tnt_m128n64k32m64n32k32A1T16816_200_C301LLL_SK in prebuilt. compile with nvrtc...
  [ComfyUI] [worker:ComfyUI-UniRig] Can't find algo Ampere_bf16bf16bf16f32f32tnt_m128n64k32m64n32k32A1T16816_300_C301LLL_SK in prebuilt. compile with nvrtc...
  [ComfyUI] [worker:ComfyUI-UniRig] Can't find algo Ampere_bf16bf16bf16f32f32tnt_m128n64k32m64n32k32A1T16816_300_C301LLL_SK in prebuilt. compile with nvrtc...
  [ComfyUI] [worker:ComfyUI-UniRig] Can't find algo Ampere_bf16bf16bf16f32f32tnt_m128n64k32m64n32k32A1T16816_300_C301LLL_SK in prebuilt. compile with nvrtc...
  [ComfyUI] [worker:ComfyUI-UniRig] Can't find algo Ampere_bf16bf16bf16f32f32tnt_m128n64k32m64n32k32A1T16816_300_C301LLL_SK in prebuilt. compile with nvrtc...
  [capture-loop] iter=550 t=71.8s state={'complete': False, 'error': None, 'executedCount': 0, 'wsState': 1} eval_ms=13 ram=7.4/31.2GB (24%) swap=1.5/32.0GB (5%) cpu=11% browser_rss=0.88GB
  [ComfyUI] [worker:ComfyUI-UniRig] Can't find algo Ampere_bf16bf16bf16f32f32tnt_m128n64k32m64n32k32A1T16816_400_C301LLL_SK in prebuilt. compile with nvrtc...
  [ComfyUI] [worker:ComfyUI-UniRig] Can't find algo Ampere_bf16bf16bf16f32f32tnt_m128n64k32m64n32k32A1T16816_400_C301LLL_SK in prebuilt. compile with nvrtc...
  [ComfyUI] [worker:ComfyUI-UniRig] Can't find algo Ampere_bf16bf16bf16f32f32tnt_m128n64k32m64n32k32A1T16816_400_C301LLL_SK in prebuilt. compile with nvrtc...
  [ComfyUI] [worker:ComfyUI-UniRig] Can't find algo Ampere_bf16bf16bf16f32f32tnt_m128n64k32m64n32k32A1T16816_400_C301LLL_SK in prebuilt. compile with nvrtc...
  [ComfyUI] [worker:ComfyUI-UniRig] [33m[comfy-attn] Varlen attention: flash[0m
  [ComfyUI] [worker:ComfyUI-UniRig] [33m[comfy-attn] Varlen attention: flash[0m
  [ComfyUI] [worker:ComfyUI-UniRig] [33m[comfy-attn] Varlen attention: flash[0m
  [ComfyUI] [worker:ComfyUI-UniRig] [33m[comfy-attn] Varlen attention: flash[0m
  [ComfyUI] [SubprocessWorker] callback 'report_progress' from call_id=29
  [ComfyUI] [SubprocessWorker] callback 'report_progress' from call_id=29
  [ComfyUI] [SubprocessWorker] callback 'report_progress' from call_id=29
  [ComfyUI] [SubprocessWorker] callback 'report_progress' from call_id=29
  Frame 7 saved (frame_006.jpg, t=74.9s)
  [capture-periodic] freeze=3ms shot=212ms unfreeze=3ms saved=True
  [capture-loop] iter=600 t=78.4s state={'complete': False, 'error': None, 'executedCount': 0, 'wsState': 1} eval_ms=14 ram=7.5/31.2GB (24%) swap=1.5/32.0GB (5%) cpu=11% browser_rss=0.88GB
  [ComfyUI] [worker:ComfyUI-UniRig]
  [ComfyUI] [worker:ComfyUI-UniRig]
  [ComfyUI] [worker:ComfyUI-UniRig]
  [ComfyUI] [worker:ComfyUI-UniRig]
  [ComfyUI] FBX export starting... '/tmp/unirig_skinning_new_a0jrm4q2/rigged.fbx'
  [ComfyUI] FBX export starting... '/tmp/unirig_skinning_new_a0jrm4q2/rigged.fbx'
  [ComfyUI] FBX export starting... '/tmp/unirig_skinning_new_a0jrm4q2/rigged.fbx'
  [ComfyUI] FBX export starting... '/tmp/unirig_skinning_new_a0jrm4q2/rigged.fbx'
  [ComfyUI] [worker:ComfyUI-UniRig] (bpy.data.armatures['Armature'], 'POSE')
  [ComfyUI] [worker:ComfyUI-UniRig] (bpy.data.armatures['Armature'], 'POSE')
  [ComfyUI] [worker:ComfyUI-UniRig] (bpy.data.armatures['Armature'], 'POSE')
  [ComfyUI] [worker:ComfyUI-UniRig] (bpy.data.armatures['Armature'], 'POSE')
  [ComfyUI] [worker:ComfyUI-UniRig] export finished in 5.2091 sec.
  [ComfyUI] [worker:ComfyUI-UniRig] export finished in 5.2091 sec.
  [ComfyUI] [worker:ComfyUI-UniRig] export finished in 5.2091 sec.
  [ComfyUI] [worker:ComfyUI-UniRig] export finished in 5.2091 sec.
  [ComfyUI] [SubprocessWorker] callback 'report_progress' from call_id=29
  [ComfyUI] [SubprocessWorker] callback 'report_progress' from call_id=29
  [ComfyUI] [SubprocessWorker] callback 'report_progress' from call_id=29
  [ComfyUI] [SubprocessWorker] callback 'report_progress' from call_id=29
  [ComfyUI] [SubprocessWorker] callback 'report_progress' from call_id=29
  [ComfyUI] [SubprocessWorker] callback 'report_progress' from call_id=29
  [ComfyUI] [SubprocessWorker] callback 'report_progress' from call_id=29
  [ComfyUI] [SubprocessWorker] callback 'report_progress' from call_id=29
  [ComfyUI] [SubprocessWorker] got response: ok
  [ComfyUI] [SubprocessWorker] got response: ok
  [ComfyUI] [SubprocessWorker] got response: ok
  [ComfyUI] [SubprocessWorker] got response: ok
  [ComfyUI] [comfy-env] Created 3 model patchers: ['UniRigAR_1', 'OPTForCausalLM_2', 'UniRigSkin_3']
  [ComfyUI] [comfy-env] Created 3 model patchers: ['UniRigAR_1', 'OPTForCausalLM_2', 'UniRigSkin_3']
  [ComfyUI] [comfy-env] Created 3 model patchers: ['UniRigAR_1', 'OPTForCausalLM_2', 'UniRigSkin_3']
  [ComfyUI] [comfy-env] Created 3 model patchers: ['UniRigAR_1', 'OPTForCausalLM_2', 'UniRigSkin_3']
  [ComfyUI] [comfy-env] UniRigAutoRig done (77.10s): result: NodeOutput
  [ComfyUI] [comfy-env] UniRigAutoRig done (77.10s): result: NodeOutput
  [ComfyUI] [comfy-env] UniRigAutoRig done (77.10s): result: NodeOutput
  [ComfyUI] [comfy-env] UniRigAutoRig done (77.10s): result: NodeOutput
  [ComfyUI] [VRAM] After UniRigAutoRig: 3881 / 24124 MB
  [ComfyUI] [VRAM] After UniRigAutoRig: 3881 / 24124 MB
  [ComfyUI] [VRAM] After UniRigAutoRig: 3881 / 24124 MB
  [ComfyUI] [VRAM] After UniRigAutoRig: 3881 / 24124 MB
  [ComfyUI] [VRAM] Loaded: SubprocessModel (695 MB), SubprocessModel (583 MB), SubprocessModel (686 MB)
  [ComfyUI] [VRAM] Loaded: SubprocessModel (695 MB), SubprocessModel (583 MB), SubprocessModel (686 MB)
  [ComfyUI] [VRAM] Loaded: SubprocessModel (695 MB), SubprocessModel (583 MB), SubprocessModel (686 MB)
  [ComfyUI] [VRAM] Loaded: SubprocessModel (695 MB), SubprocessModel (583 MB), SubprocessModel (686 MB)
  [ComfyUI] [comfy-env] Running UniRigPreviewRiggedMesh: fbx_output_path: 'rigged_1778461396_mixamo.fbx'
  [ComfyUI] [comfy-env] Running UniRigPreviewRiggedMesh: fbx_output_path: 'rigged_1778461396_mixamo.fbx'
  [ComfyUI] [comfy-env] Running UniRigPreviewRiggedMesh: fbx_output_path: 'rigged_1778461396_mixamo.fbx'
  [ComfyUI] [comfy-env] Running UniRigPreviewRiggedMesh: fbx_output_path: 'rigged_1778461396_mixamo.fbx'
  [ComfyUI] [VRAM] Before UniRigPreviewRiggedMesh: 3881 / 24124 MB
  [ComfyUI] [VRAM] Before UniRigPreviewRiggedMesh: 3881 / 24124 MB
  [ComfyUI] [VRAM] Before UniRigPreviewRiggedMesh: 3881 / 24124 MB
  [ComfyUI] [VRAM] Before UniRigPreviewRiggedMesh: 3881 / 24124 MB
  [ComfyUI] [VRAM] Loaded: SubprocessModel (695 MB), SubprocessModel (583 MB), SubprocessModel (686 MB)
  [ComfyUI] [VRAM] Loaded: SubprocessModel (695 MB), SubprocessModel (583 MB), SubprocessModel (686 MB)
  [ComfyUI] [VRAM] Loaded: SubprocessModel (695 MB), SubprocessModel (583 MB), SubprocessModel (686 MB)
  [ComfyUI] [VRAM] Loaded: SubprocessModel (695 MB), SubprocessModel (583 MB), SubprocessModel (686 MB)
  [ComfyUI] [SubprocessWorker] call_method: nodes.skeleton_io.UniRigPreviewRiggedMesh.EXECUTE_NORMALIZED
  [ComfyUI] [SubprocessWorker] call_method: nodes.skeleton_io.UniRigPreviewRiggedMesh.EXECUTE_NORMALIZED
  [ComfyUI] [SubprocessWorker] call_method: nodes.skeleton_io.UniRigPreviewRiggedMesh.EXECUTE_NORMALIZED
  [ComfyUI] [SubprocessWorker] call_method: nodes.skeleton_io.UniRigPreviewRiggedMesh.EXECUTE_NORMALIZED
  [ComfyUI] [SubprocessWorker] acquired lock, ensuring started...
  [ComfyUI] [SubprocessWorker] acquired lock, ensuring started...
  [ComfyUI] [SubprocessWorker] acquired lock, ensuring started...
  [ComfyUI] [SubprocessWorker] acquired lock, ensuring started...
  [ComfyUI] [ComfyUI-UniRig] Health check: ping (timeout=5.0s)...
  [ComfyUI] [ComfyUI-UniRig] Health check: ping (timeout=5.0s)...
  [ComfyUI] [ComfyUI-UniRig] Health check: ping (timeout=5.0s)...
  [ComfyUI] [ComfyUI-UniRig] Health check: ping (timeout=5.0s)...
  [ComfyUI] [ComfyUI-UniRig] Health check: ok
  [ComfyUI] [ComfyUI-UniRig] Health check: ok
  [ComfyUI] [ComfyUI-UniRig] Health check: ok
  [ComfyUI] [ComfyUI-UniRig] Health check: ok
  [ComfyUI] [SubprocessWorker] worker started/confirmed
  [ComfyUI] [SubprocessWorker] worker started/confirmed
  [ComfyUI] [SubprocessWorker] worker started/confirmed
  [ComfyUI] [SubprocessWorker] worker started/confirmed
  [ComfyUI] [SubprocessWorker] serializing kwargs to shm...
  [ComfyUI] [SubprocessWorker] serializing kwargs to shm...
  [ComfyUI] [SubprocessWorker] serializing kwargs to shm...
  [ComfyUI] [SubprocessWorker] serializing kwargs to shm...
  [ComfyUI] [SubprocessWorker] created 0 shm blocks
  [ComfyUI] [SubprocessWorker] created 0 shm blocks
  [ComfyUI] [SubprocessWorker] created 0 shm blocks
  [ComfyUI] [SubprocessWorker] created 0 shm blocks
  [ComfyUI] [SubprocessWorker] sending request via socket...
  [ComfyUI] [SubprocessWorker] sending request via socket...
  [ComfyUI] [SubprocessWorker] sending request via socket...
  [ComfyUI] [SubprocessWorker] sending request via socket...
  [ComfyUI] [SubprocessWorker] call_id=30 sending call_method
  [ComfyUI] [SubprocessWorker] call_id=30 sending call_method
  [ComfyUI] [SubprocessWorker] call_id=30 sending call_method
  [ComfyUI] [SubprocessWorker] call_id=30 sending call_method
  [ComfyUI] [SubprocessWorker] got response: ok
  [ComfyUI] [SubprocessWorker] got response: ok
  [ComfyUI] [SubprocessWorker] got response: ok
  [ComfyUI] [SubprocessWorker] got response: ok
  [ComfyUI] [comfy-env] UniRigPreviewRiggedMesh done (0.06s): result: NodeOutput
  [ComfyUI] [comfy-env] UniRigPreviewRiggedMesh done (0.06s): result: NodeOutput
  [ComfyUI] [comfy-env] UniRigPreviewRiggedMesh done (0.06s): result: NodeOutput
  [ComfyUI] [comfy-env] UniRigPreviewRiggedMesh done (0.06s): result: NodeOutput
  [ComfyUI] [VRAM] After UniRigPreviewRiggedMesh: 3881 / 24124 MB
  [ComfyUI] [VRAM] After UniRigPreviewRiggedMesh: 3881 / 24124 MB
  [ComfyUI] [VRAM] After UniRigPreviewRiggedMesh: 3881 / 24124 MB
  [ComfyUI] [VRAM] After UniRigPreviewRiggedMesh: 3881 / 24124 MB
  [ComfyUI] [VRAM] Loaded: SubprocessModel (695 MB), SubprocessModel (583 MB), SubprocessModel (686 MB)
  [ComfyUI] [VRAM] Loaded: SubprocessModel (695 MB), SubprocessModel (583 MB), SubprocessModel (686 MB)
  [ComfyUI] [VRAM] Loaded: SubprocessModel (695 MB), SubprocessModel (583 MB), SubprocessModel (686 MB)
  [ComfyUI] [VRAM] Loaded: SubprocessModel (695 MB), SubprocessModel (583 MB), SubprocessModel (686 MB)
  [ComfyUI] Prompt executed in 83.26 seconds
  [ComfyUI] Prompt executed in 83.26 seconds
  [ComfyUI] Prompt executed in 83.26 seconds
  [ComfyUI] Prompt executed in 83.26 seconds
  Node executed (1 total), capturing...
  Frame 8 saved (frame_007.jpg, t=83.9s)
  [capture-node] freeze=14ms shot=249ms unfreeze=1647ms saved=True
  Execution complete (t=86.2s)
  Captured 8 unique frames over 86.44s
  [debug] iframes: 1
  [debug]   iframe[0]: src=http://127.0.0.1:41896/extensions/ComfyUI-UniRig/viewer_fbx.html?v=1778461309464, canvas=817x710, rafFrozen=False
  [timing] trigger_3d_previews: 0.0s
  Saved high-quality screenshot: unirig_humanoid_executed.png
  [timing] final_screenshot: 0.5s
    Captured 9 video frames