** ComfyUI startup time: 2026-05-08 11:16:35.103
[2026-05-08 11:16:35.103] ** Platform: Darwin
[2026-05-08 11:16:35.103] ** Python version: 3.12.11 (main, Aug 18 2025, 19:02:39) [Clang 20.1.4 ]
[2026-05-08 11:16:35.103] ** Python executable: /Users/runner/Documents/ComfyUI/.venv/bin/python
[2026-05-08 11:16:35.103] ** ComfyUI Path: /Users/runner/work/comfy-gpu-ci/comfy-gpu-ci/ComfyUI.app/Contents/Resources/ComfyUI
[2026-05-08 11:16:35.104] ** ComfyUI Base Folder Path: /Users/runner/work/comfy-gpu-ci/comfy-gpu-ci/ComfyUI.app/Contents/Resources/ComfyUI
[2026-05-08 11:16:35.104] ** User directory: /Users/runner/Documents/ComfyUI/user
[2026-05-08 11:16:35.104] ** ComfyUI-Manager config path: /Users/runner/Documents/ComfyUI/user/__manager/config.ini
[2026-05-08 11:16:35.104] ** Log path: /Users/runner/Documents/ComfyUI/user/comfyui.log
[ComfyUI-Manager] Skipped fixing the 'comfyui-frontend-package' dependency because the ComfyUI is outdated.
[2026-05-08 11:16:35.596] [PRE] ComfyUI-Manager
[2026-05-08 11:16:43.236] Found comfy_kitchen backend cuda: {'available': False, 'disabled': True, 'unavailable_reason': 'Extension file not found: /Users/runner/Documents/ComfyUI/.venv/lib/python3.12/site-packages/comfy_kitchen/backends/cuda/_C.abi3.so', 'capabilities': []}
[2026-05-08 11:16:43.236] Found comfy_kitchen backend triton: {'available': False, 'disabled': True, 'unavailable_reason': "ImportError: No module named 'triton'", 'capabilities': []}
[2026-05-08 11:16:43.236] Found comfy_kitchen backend eager: {'available': True, 'disabled': False, 'unavailable_reason': None, 'capabilities': ['apply_rope', 'apply_rope1', 'dequantize_mxfp8', 'dequantize_nvfp4', 'dequantize_per_tensor_fp8', 'quantize_mxfp8', 'quantize_nvfp4', 'quantize_per_tensor_fp8', 'scaled_mm_mxfp8', 'scaled_mm_nvfp4']}
[2026-05-08 11:16:43.269] Checkpoint files will always be loaded safely.
[2026-05-08 11:16:43.359] Total VRAM 7168 MB, total RAM 7168 MB
[2026-05-08 11:16:43.359] pytorch version: 2.13.0.dev20260506
[2026-05-08 11:16:43.362] Mac Version (15, 7, 4)
[2026-05-08 11:16:43.362] Set vram state to: SHARED
[2026-05-08 11:16:43.362] Device: mps
[2026-05-08 11:16:44.405] Using sub quadratic optimization for attention, if you have memory or speed issues try using: --use-split-cross-attention
[2026-05-08 11:16:49.232] Python version: 3.12.11 (main, Aug 18 2025, 19:02:39) [Clang 20.1.4 ]
[2026-05-08 11:16:49.233] ComfyUI version: 0.20.1
[2026-05-08 11:16:49.237] comfy-aimdo version: 0.2.14
[2026-05-08 11:16:49.238] comfy-kitchen version: 0.2.8
[2026-05-08 11:16:49.241] [Prompt Server] web root: /Users/runner/work/comfy-gpu-ci/comfy-gpu-ci/ComfyUI.app/Contents/Resources/ComfyUI/web_custom_versions/desktop_app
[2026-05-08 11:16:49.243] Asset seeder disabled
[2026-05-08 11:16:49.243] [START] ComfyUI-Manager
[2026-05-08 11:16:49.575] [ComfyUI-Manager] Using GitPython backend
[2026-05-08 11:16:49.661] [ComfyUI-Manager] network_mode: public
[2026-05-08 11:16:49.670] [ComfyUI-Manager] The matrix sharing feature has been disabled because the `matrix-nio` dependency is not installed.
	To use this feature, please run the following command:
	/Users/runner/Documents/ComfyUI/.venv/bin/python -m pip install matrix-nio

[2026-05-08 11:16:52.384] 
Import times for custom nodes:
[2026-05-08 11:16:52.384]    0.0 seconds: /Users/runner/work/comfy-gpu-ci/comfy-gpu-ci/ComfyUI.app/Contents/Resources/ComfyUI/custom_nodes/websocket_image_save.py
[2026-05-08 11:16:52.384] 
[2026-05-08 11:16:52.398] Context impl SQLiteImpl.
[2026-05-08 11:16:52.398] Will assume non-transactional DDL.
[2026-05-08 11:16:52.412] Context impl SQLiteImpl.
[2026-05-08 11:16:52.412] Will assume non-transactional DDL.
[2026-05-08 11:16:52.423] Running upgrade  -> 0001_assets, Initial assets schema
Revision ID: 0001_assets
Revises: None
Create Date: 2025-12-10 00:00:00
[2026-05-08 11:16:52.475] Running upgrade 0001_assets -> 0002_merge_to_asset_references, Merge AssetInfo and AssetCacheState into unified asset_references table.
[2026-05-08 11:16:52.520] Running upgrade 0002_merge_to_asset_references -> 0003_add_metadata_job_id, Add system_metadata and job_id columns to asset_references.
Change preview_id FK from assets.id to asset_references.id.
[2026-05-08 11:16:52.573] Database upgraded from None to 0003_add_metadata_job_id
[2026-05-08 11:16:52.647] Starting server

[2026-05-08 11:16:52.647] To see the GUI go to: http://127.0.0.1:8000
[2026-05-08 11:17:39.499] [ComfyUI-Manager] Using uv as Python module for pip operations.
[2026-05-08 11:17:41.429] 100%|██████████| 28.9M/28.9M [00:00<00:00, 38.0MB/s]
[2026-05-08 11:17:41.736] Extracted zip file to /Users/runner/Documents/ComfyUI/custom_nodes/comfyui-unirig
[2026-05-08 11:17:41.793] Install: pip packages
[2026-05-08 11:17:41.928] 
## ComfyUI-Manager: EXECUTE => 
['/Users/runner/Documents/ComfyUI/.venv/bin/python', '-m', 'uv', 'pip', 
'install', 'comfy-env==0.3.75']
[2026-05-08 11:17:42.126] [!] Using Python 3.12.11 environment at: /Users/runner/Documents/ComfyUI/.venv
[2026-05-08 11:17:42.127] [!] Resolved 16 packages in 577ms
[2026-05-08 11:17:42.772] [!] Downloading virtualenv (7.2MiB)
[2026-05-08 11:17:42.825] [!]  Downloaded virtualenv
[2026-05-08 11:17:43.093] [!] Prepared 11 packages in 301ms
[2026-05-08 11:17:43.123] [!] Installed 11 packages in 56ms
[2026-05-08 11:17:43.181] [!]  + cfgv==3.5.0
[2026-05-08 11:17:43.189] [!]  + comfy-env==0.3.75
[2026-05-08 11:17:43.189] [!]  + distlib==0.4.0
[2026-05-08 11:17:43.191] [!]  + identify==2.6.19
[2026-05-08 11:17:43.192] [!]  + nodeenv==1.10.0
[2026-05-08 11:17:43.192] [!]  + platformdirs==4.9.6
[2026-05-08 11:17:43.192] [!]  + pre-commit==4.6.0
[2026-05-08 11:17:43.193] [!]  + python-discovery==1.3.0
[2026-05-08 11:17:43.194] [!]  + tomli==2.4.1
[2026-05-08 11:17:43.194] [!]  + tomli-w==1.2.0
[2026-05-08 11:17:43.194] [!]  + virtualenv==21.3.1
[2026-05-08 11:17:43.194] [2026-05-08 11:17:43.221] 
## ComfyUI-Manager: EXECUTE => 
['/Users/runner/Documents/ComfyUI/.venv/bin/python', '-m', 'uv', 'pip', 
'install', 'comfy-3d-viewers==0.2.44']
[!] Using Python 3.12.11 environment at: /Users/runner/Documents/ComfyUI/.venv
[2026-05-08 11:17:43.326] [!] Resolved 1 package in 282ms
[2026-05-08 11:17:43.640] [!] Downloading comfy-3d-viewers (1.2MiB)
[2026-05-08 11:17:43.647] [!]  Downloaded comfy-3d-viewers
[2026-05-08 11:17:43.758] [!] Prepared 1 package in 116ms
[2026-05-08 11:17:43.758] [!] Installed 1 package in 12ms
[2026-05-08 11:17:43.770] [!]  + comfy-3d-viewers==0.2.44
[2026-05-08 11:17:43.771] [2026-05-08 11:17:43.777] 
## ComfyUI-Manager: EXECUTE => 
['/Users/runner/Documents/ComfyUI/.venv/bin/python', '-m', 'uv', 'pip', 
'install', 'trimesh']
[!] Using Python 3.12.11 environment at: /Users/runner/Documents/ComfyUI/.venv
[2026-05-08 11:17:43.875] [!] Resolved 2 packages in 115ms
[2026-05-08 11:17:44.005] [!] Prepared 1 package in 63ms
[2026-05-08 11:17:44.069] [!] Installed 1 package in 8ms
[2026-05-08 11:17:44.077] [!]  + trimesh==4.12.2
[2026-05-08 11:17:44.080] [ComfyUI-Manager] Skipped fixing the 'comfyui-frontend-package' dependency because the ComfyUI is outdated.
[2026-05-08 11:17:44.212] Install: install script
[2026-05-08 11:17:44.213] 
## ComfyUI-Manager: EXECUTE => 
['/Users/runner/Documents/ComfyUI/.venv/bin/python', 'install.py']
[2026-05-08 11:17:44.647]  
[2026-05-08 11:17:44.649]  Installing 1 node dependencies...
[2026-05-08 11:17:44.649]    Cloning ComfyUI-CameraPack...
[2026-05-08 11:17:44.649]  
[2026-05-08 11:17:45.243]  [requirements] Re-installing main package requirements...
[2026-05-08 11:17:45.243]    Installing requirements for comfyui-unirig...
[2026-05-08 11:17:45.243] [2026-05-08 11:17:45.288] [!] [comfy-env] pixi not found, downloading...
[2026-05-08 11:17:45.288] [!] [comfy-env] pixi installed: /Users/runner/.pixi/bin/pixi
[2026-05-08 11:17:46.595]  [comfy-env] Workspace: /Users/runner/Documents/ComfyUI/.ce
[2026-05-08 11:17:46.654]  [comfy-env] ComfyUI: /Users/runner/Documents/ComfyUI
[2026-05-08 11:17:46.655]  [comfy-env] Found 1 node config(s):
[2026-05-08 11:17:46.655]    - unirig-nodes <- custom_nodes/comfyui-unirig/nodes/comfy-env.toml (python=host)
[2026-05-08 11:17:46.655]  [comfy-env] Bootstrap interpreter has python 3.12 + torch 2.13.0.dev20260506 (cpu). Looking for cuda-only wheels matching cpu/torch2.13.0/cp312.
[2026-05-08 11:17:46.656]  [comfy-env] Root conda deps from comfyui-unirig: ['av', 'ffmpeg']
[2026-05-08 11:17:46.656]  [comfy-env] Desktop app detected: source=/Users/runner/work/comfy-gpu-ci/comfy-gpu-ci/ComfyUI.app/Contents/Resources/ComfyUI, data=/Users/runner/Documents/ComfyUI
[2026-05-08 11:17:46.659]  [comfy-env] WARNING: torch_pin ==2.13.0.dev20260506 not in TORCH_FAMILY_COMPAT; pinning torch only, leaving torchvision/torchaudio unpinned
[2026-05-08 11:17:46.678]  [comfy-env] Comfyui feature pin: torch ==2.13.0.dev20260506
[2026-05-08 11:17:46.678]  [comfy-env] Root conda deps injected into comfyui feature: ['av', 'ffmpeg']
[2026-05-08 11:17:46.679]  Generated /Users/runner/Documents/ComfyUI/.ce/pixi.toml
[2026-05-08 11:17:46.683]  [comfy-env] Installing 1 environment(s):
[2026-05-08 11:17:46.683]    - unirig-nodes (python=host, 17 pypi deps, 5 cuda wheels)
[2026-05-08 11:17:46.683]  [comfy-env] Running `pixi install --all`...
[2026-05-08 11:17:46.683]    Error:   × failed to solve the pypi requirements of environment 'comfyui' for platform 'osx-arm64'
[2026-05-08 11:17:50.274]      ├─▶ failed to resolve pypi dependencies
[2026-05-08 11:17:50.276]      ╰─▶ Because there is no version of torch==2.13.0.dev20260506 and you require torch==2.13.0.dev20260506, we can conclude that your requirements are unsatisfiable.
[2026-05-08 11:17:50.276] [!] Traceback (most recent call last):
[2026-05-08 11:17:50.292] [!]   File "/Users/runner/Documents/ComfyUI/custom_nodes/comfyui-unirig/install.py", line 2, in <module>
[2026-05-08 11:17:50.293] [!]     install()
[2026-05-08 11:17:50.293] [!]   File "/Users/runner/Documents/ComfyUI/.venv/lib/python3.12/site-packages/comfy_env/install/__init__.py", line 91, in install
[2026-05-08 11:17:50.293] [!]     install_workspace(comfyui_dir, log=log, dry_run=dry_run)
[2026-05-08 11:17:50.294] [!]   File "/Users/runner/Documents/ComfyUI/.venv/lib/python3.12/site-packages/comfy_env/install/workspace.py", line 546, in install_workspace
[2026-05-08 11:17:50.294] [!]     raise RuntimeError(
[2026-05-08 11:17:50.294] [!] RuntimeError: pixi install --all failed:
[2026-05-08 11:17:50.295] [!] stderr: Error:   × failed to solve the pypi requirements of environment 'comfyui' for platform 'osx-arm64'
[2026-05-08 11:17:50.298] [!]   ├─▶ failed to resolve pypi dependencies
[2026-05-08 11:17:50.304] [!]   ╰─▶ Because there is no version of torch==2.13.0.dev20260506 and you require torch==2.13.0.dev20260506, we can conclude that your requirements are unsatisfiable.
[2026-05-08 11:17:50.304] [!] 
[2026-05-08 11:17:50.305] [!] 
[2026-05-08 11:17:50.308] [!] stdout: 
[2026-05-08 11:17:50.308] install script failed: comfyui-unirig
[ComfyUI-Manager] Installation failed:
Failed to execute install script: comfyui-unirig@1.5.9
