[2026-05-08 04:23:56.295] [info]  setup plugin alembic.autogenerate.schemas
setup plugin alembic.autogenerate.tables
setup plugin alembic.autogenerate.types
setup plugin alembic.autogenerate.constraints

[2026-05-08 04:23:56.297] [info]  setup plugin alembic.autogenerate.defaults
setup plugin alembic.autogenerate.comments

[2026-05-08 04:23:56.468] [info]  comfy-aimdo os not supported Darwin
NOTE: comfy-aimdo is currently only support for Windows and Linux

[2026-05-08 04:23:56.767] [info]  Adding extra search path custom_nodes /Users/runner/Documents/ComfyUI/custom_nodes
Adding extra search path download_model_base /Users/runner/Documents/ComfyUI/models
Adding extra search path custom_nodes /Users/runner/work/comfy-gpu-ci/comfy-gpu-ci/ComfyUI.app/Contents/Resources/ComfyUI/custom_nodes
Setting output directory to: /Users/runner/Documents/ComfyUI/output
Setting input directory to: /Users/runner/Documents/ComfyUI/input
Setting user directory to: /Users/runner/Documents/ComfyUI/user

[2026-05-08 04:23:57.984] [info]  [START] Security scan
[DONE] Security scan
** ComfyUI startup time: 2026-05-08 04:23:57.983
** Platform: Darwin
[2026-05-08 04:23:57.985] [info]  
** Python version: 3.12.11 (main, Aug 18 2025, 19:02:39) [Clang 20.1.4 ]
** Python executable: /Users/runner/Documents/ComfyUI/.venv/bin/python
** ComfyUI Path: /Users/runner/work/comfy-gpu-ci/comfy-gpu-ci/ComfyUI.app/Contents/Resources/ComfyUI
** ComfyUI Base Folder Path: /Users/runner/work/comfy-gpu-ci/comfy-gpu-ci/ComfyUI.app/Contents/Resources/ComfyUI
** User directory: /Users/runner/Documents/ComfyUI/user
** ComfyUI-Manager config path: /Users/runner/Documents/ComfyUI/user/__manager/config.ini
** Log path: /Users/runner/Documents/ComfyUI/user/comfyui.log

[2026-05-08 04:23:58.399] [info]  [ComfyUI-Manager] Skipped fixing the 'comfyui-frontend-package' dependency because the ComfyUI is outdated.

[2026-05-08 04:23:58.400] [info]  [PRE] ComfyUI-Manager

[2026-05-08 04:24:03.847] [info]  Found comfy_kitchen backend triton: {'available': False, 'disabled': True, 'unavailable_reason': "ImportError: No module named 'triton'", 'capabilities': []}

[2026-05-08 04:24:03.848] [info]  Found comfy_kitchen backend cuda: {'available': False, 'disabled': True, 'unavailable_reason': 'Extension file not found: /Users/runner/Documents/ComfyUI/.venv/lib/python3.12/site-packages/comfy_kitchen/backends/cuda/_C.abi3.so', 'capabilities': []}
Found comfy_kitchen backend eager: {'available': True, 'disabled': False, 'unavailable_reason': None, 'capabilities': ['apply_rope', 'apply_rope1', 'dequantize_mxfp8', 'dequantize_nvfp4', 'dequantize_per_tensor_fp8', 'quantize_mxfp8', 'quantize_nvfp4', 'quantize_per_tensor_fp8', 'scaled_mm_mxfp8', 'scaled_mm_nvfp4']}

[2026-05-08 04:24:03.888] [info]  Checkpoint files will always be loaded safely.

[2026-05-08 04:24:03.977] [info]  Total VRAM 7168 MB, total RAM 7168 MB

[2026-05-08 04:24:03.978] [info]  pytorch version: 2.10.0

[2026-05-08 04:24:03.980] [info]  Mac Version (15, 7, 4)

[2026-05-08 04:24:03.980] [info]  Set vram state to: SHARED
Device: mps

[2026-05-08 04:24:04.879] [info]  Using sub quadratic optimization for attention, if you have memory or speed issues try using: --use-split-cross-attention

[2026-05-08 04:24:09.456] [info]  Python version: 3.12.11 (main, Aug 18 2025, 19:02:39) [Clang 20.1.4 ]
ComfyUI version: 0.20.1

[2026-05-08 04:24:09.457] [info]  comfy-aimdo version: 0.2.14
comfy-kitchen version: 0.2.8

[2026-05-08 04:24:09.458] [info]  [Prompt Server] web root: /Users/runner/work/comfy-gpu-ci/comfy-gpu-ci/ComfyUI.app/Contents/Resources/ComfyUI/web_custom_versions/desktop_app

[2026-05-08 04:24:09.459] [info]  Asset seeder disabled

[2026-05-08 04:24:09.460] [info]  [START] ComfyUI-Manager

[2026-05-08 04:24:09.664] [info]  [ComfyUI-Manager] Using GitPython backend

[2026-05-08 04:24:09.720] [info]  [ComfyUI-Manager] network_mode: public

[2026-05-08 04:24:09.728] [info]  [ComfyUI-Manager] The matrix sharing feature has been disabled because the `matrix-nio` dependency is not installed.
	To use this feature, please run the following command:
	/Users/runner/Documents/ComfyUI/.venv/bin/python -m pip install matrix-nio


[2026-05-08 04:24:11.574] [info]  
Import times for custom nodes:

[2026-05-08 04:24:11.575] [info]     0.0 seconds: /Users/runner/work/comfy-gpu-ci/comfy-gpu-ci/ComfyUI.app/Contents/Resources/ComfyUI/custom_nodes/websocket_image_save.py


[2026-05-08 04:24:11.591] [info]  Context impl SQLiteImpl.
Will assume non-transactional DDL.

[2026-05-08 04:24:11.601] [info]  Context impl SQLiteImpl.
Will assume non-transactional DDL.

[2026-05-08 04:24:11.608] [info]  Running upgrade  -> 0001_assets, Initial assets schema
Revision ID: 0001_assets
Revises: None
Create Date: 2025-12-10 00:00:00

[2026-05-08 04:24:11.651] [info]  Running upgrade 0001_assets -> 0002_merge_to_asset_references, Merge AssetInfo and AssetCacheState into unified asset_references table.

[2026-05-08 04:24:11.674] [info]  Running upgrade 0002_merge_to_asset_references -> 0003_add_metadata_job_id, Add system_metadata and job_id columns to asset_references.
Change preview_id FK from assets.id to asset_references.id.

[2026-05-08 04:24:11.713] [info]  Database upgraded from None to 0003_add_metadata_job_id

[2026-05-08 04:24:11.773] [info]  Starting server


[2026-05-08 04:24:11.773] [info]  To see the GUI go to: http://127.0.0.1:8000

[2026-05-08 04:24:55.510] [info]  [ComfyUI-Manager] Using uv as Python module for pip operations.

[2026-05-08 04:24:56.460] [error]   0%|          | 0.00/28.9M [00:00<?, ?B/s]
[2026-05-08 04:24:56.937] [error]  22%|██▏       | 6.29M/28.9M [00:00<00:01, 13.2MB/s]
[2026-05-08 04:24:57.315] [error]  44%|████▎     | 12.6M/28.9M [00:00<00:01, 15.0MB/s]
[2026-05-08 04:24:57.478] [error]  65%|██████▌   | 18.9M/28.9M [00:01<00:00, 20.8MB/s]
[2026-05-08 04:24:57.625] [error]  74%|███████▍  | 21.5M/28.9M [00:01<00:00, 20.1MB/s]
[2026-05-08 04:24:57.796] [error]  94%|█████████▍| 27.3M/28.9M [00:01<00:00, 24.0MB/s]
[2026-05-08 04:24:57.811] [error] 100%|██████████| 28.9M/28.9M [00:01<00:00, 21.4MB/s]
[2026-05-08 04:24:57.812] [error] 

[2026-05-08 04:24:57.997] [info]  Extracted zip file to /Users/runner/Documents/ComfyUI/custom_nodes/comfyui-unirig

[2026-05-08 04:24:58.008] [info]  Install: pip packages

[2026-05-08 04:24:58.074] [info]  
## ComfyUI-Manager: EXECUTE => 
['/Users/runner/Documents/ComfyUI/.venv/bin/python', '-m', 'uv', 'pip', 
'install', 'comfy-env==0.3.69']

[2026-05-08 04:24:58.142] [error] [!]
[2026-05-08 04:24:58.143] [error]  Using Python 3.12.11 environment at: /Users/runner/Documents/ComfyUI/.venv

[2026-05-08 04:24:58.364] [error] [!]
[2026-05-08 04:24:58.365] [error]  Resolved 16 packages in 195ms

[2026-05-08 04:24:58.382] [error] [!] Downloading virtualenv (7.2MiB)

[2026-05-08 04:24:58.478] [error] [!] 
[2026-05-08 04:24:58.479] [error]  Downloaded virtualenv
[!] Prepared 12 packages in 112ms

[2026-05-08 04:24:58.483] [error] [!]
[2026-05-08 04:24:58.484] [error]  Uninstalled 1 package in 4ms

[2026-05-08 04:24:58.504] [error] [!] Installed 12 packages in 20ms

[2026-05-08 04:24:58.506] [error] [!]  + cfgv==3.5.0
[!]  + comfy-env==0.3.69

[2026-05-08 04:24:58.507] [error] [!]  + distlib==0.4.0
[!]  - filelock==3.20.3
[!]  + filelock==3.29.0

[2026-05-08 04:24:58.508] [error] [!]  + identify==2.6.19
[!]  + nodeenv==1.10.0
[!]  + platformdirs==4.9.6
[!]  + pre-commit==4.6.0
[!]  + python-discovery==1.3.0
[!]  + tomli==2.4.1
[!]  + tomli-w==1.2.0
[!]  + virtualenv==21.3.1

[2026-05-08 04:24:58.511] [info]  
## ComfyUI-Manager: EXECUTE => 
['/Users/runner/Documents/ComfyUI/.venv/bin/python', '-m', 'uv', 'pip', 
'install', 'comfy-3d-viewers==0.2.44']

[2026-05-08 04:24:58.575] [error] [!]
[2026-05-08 04:24:58.576] [error]  Using Python 3.12.11 environment at: /Users/runner/Documents/ComfyUI/.venv

[2026-05-08 04:24:58.606] [error] [!] Resolved 1 package in 23ms

[2026-05-08 04:24:58.611] [error] [!]
[2026-05-08 04:24:58.612] [error]  Downloading comfy-3d-viewers (1.2MiB)

[2026-05-08 04:24:58.647] [error] [!] 
[2026-05-08 04:24:58.649] [error]  Downloaded comfy-3d-viewers
[!] Prepared 1 package in 41ms

[2026-05-08 04:24:58.654] [error] [!] Installed 1 package in 5ms
[!]
[2026-05-08 04:24:58.655] [error]   + comfy-3d-viewers==0.2.44

[2026-05-08 04:24:58.666] [info]  
## ComfyUI-Manager: EXECUTE => 
['/Users/runner/Documents/ComfyUI/.venv/bin/python', '-m', 'uv', 'pip', 
'install', 'trimesh']

[2026-05-08 04:24:58.732] [error] [!] Using Python 3.12.11 environment at: /Users/runner/Documents/ComfyUI/.venv

[2026-05-08 04:24:58.774] [error] [!] 
[2026-05-08 04:24:58.776] [error] Resolved 2 packages in 34ms

[2026-05-08 04:24:58.813] [error] [!] Prepared 1 package in 38ms

[2026-05-08 04:24:58.822] [error] [!] Installed 1 package in 5ms
[!]  + trimesh==4.12.2

[2026-05-08 04:24:58.883] [info]  [ComfyUI-Manager] Skipped fixing the 'comfyui-frontend-package' dependency because the ComfyUI is outdated.

[2026-05-08 04:24:58.884] [info]  Install: install script

[2026-05-08 04:24:58.888] [info]  
## ComfyUI-Manager: EXECUTE => 
['/Users/runner/Documents/ComfyUI/.venv/bin/python', 'install.py']

[2026-05-08 04:24:59.201] [info]   
[2026-05-08 04:24:59.203] [info]  
 Installing 1 node dependencies...
   Cloning ComfyUI-CameraPack...

[2026-05-08 04:24:59.961] [info]   
 [requirements] Re-installing main package requirements...
   Installing requirements for comfyui-unirig...

[2026-05-08 04:24:59.980] [error] [!] [comfy-env] pixi not found, downloading...

[2026-05-08 04:25:00.668] [error] [!] [comfy-env] pixi installed: /Users/runner/.pixi/bin/pixi

[2026-05-08 04:25:00.683] [info]   [comfy-env] Workspace: /Users/runner/Documents/ComfyUI/.ce
 [comfy-env] ComfyUI: /Users/runner/Documents/ComfyUI
 [comfy-env] Found 1 node config(s):
   - unirig-nodes <- custom_nodes/comfyui-unirig/nodes/comfy-env.toml (python=host)

[2026-05-08 04:25:00.689] [info]   [comfy-env] Bootstrap interpreter has python 3.12 + torch 2.10.0 (cpu). Looking for cuda-only wheels matching cpu/torch2.10/cp312.
 [comfy-env] Root conda deps from comfyui-unirig: ['av', 'ffmpeg']

[2026-05-08 04:25:00.729] [info]   [comfy-env] WARNING: /Users/runner/Documents/ComfyUI/requirements.txt not found -- comfyui feature will be empty
 [comfy-env] Root conda deps injected into comfyui feature: ['av', 'ffmpeg']
 Generated /Users/runner/Documents/ComfyUI/.ce/pixi.toml
 [comfy-env] Installing 1 environment(s):
   - unirig-nodes (python=host, 17 pypi deps, 5 cuda wheels)
 [comfy-env] Running `pixi install --all`...

[2026-05-08 04:25:16.721] [info]      WARN Skipped running the post-link scripts because `run-post-link-scripts` = `false`

[2026-05-08 04:25:16.726] [info]     	- bin/.librsvg-pre-unlink.sh
   To enable them, run:
   	pixi config set --local run-post-link-scripts insecure
   More info:
   	https://pixi.sh/latest/reference/pixi_configuration/#run-post-link-scripts

[2026-05-08 04:25:20.433] [info]      WARN Skipped running the post-link scripts because `run-post-link-scripts` = `false`

[2026-05-08 04:25:20.435] [info]     	- bin/.librsvg-pre-unlink.sh
   To enable them, run:
 
[2026-05-08 04:25:20.437] [info]    	pixi config set --local run-post-link-scripts insecure
   More info:
   	https://pixi.sh/latest/reference/pixi_configuration/#run-post-link-scripts

[2026-05-08 04:25:28.292] [info]     ✔ The following environments have been installed: default, comfyui, unirig-nodes.

[2026-05-08 04:25:28.345] [info]   [comfy-env] Note: env `default` is on disk but no node declares it in this run. Leaving as-is. Remove via `pixi clean --environment default` if intended.

[2026-05-08 04:25:28.358] [info]   
[2026-05-08 04:25:28.359] [info]  [comfy-env] unirig-nodes: deduped libomp
 [comfy-env] Install log: /Users/runner/Documents/ComfyUI/.ce/install.log
 

[2026-05-08 04:25:28.362] [info]   Installation complete!

[2026-05-08 04:25:29.232] [error] /Users/runner/.local/share/uv/python/cpython-3.12.11-macos-aarch64-none/lib/python3.12/multiprocessing/resource_tracker.py:279: UserWarning: resource_tracker: There appear to be 1 leaked semaphore objects to clean up at shutdown
  warnings.warn('resource_tracker: There appear to be %d '

