Capturing execution frames: apply_animation.json
  Frame 1 saved (frame_000.jpg, t=0.0s)
  Validating workflow...
  Queuing workflow for execution...
  Frame 2 saved (frame_001.jpg, t=2.4s)
  [capture-periodic] freeze=3ms shot=118ms unfreeze=4ms saved=True
  Frame 3 saved (frame_002.jpg, t=4.5s)
  [capture-periodic] freeze=2ms shot=104ms unfreeze=2ms saved=True
  [capture-loop] iter=50 t=5.8s state={'complete': False, 'error': None, 'executedCount': 0, 'wsState': 1} eval_ms=3 ram=5.6/16.0GB (35%) swap=0.4/2.9GB (12%) cpu=36% browser_rss=0.71GB
  [capture-loop] iter=100 t=11.8s state={'complete': False, 'error': None, 'executedCount': 0, 'wsState': 1} eval_ms=3 ram=5.7/16.0GB (36%) swap=0.4/2.9GB (12%) cpu=28% browser_rss=0.70GB
  [capture-loop] iter=150 t=17.3s state={'complete': False, 'error': None, 'executedCount': 0, 'wsState': 1} eval_ms=4 ram=5.7/16.0GB (36%) swap=0.4/2.9GB (12%) cpu=19% browser_rss=0.70GB
  [capture-loop] iter=200 t=22.9s state={'complete': False, 'error': None, 'executedCount': 0, 'wsState': 1} eval_ms=3 ram=5.7/16.0GB (36%) swap=0.4/2.9GB (12%) cpu=28% browser_rss=0.64GB
  [capture-loop] iter=250 t=28.5s state={'complete': False, 'error': None, 'executedCount': 0, 'wsState': 1} eval_ms=3 ram=5.7/16.0GB (36%) swap=0.4/2.9GB (12%) cpu=21% browser_rss=0.64GB
  [capture-loop] iter=300 t=34.0s state={'complete': False, 'error': None, 'executedCount': 0, 'wsState': 1} eval_ms=2 ram=5.8/16.0GB (36%) swap=0.4/2.9GB (12%) cpu=17% browser_rss=0.64GB
  Frame 4 saved (frame_003.jpg, t=34.2s)
  [capture-periodic] freeze=3ms shot=119ms unfreeze=10ms saved=True
  Node executed (1 total), capturing...
  Frame 5 saved (frame_004.jpg, t=35.7s)
  [capture-node] freeze=4ms shot=879ms unfreeze=0ms saved=True
  Execution complete (t=35.7s)
  [3d-wait] Phase 1: Waiting for 'Loading 3D Model' text to disappear...
  [3d-wait] Phase 1 exception after 60.0s: Page.wait_for_function: Timeout 60000ms exceeded.
  [3d-wait] Phase 2: iframes=0
  [3d-wait] Total 3D wait: 60.0s
  Captured 5 unique frames over 97.44s
  [debug] iframes: 0
  [timing] trigger_3d_previews: 0.0s
  Saved high-quality screenshot: apply_animation_executed.png
  [timing] final_screenshot: 0.2s
    Captured 6 video frames