[00:00] Crash dump logging enabled: D:\a\comfy-gpu-ci\comfy-gpu-ci\comfy-test-logs\UniRig-1121\windows-portable-cpu\crash_dump.log
[00:00] 
[00:00] [1/3] REGISTRATION
[00:00] ----------------------------------------
[00:00] 
[DEBUG] server=None, server_url=http://127.0.0.1:8188, api=None
[00:00] 
Connecting to existing server at http://127.0.0.1:8188...
[00:00] Connecting to existing server at http://127.0.0.1:8188...
[00:00] Connected to server! (attempt 1, 0.0s)
[00:00] Checking for import errors in server logs...
[00:00] No import errors detected
[00:00] Found 708 registered nodes
[00:00] [REGISTRATION] PASSED
[00:00] 
[00:00] [2/3] INSTANTIATION
[00:00] ----------------------------------------
[00:00] 
[DEBUG] server=<comfy_test.comfyui.server.ExternalComfyUIServer object at 0x00000203B0241400>, server_url=http://127.0.0.1:8188, api=<comfy_test.comfyui.api.ComfyUIAPI object at 0x00000203B0241550>
[00:00] Testing node constructors...
[00:05] All 16 node(s) instantiated successfully!
[00:05] [INSTANTIATION] PASSED
[00:05] 
[00:05] [3/3] EXECUTION
[00:05] ----------------------------------------
[00:05] 
[DEBUG] server=<comfy_test.comfyui.server.ExternalComfyUIServer object at 0x00000203B0241400>, server_url=http://127.0.0.1:8188, api=<comfy_test.comfyui.api.ComfyUIAPI object at 0x00000203B0241550>
[00:05] CPU runner - will execute 3 workflow(s)
[00:05] Running 6 workflow(s) (all with videos)...
[00:05] Starting headless browser...
[00:06]   Downloading Mesa llvmpipe for Windows...
[00:10]   Copied opengl32.dll to Chromium dir
[00:10]   Copied libgallium_wgl.dll to Chromium dir
[00:10]   Using Mesa llvmpipe (desktop GL) — multithreaded CPU rendering
[00:11] Capturing execution frames: apply_animation.json
[00:20]   Frame 1 saved (frame_000.jpg, t=0.0s)
[00:20]   Validating workflow...
[00:20]   Queuing workflow for execution...
[00:22]   Frame 2 saved (frame_001.jpg, t=2.2s)
[00:22]   [capture-periodic] freeze=5ms shot=137ms unfreeze=7ms saved=True
[00:25]   Frame 3 saved (frame_002.jpg, t=4.5s)
[00:25]   [capture-periodic] freeze=3ms shot=140ms unfreeze=5ms saved=True
[00:26]   [capture-loop] iter=50 t=6.0s state={'complete': False, 'error': None, 'executedCount': 0, 'wsState': 1} eval_ms=5 ram=5.6/16.0GB (35%) swap=0.3/2.9GB (10%) cpu=42% browser_rss=0.70GB
[00:31]   Node executed (1 total), capturing...
[00:33]   Frame 4 saved (frame_003.jpg, t=11.0s)
[00:33]   [capture-node] freeze=773ms shot=1096ms unfreeze=0ms saved=True
[00:33]   Execution complete (t=11.0s)
[00:33]   [3d-wait] Phase 1: Waiting for 'Loading 3D Model' text to disappear...
[01:33]   [3d-wait] Phase 1 exception after 60.0s: Page.wait_for_function: Timeout 60000ms exceeded.
[01:33]   [3d-wait] Phase 2: iframes=0
[01:33]   [3d-wait] Total 3D wait: 60.0s
[01:33]   Captured 4 unique frames over 72.93s
[01:33]   [debug] iframes: 0
[01:33]   [timing] trigger_3d_previews: 0.0s
[01:35]   Saved high-quality screenshot: apply_animation_executed.png
[01:35]   [timing] final_screenshot: 0.2s
[01:35]   [2/6] SKIPPED (not in cpu list) mia_humanoid.json
[01:36] Capturing execution frames: rigged_manipulator.json
[01:42]   Frame 1 saved (frame_000.jpg, t=0.0s)
[01:42]   Validating workflow...
[01:42]   Queuing workflow for execution...
[01:44]   Frame 2 saved (frame_001.jpg, t=2.3s)
[01:44]   [capture-periodic] freeze=4ms shot=120ms unfreeze=5ms saved=True
[01:46]   Frame 3 saved (frame_002.jpg, t=4.5s)
[01:46]   [capture-periodic] freeze=3ms shot=132ms unfreeze=6ms saved=True
[01:48]   [capture-loop] iter=50 t=6.1s state={'complete': False, 'error': None, 'executedCount': 0, 'wsState': 1} eval_ms=9 ram=5.5/16.0GB (34%) swap=0.3/2.9GB (10%) cpu=16% browser_rss=0.78GB
[01:52]   Node executed (1 total), capturing...
[01:52]   Frame 4 saved (frame_003.jpg, t=10.5s)
[01:52]   [capture-node] freeze=4ms shot=126ms unfreeze=0ms saved=True
[01:52]   Execution complete (t=10.5s)
[01:52]   Captured 4 unique frames over 10.66s
[01:53]   [debug] iframes: 1
[01:53]   [debug]   iframe[0]: src=http://127.0.0.1:8188/extensions/ComfyUI-UniRig/viewer_fbx.html?v=1778239408771, canvas=486x710, rafFrozen=True
[01:53]   [timing] trigger_3d_previews: 0.0s
[01:55]   Saved high-quality screenshot: rigged_manipulator_executed.png
[01:55]   [timing] final_screenshot: 0.2s
[01:55] Capturing execution frames: skeleton_comparison.json
[02:01]   Frame 1 saved (frame_000.jpg, t=0.0s)
[02:01]   Validating workflow...
[02:01]   Queuing workflow for execution...
[02:04]   Node executed (1 total), capturing...
[02:04]   Frame 2 saved (frame_001.jpg, t=2.6s)
[02:04]   [capture-node] freeze=162ms shot=229ms unfreeze=0ms saved=True
[02:04]   Execution complete (t=2.6s)
[02:04]   Captured 2 unique frames over 3.06s
[02:04]   [debug] iframes: 1
[02:04]   [debug]   iframe[0]: src=http://127.0.0.1:8188/extensions/ComfyUI-UniRig/viewer_fbx_compare.html?v=177823, canvas=387x330, rafFrozen=True
[02:04]   [timing] trigger_3d_previews: 0.0s
[02:06]   Saved high-quality screenshot: skeleton_comparison_executed.png
[02:06]   [timing] final_screenshot: 0.2s
[02:07]   [5/6] SKIPPED (not in cpu list) unirig_bird.json
[02:07]   [6/6] SKIPPED (not in cpu list) unirig_humanoid.json
[02:07] Results saved to D:\a\comfy-gpu-ci\comfy-gpu-ci\comfy-test-logs\UniRig-1121\windows-portable-cpu\results.json
[02:07] Model report: 8 files, 18.7 MB -> D:\a\comfy-gpu-ci\comfy-gpu-ci\comfy-test-logs\UniRig-1121\windows-portable-cpu\models.json
[02:07] Saved: D:\a\comfy-gpu-ci\comfy-gpu-ci\comfy-test-logs\UniRig-1121\windows-portable-cpu\index.html
[02:07] [EXECUTION] PASSED
[02:07] 
windows_portable: PASSED
