setup plugin alembic.autogenerate.schemas
setup plugin alembic.autogenerate.tables
setup plugin alembic.autogenerate.types
setup plugin alembic.autogenerate.constraints
setup plugin alembic.autogenerate.defaults
setup plugin alembic.autogenerate.comments
[comfy-env] ComfyUI-UniRig: 1 isolation env(s):
[comfy-env]   nodes -> /home/runner/work/comfy-gpu-ci/comfy-gpu-ci/ComfyUI/custom_nodes/ComfyUI-UniRig/nodes
[comfy-env] prestartup complete

Prestartup times for custom nodes:
   0.2 seconds: /home/runner/work/comfy-gpu-ci/comfy-gpu-ci/ComfyUI/custom_nodes/ComfyUI-UniRig

Found comfy_kitchen backend cuda: {'available': False, 'disabled': False, 'unavailable_reason': 'CUDA not available on this system', 'capabilities': []}
Found comfy_kitchen backend triton: {'available': False, 'disabled': True, 'unavailable_reason': 'Neither CUDA nor XPU available on this system', 'capabilities': []}
Found comfy_kitchen backend eager: {'available': True, 'disabled': False, 'unavailable_reason': None, 'capabilities': ['apply_rope', 'apply_rope1', 'dequantize_mxfp8', 'dequantize_nvfp4', 'dequantize_per_tensor_fp8', 'quantize_mxfp8', 'quantize_nvfp4', 'quantize_per_tensor_fp8', 'scaled_mm_mxfp8', 'scaled_mm_nvfp4']}
Checkpoint files will always be loaded safely.
Total VRAM 15994 MB, total RAM 15994 MB
pytorch version: 2.11.0+cu130
Set vram state to: DISABLED
Device: cpu
Using sub quadratic optimization for attention, if you have memory or speed issues try using: --use-split-cross-attention
Python version: 3.11.15 (main, Mar  3 2026, 16:10:12) [GCC 13.3.0]
ComfyUI version: 0.20.1
comfy-aimdo version: 0.3.0
comfy-kitchen version: 0.2.8
****** User settings have been changed to be stored on the server instead of browser storage. ******
****** For multi-user setups add the --multi-user CLI argument to enable multiple user profiles. ******
ComfyUI frontend version: 1.43.17
[Prompt Server] web root: /home/runner/work/comfy-gpu-ci/comfy-gpu-ci/.venv/lib/python3.11/site-packages/comfyui_frontend_package/static
Asset seeder disabled
loading...
calling register_nodes
[comfy-env] Version: 0.3.75
[comfy-env] register_nodes: ComfyUI-UniRig
[comfy-env] ComfyUI source dir: /home/runner/work/comfy-gpu-ci/comfy-gpu-ci/ComfyUI
[comfy-env] Found 1 isolation env(s)
[comfy-env] Scanning nodes metadata (isolation root)...
[comfy-env] Metadata scan: /home/runner/.pixi/bin/pixi run --as-is --manifest-path /home/runner/work/comfy-gpu-ci/comfy-gpu-ci/ComfyUI/.ce/pixi.toml -e unirig-nodes python /tmp/comfy_meta_7co_85fo.py /home/runner/work/comfy-gpu-ci/comfy-gpu-ci/ComfyUI/custom_nodes/ComfyUI-UniRig nodes
[comfy-env] Scan env PATH for nodes:
[comfy-env]   [0] /opt/hostedtoolcache/Python/3.11.15/x64/bin
[comfy-env]   [1] /opt/hostedtoolcache/Python/3.11.15/x64
[comfy-env]   [2] /snap/bin
[comfy-env]   [3] /home/runner/.local/bin
[comfy-env]   [4] /opt/pipx_bin
[comfy-env]   [5] /home/runner/.cargo/bin
[comfy-env]   [6] /home/runner/.config/composer/vendor/bin
[comfy-env]   [7] /usr/local/.ghcup/bin
[comfy-env]   [8] /home/runner/.dotnet/tools
[comfy-env]   [9] /usr/local/sbin
[comfy-env]   [10] /usr/local/bin
[comfy-env]   [11] /usr/sbin
[comfy-env]   [12] /usr/bin
[comfy-env]   [13] /sbin
[comfy-env]   [14] /bin
[comfy-env]   [15] /usr/games
[comfy-env]   [16] /usr/local/games
[comfy-env]   [17] /snap/bin
[comfy-env] Metadata scan stderr for nodes:
[comfy-env]   [meta-scan] importing nodes from /home/runner/work/comfy-gpu-ci/comfy-gpu-ci/ComfyUI/custom_nodes/ComfyUI-UniRig
[comfy-env]   [meta-scan] import OK
[comfy-env] Scanned nodes: 16 nodes (8.5s)
[comfy-env] Scanned nodes root: 16 nodes (8.5s)
[comfy-env] Imported nodes root: 16 nodes (isolation)
[comfy-env] Registered 16 total nodes

Import times for custom nodes:
   0.0 seconds: /home/runner/work/comfy-gpu-ci/comfy-gpu-ci/ComfyUI/custom_nodes/websocket_image_save.py
   0.0 seconds: /home/runner/work/comfy-gpu-ci/comfy-gpu-ci/ComfyUI/custom_nodes/ComfyUI-validate-endpoint
   0.0 seconds: /home/runner/work/comfy-gpu-ci/comfy-gpu-ci/ComfyUI/custom_nodes/ComfyUI-CameraPack
   8.7 seconds: /home/runner/work/comfy-gpu-ci/comfy-gpu-ci/ComfyUI/custom_nodes/ComfyUI-UniRig

Context impl SQLiteImpl.
Will assume non-transactional DDL.
Context impl SQLiteImpl.
Will assume non-transactional DDL.
Running upgrade  -> 0001_assets, Initial assets schema
Revision ID: 0001_assets
Revises: None
Create Date: 2025-12-10 00:00:00
Running upgrade 0001_assets -> 0002_merge_to_asset_references, Merge AssetInfo and AssetCacheState into unified asset_references table.
Running upgrade 0002_merge_to_asset_references -> 0003_add_metadata_job_id, Add system_metadata and job_id columns to asset_references.
Change preview_id FK from assets.id to asset_references.id.
Database upgraded from None to 0003_add_metadata_job_id
Starting server

To see the GUI go to: http://127.0.0.1:8188
=== /validate endpoint called ===
Received JSON with keys: ['prompt']
Prompt has 4 nodes
  Node 6: UniRigApplyAnimation
    Inputs: {"model_fbx_path": ["9", 0], "animation_type": "mixamo", "animation_file": "Breakdance.fbx", "output_name": ""}
  Node 7: Preview3D
    Inputs: {"model_file": ["6", 0], "image": "", "camera_info": ["10", 0]}
  Node 9: UniRigLoadRiggedMesh
    Inputs: {"fbx_file": "3d/mixamo.fbx"}
  Node 10: CreateLoad3DCamera
    Inputs: {"pos_x": 0, "pos_y": 20, "pos_z": 20, "target_x": 0, "target_y": 0, "target_z": 0, "zoom": 1, "camera_type": "perspective"}
Generated prompt_id: d73ac6ab-c9e3-4f01-a595-9234cbb4981e
Calling execution.validate_prompt()...
Validation result: valid=True
=== Validation PASSED ===
got prompt
[comfy-env] Running UniRigLoadRiggedMesh: fbx_file: '3d/mixamo.fbx'
[comfy-env] SubprocessWorker: /home/runner/work/comfy-gpu-ci/comfy-gpu-ci/ComfyUI/.ce/.pixi/envs/unirig-nodes/bin/python
[comfy-env] env_vars: {'COMFYUI_BASE': '/home/runner/work/comfy-gpu-ci/comfy-gpu-ci/ComfyUI'}
[SubprocessWorker] call_method: nodes.skeleton_io.UniRigLoadRiggedMesh.EXECUTE_NORMALIZED
[SubprocessWorker] acquired lock, ensuring started...
[ComfyUI-UniRig] python: /home/runner/work/comfy-gpu-ci/comfy-gpu-ci/ComfyUI/.ce/.pixi/envs/unirig-nodes/bin/python
[ComfyUI-UniRig] sys_path sent to worker: ['/home/runner/work/comfy-gpu-ci/comfy-gpu-ci/ComfyUI', '/home/runner/work/comfy-gpu-ci/comfy-gpu-ci/ComfyUI/custom_nodes/ComfyUI-UniRig', '/home/runner/work/comfy-gpu-ci/comfy-gpu-ci/ComfyUI/.ce/.pixi/envs/unirig-nodes/lib/python3.11/site-packages', '/home/runner/work/comfy-gpu-ci/comfy-gpu-ci/ComfyUI/custom_nodes/ComfyUI-UniRig']
[SubprocessWorker] is_pixi=True, python=/home/runner/work/comfy-gpu-ci/comfy-gpu-ci/ComfyUI/.ce/.pixi/envs/unirig-nodes/bin/python
[SubprocessWorker] launching cmd=['/home/runner/.pixi/bin/pixi', 'run', '--as-is', '--manifest-path', '/home/runner/work/comfy-gpu-ci/comfy-gpu-ci/ComfyUI/.ce/pixi.toml', '-e', 'unirig-nodes', 'python', '/tmp/comfyui_pvenv_y4wrwi2d/persistent_worker.py', 'abstract://comfy_worker_721331fe8e4f']...
[SubprocessWorker] socket_addr=abstract://comfy_worker_721331fe8e4f (abstract, no filesystem path)
[SubprocessWorker] worker started/confirmed
[SubprocessWorker] serializing kwargs to shm...
[SubprocessWorker] created 0 shm blocks
[SubprocessWorker] sending request via socket...
[SubprocessWorker] call_id=1 sending call_method
[worker:ComfyUI-UniRig] FBX version: 7400
[SubprocessWorker] got response: ok
[comfy-env] UniRigLoadRiggedMesh done (4.34s): result: NodeOutput
[comfy-env] Running UniRigApplyAnimation: model_fbx_path: '/home/runner/work/comfy-gpu-ci/comfy-gpu-ci/ComfyUI/outp..., animation_type: 'mixamo', animation_file: 'Breakdance.fbx', output_name: ''
[SubprocessWorker] call_method: nodes.animation.UniRigApplyAnimation.EXECUTE_NORMALIZED
[SubprocessWorker] acquired lock, ensuring started...
[ComfyUI-UniRig] Health check: ping (timeout=5.0s)...
[ComfyUI-UniRig] Health check: ok
[SubprocessWorker] worker started/confirmed
[SubprocessWorker] serializing kwargs to shm...
[SubprocessWorker] created 0 shm blocks
[SubprocessWorker] sending request via socket...
[SubprocessWorker] call_id=2 sending call_method
[worker:ComfyUI-UniRig] FBX version: 7400
[worker:ComfyUI-UniRig] FBX version: 7700
[worker:ComfyUI-UniRig] 
FBX export starting... '/home/runner/work/comfy-gpu-ci/comfy-gpu-ci/ComfyUI/output/loaded_1778239111_mixamo_Breakdance.fbx'
[worker:ComfyUI-UniRig] (bpy.data.armatures['Armature'], 'POSE')
[worker:ComfyUI-UniRig] (bpy.data.armatures['Armature'], 'POSE')
[worker:ComfyUI-UniRig] export finished in 1.1424 sec.
[SubprocessWorker] got response: ok
[comfy-env] UniRigApplyAnimation done (0.79s): result: NodeOutput
Prompt executed in 5.14 seconds
=== /validate endpoint called ===
Received JSON with keys: ['prompt']
Prompt has 2 nodes
  Node 3: UniRigPreviewRiggedMesh
    Inputs: {"fbx_output_path": ["4", 0], "preview": ""}
  Node 4: UniRigLoadRiggedMesh
    Inputs: {"fbx_file": "animation_characters/mixamo.fbx"}
Generated prompt_id: 8652c52f-cad4-4bcc-aa04-aee918d88b21
Calling execution.validate_prompt()...
Validation result: valid=True
=== Validation PASSED ===
got prompt
[comfy-env] Running UniRigLoadRiggedMesh: fbx_file: 'animation_characters/mixamo.fbx'
[SubprocessWorker] call_method: nodes.skeleton_io.UniRigLoadRiggedMesh.EXECUTE_NORMALIZED
[SubprocessWorker] acquired lock, ensuring started...
[ComfyUI-UniRig] Health check: ping (timeout=5.0s)...
[ComfyUI-UniRig] Health check: failed
[ComfyUI-UniRig] Socket unhealthy, restarting worker...
[ComfyUI-UniRig] python: /home/runner/work/comfy-gpu-ci/comfy-gpu-ci/ComfyUI/.ce/.pixi/envs/unirig-nodes/bin/python
[ComfyUI-UniRig] sys_path sent to worker: ['/home/runner/work/comfy-gpu-ci/comfy-gpu-ci/ComfyUI', '/home/runner/work/comfy-gpu-ci/comfy-gpu-ci/ComfyUI/custom_nodes/ComfyUI-UniRig', '/home/runner/work/comfy-gpu-ci/comfy-gpu-ci/ComfyUI/.ce/.pixi/envs/unirig-nodes/lib/python3.11/site-packages', '/home/runner/work/comfy-gpu-ci/comfy-gpu-ci/ComfyUI/custom_nodes/ComfyUI-UniRig']
[SubprocessWorker] is_pixi=True, python=/home/runner/work/comfy-gpu-ci/comfy-gpu-ci/ComfyUI/.ce/.pixi/envs/unirig-nodes/bin/python
[SubprocessWorker] launching cmd=['/home/runner/.pixi/bin/pixi', 'run', '--as-is', '--manifest-path', '/home/runner/work/comfy-gpu-ci/comfy-gpu-ci/ComfyUI/.ce/pixi.toml', '-e', 'unirig-nodes', 'python', '/tmp/comfyui_pvenv_y4wrwi2d/persistent_worker.py', 'abstract://comfy_worker_3342e7ca468f']...
[SubprocessWorker] socket_addr=abstract://comfy_worker_3342e7ca468f (abstract, no filesystem path)
[SubprocessWorker] worker started/confirmed
[SubprocessWorker] serializing kwargs to shm...
[SubprocessWorker] created 0 shm blocks
[SubprocessWorker] sending request via socket...
[SubprocessWorker] call_id=3 sending call_method
[worker:ComfyUI-UniRig] FBX version: 7400
[SubprocessWorker] got response: ok
[comfy-env] UniRigLoadRiggedMesh done (5.04s): result: NodeOutput
[comfy-env] Running UniRigPreviewRiggedMesh: fbx_output_path: '/home/runner/work/comfy-gpu-ci/comfy-gpu-ci/ComfyUI/outp...
[SubprocessWorker] call_method: nodes.skeleton_io.UniRigPreviewRiggedMesh.EXECUTE_NORMALIZED
[SubprocessWorker] acquired lock, ensuring started...
[ComfyUI-UniRig] Health check: ping (timeout=5.0s)...
[ComfyUI-UniRig] Health check: ok
[SubprocessWorker] worker started/confirmed
[SubprocessWorker] serializing kwargs to shm...
[SubprocessWorker] created 0 shm blocks
[SubprocessWorker] sending request via socket...
[SubprocessWorker] call_id=4 sending call_method
[SubprocessWorker] got response: ok
[comfy-env] UniRigPreviewRiggedMesh done (0.01s): result: NodeOutput
Prompt executed in 5.04 seconds
=== /validate endpoint called ===
Received JSON with keys: ['prompt']
Prompt has 3 nodes
  Node 49: UniRigCompareSkeletons
    Inputs: {"fbx_path_left": ["54", 0], "fbx_path_right": ["55", 0], "preview": ""}
  Node 54: UniRigLoadRiggedMesh
    Inputs: {"fbx_file": "3d/mixamo.fbx"}
  Node 55: UniRigLoadRiggedMesh
    Inputs: {"fbx_file": "animation_characters/mixamo.fbx"}
Generated prompt_id: 78334987-defe-4af1-af39-f100f3b454ed
Calling execution.validate_prompt()...
Validation result: valid=True
=== Validation PASSED ===
got prompt
[comfy-env] Running UniRigLoadRiggedMesh: fbx_file: 'animation_characters/mixamo.fbx'
[SubprocessWorker] call_method: nodes.skeleton_io.UniRigLoadRiggedMesh.EXECUTE_NORMALIZED
[SubprocessWorker] acquired lock, ensuring started...
[ComfyUI-UniRig] Health check: ping (timeout=5.0s)...
[ComfyUI-UniRig] Health check: ok
[SubprocessWorker] worker started/confirmed
[SubprocessWorker] serializing kwargs to shm...
[SubprocessWorker] created 0 shm blocks
[SubprocessWorker] sending request via socket...
[SubprocessWorker] call_id=5 sending call_method
[worker:ComfyUI-UniRig] FBX version: 7400
[SubprocessWorker] got response: ok
[comfy-env] UniRigLoadRiggedMesh done (0.23s): result: NodeOutput
[comfy-env] Running UniRigLoadRiggedMesh: fbx_file: '3d/mixamo.fbx'
[SubprocessWorker] call_method: nodes.skeleton_io.UniRigLoadRiggedMesh.EXECUTE_NORMALIZED
[SubprocessWorker] acquired lock, ensuring started...
[ComfyUI-UniRig] Health check: ping (timeout=5.0s)...
[ComfyUI-UniRig] Health check: ok
[SubprocessWorker] worker started/confirmed
[SubprocessWorker] serializing kwargs to shm...
[SubprocessWorker] created 0 shm blocks
[SubprocessWorker] sending request via socket...
[SubprocessWorker] call_id=6 sending call_method
[worker:ComfyUI-UniRig] FBX version: 7400
[SubprocessWorker] got response: ok
[comfy-env] UniRigLoadRiggedMesh done (0.23s): result: NodeOutput
[comfy-env] Running UniRigCompareSkeletons: fbx_path_left: '/home/runner/work/comfy-gpu-ci/comfy-gpu-ci/ComfyUI/outp..., fbx_path_right: '/home/runner/work/comfy-gpu-ci/comfy-gpu-ci/ComfyUI/outp...
[SubprocessWorker] call_method: nodes.skeleton_io.UniRigCompareSkeletons.EXECUTE_NORMALIZED
[SubprocessWorker] acquired lock, ensuring started...
[ComfyUI-UniRig] Health check: ping (timeout=5.0s)...
[ComfyUI-UniRig] Health check: ok
[SubprocessWorker] worker started/confirmed
[SubprocessWorker] serializing kwargs to shm...
[SubprocessWorker] created 0 shm blocks
[SubprocessWorker] sending request via socket...
[SubprocessWorker] call_id=7 sending call_method
[SubprocessWorker] got response: ok
[comfy-env] UniRigCompareSkeletons done (0.01s): result: NodeOutput
Prompt executed in 0.47 seconds
