[00:00] Crash dump logging enabled: /home/runner/work/comfy-gpu-ci/comfy-gpu-ci/comfy-test-logs/UniRig-0919/dev/linux-cpu/crash_dump.log
[00:00] 
[00:00] [1/5] SYNTAX
[00:00] ----------------------------------------
[00:00] 
[DEBUG] server=None, server_url=None, api=None
[00:00] Found pyproject.toml (modern format)
[00:00] Found requirements.txt (legacy format)
[00:00] Unicode check: OK (all characters cp1252-safe)
[00:00] Forbidden patterns check: OK
[00:00] [SYNTAX] PASSED
[00:00] 
[00:00] [2/5] INSTALL
[00:00] ----------------------------------------
[00:00] 
[DEBUG] server=None, server_url=None, api=None
[00:00] 
Setting up ComfyUI...
[00:00] Creating virtual environment...
[00:00] Running: uv venv /home/runner/work/comfy-gpu-ci/comfy-gpu-ci/test_workspaces/UniRig-0919/.venv --python 3.10
[00:00] Cloning ComfyUI (latest)...
[00:00] Running: git clone --depth 1 https://github.com/comfyanonymous/ComfyUI.git /home/runner/work/comfy-gpu-ci/comfy-gpu-ci/test_workspaces/UniRig-0919/ComfyUI
[00:01] Installing ComfyUI requirements...
[00:01] Running: uv pip install --python /home/runner/work/comfy-gpu-ci/comfy-gpu-ci/test_workspaces/UniRig-0919/.venv/bin/python -r /home/runner/work/comfy-gpu-ci/comfy-gpu-ci/test_workspaces/UniRig-0919/ComfyUI/requirements.txt
[00:20] 
Installing custom node...
[00:20] Copying ComfyUI-UniRig to custom_nodes/...
[00:20] Installing node requirements...
[00:20] Running: uv pip install --python /home/runner/work/comfy-gpu-ci/comfy-gpu-ci/test_workspaces/UniRig-0919/.venv/bin/python -r /home/runner/work/comfy-gpu-ci/comfy-gpu-ci/test_workspaces/UniRig-0919/ComfyUI/custom_nodes/ComfyUI-UniRig/requirements.txt
[00:21] 
Running install.py...
[00:21] Running: /home/runner/work/comfy-gpu-ci/comfy-gpu-ci/test_workspaces/UniRig-0919/.venv/bin/python /home/runner/work/comfy-gpu-ci/comfy-gpu-ci/test_workspaces/UniRig-0919/ComfyUI/custom_nodes/ComfyUI-UniRig/install.py
[00:21]   
[00:21]   Installing 1 node dependencies...
[00:21]     Cloning ComfyUI-CameraPack...
[00:22]   
[00:22]   [requirements] Re-installing main package requirements...
[00:22]     Installing requirements for ComfyUI-UniRig...
[00:22]   [comfy-env] _discover: scanning /home/runner/work/comfy-gpu-ci/comfy-gpu-ci/test_workspaces/UniRig-0919/ComfyUI/custom_nodes
[00:22]   [comfy-env] _discover: ComfyUI-CameraPack: no comfy-env.toml found
[00:22]   [comfy-env] _discover: ComfyUI-UniRig -> unirig-nodes (custom_nodes/ComfyUI-UniRig/nodes/comfy-env.toml)
[00:22]   [comfy-env] Workspace: /home/runner/.ce
[00:22]   [comfy-env] ComfyUI: /home/runner/work/comfy-gpu-ci/comfy-gpu-ci/test_workspaces/UniRig-0919/ComfyUI
[00:22]   [comfy-env] Found 1 node config(s):
[00:22]     - unirig-nodes <- custom_nodes/ComfyUI-UniRig/nodes/comfy-env.toml (python=host)
[00:22]   [comfy-env] Bootstrap interpreter has python 3.10 + torch 2.11.0 (cpu). Looking for cuda-only wheels matching cpu/torch2.11/cp310.
[00:25]   [comfy-env] GPU: No GPU detected
[00:25]   [comfy-env] No CUDA detected -- pinning comfyui torch to CPU index
[00:25]   [comfy-env] Root conda deps from ComfyUI-UniRig: ['av', 'ffmpeg']
[00:25]   [comfy-env] Host glibc 2.39 -> system-requirements
[00:25]   Generated /home/runner/.ce/pixi.toml
[00:25]   [comfy-env] Installing 1 environment(s):
[00:25]     - unirig-nodes (python=host, 17 pypi deps, 5 cuda wheels)
[00:25]   [comfy-env] Running `pixi install -e unirig-nodes`...
[00:37]      WARN Skipped running the post-link scripts because `run-post-link-scripts` = `false`
[00:37]     	- bin/.librsvg-pre-unlink.sh
[00:37]     To enable them, run:
[00:37]     	pixi config set --local run-post-link-scripts insecure
[00:37]     More info:
[00:37]     	https://pixi.sh/latest/reference/pixi_configuration/#run-post-link-scripts
[00:46]     ✔ The unirig-nodes environment has been installed.
[00:46]   [comfy-env] Recorded install hash 3c070e3951c8 -> /home/runner/.ce/install.hash
[00:46]   [comfy-env] Install log: /home/runner/.ce/install.log
[00:46]   
[00:46]   Installation complete!
[00:47] Installing 1 node dependency(ies)...
[00:47]   ComfyUI-CameraPack from PozzettiAndrea/ComfyUI-CameraPack
[00:47]   ComfyUI-CameraPack already exists, skipping...
[00:47] Installing validation endpoint...
[00:47]   Cloning PozzettiAndrea/ComfyUI-validate-endpoint...
[00:47] Running: git clone --depth 1 https://github.com/PozzettiAndrea/ComfyUI-validate-endpoint.git /home/runner/work/comfy-gpu-ci/comfy-gpu-ci/test_workspaces/UniRig-0919/ComfyUI/custom_nodes/ComfyUI-validate-endpoint
[00:47] CUDA packages absent (will mock): torch_scatter, torch_cluster, flash_attn, cumm, spconv
[00:47] [INSTALL] PASSED
[00:47] 
[00:47] [3/5] REGISTRATION
[00:47] ----------------------------------------
[00:47] 
[DEBUG] server=None, server_url=None, api=None
[00:47] 
Starting ComfyUI server...
[00:47] Starting ComfyUI server on port 41882...
[00:47] CUDA mock packages: torch_scatter, torch_cluster, flash_attn, cumm, spconv
[00:47] Starting ComfyUI server on port 41882...
[00:47] Waiting for server to be ready (timeout: 600s)...
[00:48]   [ComfyUI] setup plugin alembic.autogenerate.schemas
[00:48]   [ComfyUI] setup plugin alembic.autogenerate.tables
[00:48]   [ComfyUI] setup plugin alembic.autogenerate.types
[00:48]   [ComfyUI] setup plugin alembic.autogenerate.constraints
[00:48]   [ComfyUI] setup plugin alembic.autogenerate.defaults
[00:48]   [ComfyUI] setup plugin alembic.autogenerate.comments
[00:49]   [ComfyUI] [comfy-env] ComfyUI-UniRig: 1 isolation env(s):
[00:49]   [ComfyUI] [comfy-env]   nodes -> /home/runner/work/comfy-gpu-ci/comfy-gpu-ci/test_workspaces/UniRig-0919/ComfyUI/custom_nodes/ComfyUI-UniRig/nodes
[00:49]   [ComfyUI] [comfy-env] prestartup complete
[00:49]   [ComfyUI] 
[00:49]   [ComfyUI] Prestartup times for custom nodes:
[00:49]   [ComfyUI]    0.2 seconds: /home/runner/work/comfy-gpu-ci/comfy-gpu-ci/test_workspaces/UniRig-0919/ComfyUI/custom_nodes/ComfyUI-UniRig
[00:49]   [ComfyUI] 
[00:53]   [ComfyUI] Found comfy_kitchen backend triton: {'available': False, 'disabled': True, 'unavailable_reason': 'Neither CUDA nor XPU available on this system', 'capabilities': []}
[00:53]   [ComfyUI] Found comfy_kitchen backend eager: {'available': True, 'disabled': False, 'unavailable_reason': None, 'capabilities': ['apply_rope', 'apply_rope1', 'dequantize_mxfp8', 'dequantize_nvfp4', 'dequantize_per_tensor_fp8', 'quantize_mxfp8', 'quantize_nvfp4', 'quantize_per_tensor_fp8', 'scaled_mm_mxfp8', 'scaled_mm_nvfp4']}
[00:53]   [ComfyUI] Found comfy_kitchen backend cuda: {'available': False, 'disabled': False, 'unavailable_reason': 'CUDA not available on this system', 'capabilities': []}
[00:54]   [ComfyUI] Checkpoint files will always be loaded safely.
[00:54]   [ComfyUI] Total VRAM 15990 MB, total RAM 15990 MB
[00:54]   [ComfyUI] pytorch version: 2.11.0+cu130
[00:54]   [ComfyUI] Set vram state to: DISABLED
[00:54]   [ComfyUI] Device: cpu
[00:54]   [ComfyUI] Using sub quadratic optimization for attention, if you have memory or speed issues try using: --use-split-cross-attention
[00:59]   [ComfyUI] Python version: 3.10.20 (main, Mar  3 2026, 15:36:40) [GCC 13.3.0]
[00:59]   [ComfyUI] ComfyUI version: 0.21.0
[00:59]   [ComfyUI] comfy-aimdo version: 0.3.0
[00:59]   [ComfyUI] comfy-kitchen version: 0.2.8
[00:59]   [ComfyUI] ****** User settings have been changed to be stored on the server instead of browser storage. ******
[00:59]   [ComfyUI] ****** For multi-user setups add the --multi-user CLI argument to enable multiple user profiles. ******
[00:59]   [ComfyUI] ComfyUI frontend version: 1.43.18
[00:59]   [ComfyUI] [Prompt Server] web root: /home/runner/work/comfy-gpu-ci/comfy-gpu-ci/test_workspaces/UniRig-0919/.venv/lib/python3.10/site-packages/comfyui_frontend_package/static
[00:59]   [ComfyUI] Asset seeder disabled
[01:01]   [ComfyUI] loading...
[01:01]   [ComfyUI] calling register_nodes
[01:01]   [ComfyUI] [comfy-env] Version: 0.3.83
[01:02]   [ComfyUI] [comfy-env] register_nodes: ComfyUI-UniRig
[01:02]   [ComfyUI] [comfy-env] ComfyUI source dir: /home/runner/work/comfy-gpu-ci/comfy-gpu-ci/test_workspaces/UniRig-0919/ComfyUI
[01:02]   [ComfyUI] [comfy-env] Found 1 isolation env(s)
[01:02]   [ComfyUI] [comfy-env] Scanning nodes metadata (isolation root)...
[01:02]   [ComfyUI] [comfy-env] Metadata scan: /home/runner/.pixi/bin/pixi run --as-is --manifest-path /home/runner/.ce/pixi.toml -e unirig-nodes python /tmp/comfy_meta_nt1sur40.py /home/runner/work/comfy-gpu-ci/comfy-gpu-ci/test_workspaces/UniRig-0919/ComfyUI/custom_nodes/ComfyUI-UniRig nodes
[01:02]   [ComfyUI] [comfy-env] Scan env PATH for nodes:
[01:02]   [ComfyUI] [comfy-env]   [0] /opt/hostedtoolcache/Python/3.10.20/x64/bin
[01:02]   [ComfyUI] [comfy-env]   [1] /opt/hostedtoolcache/Python/3.10.20/x64
[01:02]   [ComfyUI] [comfy-env]   [2] /snap/bin
[01:02]   [ComfyUI] [comfy-env]   [3] /home/runner/.local/bin
[01:02]   [ComfyUI] [comfy-env]   [4] /opt/pipx_bin
[01:02]   [ComfyUI] [comfy-env]   [5] /home/runner/.cargo/bin
[01:02]   [ComfyUI] [comfy-env]   [6] /home/runner/.config/composer/vendor/bin
[01:02]   [ComfyUI] [comfy-env]   [7] /usr/local/.ghcup/bin
[01:02]   [ComfyUI] [comfy-env]   [8] /home/runner/.dotnet/tools
[01:02]   [ComfyUI] [comfy-env]   [9] /usr/local/sbin
[01:02]   [ComfyUI] [comfy-env]   [10] /usr/local/bin
[01:02]   [ComfyUI] [comfy-env]   [11] /usr/sbin
[01:02]   [ComfyUI] [comfy-env]   [12] /usr/bin
[01:02]   [ComfyUI] [comfy-env]   [13] /sbin
[01:02]   [ComfyUI] [comfy-env]   [14] /bin
[01:02]   [ComfyUI] [comfy-env]   [15] /usr/games
[01:02]   [ComfyUI] [comfy-env]   [16] /usr/local/games
[01:02]   [ComfyUI] [comfy-env]   [17] /snap/bin
[01:06]   [ComfyUI] [comfy-env] Metadata scan stderr for nodes:
[01:06]   [ComfyUI] [comfy-env]   [meta-scan] importing nodes from /home/runner/work/comfy-gpu-ci/comfy-gpu-ci/test_workspaces/UniRig-0919/ComfyUI/custom_nodes/ComfyUI-UniRig
[01:06]   [ComfyUI] [comfy-env]   Failed to open dir (No such file or directory): /run/user/1001/gvfs/
[01:06]   [ComfyUI] [comfy-env]   ERROR:root:Failed to import comfy_kitchen, Error: No module named 'comfy_kitchen', fp8 and fp4 support will not be available.
[01:06]   [ComfyUI] [comfy-env]   [meta-scan] import OK
[01:06]   [ComfyUI] [comfy-env]   Traceback (most recent call last):
[01:06]   [ComfyUI] [comfy-env]     File "/home/runner/.ce/.pixi/envs/unirig-nodes/lib/python3.10/site-packages/bpy/3.6/scripts/modules/addon_utils.py", line 421, in disable
[01:06]   [ComfyUI] [comfy-env]       mod.unregister()
[01:06]   [ComfyUI] [comfy-env]   TypeError: '_OpNamespace' object is not callable
[01:06]   [ComfyUI] [comfy-env]   Traceback (most recent call last):
[01:06]   [ComfyUI] [comfy-env]     File "/home/runner/.ce/.pixi/envs/unirig-nodes/lib/python3.10/site-packages/bpy/3.6/scripts/modules/addon_utils.py", line 421, in disable
[01:06]   [ComfyUI] [comfy-env]       mod.unregister()
[01:06]   [ComfyUI] [comfy-env]   TypeError: '_ClassNamespace' object is not callable
[01:06]   [ComfyUI] [comfy-env] Scanned nodes: 16 nodes (4.6s)
[01:06]   [ComfyUI] [comfy-env] Scanned nodes root: 16 nodes (4.6s)
[01:06]   [ComfyUI] [comfy-env] Imported nodes root: 16 nodes (isolation)
[01:06]   [ComfyUI] [comfy-env] Registered 16 total nodes
[01:06]   [ComfyUI] 
[01:06]   [ComfyUI] Import times for custom nodes:
[01:06]   [ComfyUI]    0.0 seconds: /home/runner/work/comfy-gpu-ci/comfy-gpu-ci/test_workspaces/UniRig-0919/ComfyUI/custom_nodes/websocket_image_save.py
[01:06]   [ComfyUI]    0.0 seconds: /home/runner/work/comfy-gpu-ci/comfy-gpu-ci/test_workspaces/UniRig-0919/ComfyUI/custom_nodes/ComfyUI-validate-endpoint
[01:06]   [ComfyUI]    0.0 seconds: /home/runner/work/comfy-gpu-ci/comfy-gpu-ci/test_workspaces/UniRig-0919/ComfyUI/custom_nodes/ComfyUI-CameraPack
[01:06]   [ComfyUI]    4.9 seconds: /home/runner/work/comfy-gpu-ci/comfy-gpu-ci/test_workspaces/UniRig-0919/ComfyUI/custom_nodes/ComfyUI-UniRig
[01:06]   [ComfyUI] 
[01:06]   [ComfyUI] Context impl SQLiteImpl.
[01:06]   [ComfyUI] Will assume non-transactional DDL.
[01:06]   [ComfyUI] Context impl SQLiteImpl.
[01:06]   [ComfyUI] Will assume non-transactional DDL.
[01:06]   [ComfyUI] Running upgrade  -> 0001_assets, Initial assets schema
[01:06]   [ComfyUI] Revision ID: 0001_assets
[01:06]   [ComfyUI] Revises: None
[01:06]   [ComfyUI] Create Date: 2025-12-10 00:00:00
[01:06]   [ComfyUI] Running upgrade 0001_assets -> 0002_merge_to_asset_references, Merge AssetInfo and AssetCacheState into unified asset_references table.
[01:06]   [ComfyUI] Running upgrade 0002_merge_to_asset_references -> 0003_add_metadata_job_id, Add system_metadata and job_id columns to asset_references.
[01:06]   [ComfyUI] Change preview_id FK from assets.id to asset_references.id.
[01:06]   [ComfyUI] Database upgraded from None to 0003_add_metadata_job_id
[01:06]   [ComfyUI] Starting server
[01:06]   [ComfyUI] 
[01:06]   [ComfyUI] To see the GUI go to: http://127.0.0.1:41882
[01:07] Server responding, waiting for nodes to load...
[01:27] Server is ready!
[01:27] Checking for import errors in server logs...
[01:27] No import errors detected
[01:27] Found 726 registered nodes
[01:27] [REGISTRATION] PASSED
[01:27] 
[01:27] [4/5] INSTANTIATION
[01:27] ----------------------------------------
[01:27] 
[DEBUG] server=<comfy_test.comfyui.server.ComfyUIServer object at 0x7fe3ec980280>, server_url=None, api=<comfy_test.comfyui.api.ComfyUIAPI object at 0x7fe3ec99d030>
[01:27] Testing node constructors...
[01:29] All 16 node(s) instantiated successfully!
[01:29] [INSTANTIATION] PASSED
[01:29] 
[01:29] [5/5] EXECUTION
[01:29] ----------------------------------------
[01:29] 
[DEBUG] server=<comfy_test.comfyui.server.ComfyUIServer object at 0x7fe3ec980280>, server_url=None, api=<comfy_test.comfyui.api.ComfyUIAPI object at 0x7fe3ec99d030>
[01:29] CPU runner - will execute 3 workflow(s)
[01:29] Running 6 workflow(s) (all with videos)...
[01:29] Installing screenshot dependencies (playwright, pillow)...
[01:29]   Packages installed, downloading chromium browser...
[01:38]   Screenshot dependencies installed successfully
[01:39] Starting headless browser...
[01:39]   Installing Mesa llvmpipe (apt)...
[01:49]   Mesa install failed: E: Unable to locate package libegl1-mesa

[01:49]   No GPU, no Mesa -- using SwiftShader software rendering
[01:50] Capturing execution frames: apply_animation.json
[01:57]   Frame 1 saved (frame_000.jpg, t=0.0s)
[01:57]   Validating workflow...
[01:57]   [ComfyUI] === /validate endpoint called ===
[01:57]   [ComfyUI] Received JSON with keys: ['prompt']
[01:57]   [ComfyUI] Prompt has 4 nodes
[01:57]   [ComfyUI]   Node 6: UniRigApplyAnimation
[01:57]   [ComfyUI]     Inputs: {"model_fbx_path": ["9", 0], "animation_type": "mixamo", "animation_file": "Breakdance.fbx", "output_name": ""}
[01:57]   [ComfyUI]   Node 7: Preview3D
[01:57]   [ComfyUI]     Inputs: {"model_file": ["6", 0], "image": "", "camera_info": ["10", 0]}
[01:57]   [ComfyUI]   Node 9: UniRigLoadRiggedMesh
[01:57]   [ComfyUI]     Inputs: {"fbx_file": "3d/mixamo.fbx"}
[01:57]   Queuing workflow for execution...
[01:57]   [ComfyUI]   Node 10: CreateLoad3DCamera
[01:57]   [ComfyUI]     Inputs: {"pos_x": 0, "pos_y": 20, "pos_z": 20, "target_x": 0, "target_y": 0, "target_z": 0, "zoom": 1, "camera_type": "perspective"}
[01:57]   [ComfyUI] Generated prompt_id: 26d68ed0-69ba-4852-aac9-100645beab00
[01:57]   [ComfyUI] Calling execution.validate_prompt()...
[01:57]   [ComfyUI] Validation result: valid=True
[01:57]   [ComfyUI] === Validation PASSED ===
[01:57]   [ComfyUI] got prompt
[01:57]   [ComfyUI] [comfy-env] Running UniRigLoadRiggedMesh: fbx_file: '3d/mixamo.fbx'
[01:57]   [ComfyUI] [comfy-env] SubprocessWorker: /home/runner/.ce/.pixi/envs/unirig-nodes/bin/python
[01:57]   [ComfyUI] [SubprocessWorker] call_method: nodes.skeleton_io.UniRigLoadRiggedMesh.EXECUTE_NORMALIZED
[01:57]   [ComfyUI] [comfy-env] env_vars: {'COMFYUI_BASE': '/home/runner/work/comfy-gpu-ci/comfy-gpu-ci/test_workspaces/UniRig-0919/ComfyUI'}
[01:57]   [ComfyUI] [SubprocessWorker] acquired lock, ensuring started...
[01:57]   [ComfyUI] [ComfyUI-UniRig] python: /home/runner/.ce/.pixi/envs/unirig-nodes/bin/python
[01:57]   [ComfyUI] [ComfyUI-UniRig] sys_path sent to worker: ['/home/runner/work/comfy-gpu-ci/comfy-gpu-ci/test_workspaces/UniRig-0919/ComfyUI', '/home/runner/work/comfy-gpu-ci/comfy-gpu-ci/test_workspaces/UniRig-0919/ComfyUI/custom_nodes/ComfyUI-UniRig', '/home/runner/.ce/.pixi/envs/unirig-nodes/lib/python3.10/site-packages', '/home/runner/work/comfy-gpu-ci/comfy-gpu-ci/test_workspaces/UniRig-0919/ComfyUI/custom_nodes/ComfyUI-UniRig']
[01:57]   [ComfyUI] [SubprocessWorker] is_pixi=True, python=/home/runner/.ce/.pixi/envs/unirig-nodes/bin/python
[01:57]   [ComfyUI] [SubprocessWorker] launching cmd=['/home/runner/.pixi/bin/pixi', 'run', '--as-is', '--manifest-path', '/home/runner/.ce/pixi.toml', '-e', 'unirig-nodes', 'python', '/tmp/comfyui_pvenv_w8ey030e/persistent_worker.py', 'abstract://comfy_worker_d536091e15d9']...
[01:57]   [ComfyUI] [SubprocessWorker] socket_addr=abstract://comfy_worker_d536091e15d9 (abstract, no filesystem path)
[01:58]   [ComfyUI] [worker:ComfyUI-UniRig] ERROR: Failed to import comfy_kitchen, Error: No module named 'comfy_kitchen', fp8 and fp4 support will not be available.
[01:58]   [ComfyUI] [SubprocessWorker] worker started/confirmed
[01:58]   [ComfyUI] [SubprocessWorker] serializing kwargs to shm...
[01:58]   [ComfyUI] [SubprocessWorker] created 0 shm blocks
[01:58]   [ComfyUI] [SubprocessWorker] sending request via socket...
[01:58]   [ComfyUI] [SubprocessWorker] call_id=1 sending call_method
[01:58]   [ComfyUI] Failed to open dir (No such file or directory): /run/user/1001/gvfs/
[01:59]   Frame 2 saved (frame_001.jpg, t=2.3s)
[01:59]   [capture-periodic] freeze=2ms shot=129ms unfreeze=5ms saved=True
[01:59]   [ComfyUI] [worker:ComfyUI-UniRig] WARNING: No comfy kitchen, using old apply_rope functions.
[02:01]   Frame 3 saved (frame_002.jpg, t=4.5s)
[02:01]   [capture-periodic] freeze=2ms shot=113ms unfreeze=2ms saved=True
[02:03]   [capture-loop] iter=50 t=5.7s state={'complete': False, 'error': None, 'executedCount': 0, 'wsState': 1} eval_ms=2 ram=2.2/15.6GB (14%) swap=0.0/3.0GB (0%) cpu=32% browser_rss=0.89GB
[02:03]   [ComfyUI] [worker:ComfyUI-UniRig] Exception in module unregister(): '_ops.py'
[02:03]   [ComfyUI] [worker:ComfyUI-UniRig] Traceback (most recent call last):
[02:03]   [ComfyUI] 
[02:03]   [ComfyUI] [worker:ComfyUI-UniRig]   File "/home/runner/.ce/.pixi/envs/unirig-nodes/lib/python3.10/site-packages/bpy/3.6/scripts/modules/addon_utils.py", line 421, in disable
[02:03]   [ComfyUI]     mod.unregister()
[02:03]   [ComfyUI] 
[02:03]   [ComfyUI] [worker:ComfyUI-UniRig] TypeError: '_OpNamespace' object is not callable
[02:03]   [ComfyUI] 
[02:03]   [ComfyUI] [worker:ComfyUI-UniRig] Exception in module unregister(): '_classes.py'
[02:03]   [ComfyUI] [worker:ComfyUI-UniRig] Traceback (most recent call last):
[02:03]   [ComfyUI] 
[02:03]   [ComfyUI] [worker:ComfyUI-UniRig]   File "/home/runner/.ce/.pixi/envs/unirig-nodes/lib/python3.10/site-packages/bpy/3.6/scripts/modules/addon_utils.py", line 421, in disable
[02:03]   [ComfyUI]     mod.unregister()
[02:03]   [ComfyUI] 
[02:03]   [ComfyUI] [worker:ComfyUI-UniRig] TypeError: '_ClassNamespace' object is not callable
[02:03]   [ComfyUI] 
[02:03]   [ComfyUI] [worker:ComfyUI-UniRig] FBX version: 7400
[02:03]   [ComfyUI] [SubprocessWorker] got response: ok
[02:03]   [ComfyUI] [comfy-env] UniRigLoadRiggedMesh done (6.15s): result: NodeOutput
[02:03]   [ComfyUI] [comfy-env] Running UniRigApplyAnimation: model_fbx_path: '/home/runner/work/comfy-gpu-ci/comfy-gpu-ci/test_workspa..., animation_type: 'mixamo', animation_file: 'Breakdance.fbx', output_name: ''
[02:03]   [ComfyUI] [SubprocessWorker] call_method: nodes.animation.UniRigApplyAnimation.EXECUTE_NORMALIZED
[02:03]   [ComfyUI] [SubprocessWorker] acquired lock, ensuring started...
[02:03]   [ComfyUI] [ComfyUI-UniRig] Health check: ping (timeout=5.0s)...
[02:03]   [ComfyUI] [ComfyUI-UniRig] Health check: ok
[02:03]   [ComfyUI] [SubprocessWorker] worker started/confirmed
[02:03]   [ComfyUI] [SubprocessWorker] serializing kwargs to shm...
[02:03]   [ComfyUI] [SubprocessWorker] created 0 shm blocks
[02:03]   [ComfyUI] [SubprocessWorker] sending request via socket...
[02:03]   [ComfyUI] [SubprocessWorker] call_id=2 sending call_method
[02:03]   [ComfyUI] [worker:ComfyUI-UniRig] FBX version: 7400
[02:03]   [ComfyUI] [worker:ComfyUI-UniRig] FBX version: 7700
[02:03]   [ComfyUI] [worker:ComfyUI-UniRig]
[02:03]   [ComfyUI] FBX export starting... '/home/runner/work/comfy-gpu-ci/comfy-gpu-ci/test_workspaces/UniRig-0919/ComfyUI/output/loaded_1778491286_mixamo_Breakdance.fbx'
[02:03]   [ComfyUI] [worker:ComfyUI-UniRig] (bpy.data.armatures['Armature'], 'POSE')
[02:03]   [ComfyUI] [worker:ComfyUI-UniRig] (bpy.data.armatures['Armature'], 'POSE')
[02:04]   Frame 4 saved (frame_003.jpg, t=6.8s)
[02:04]   [capture-periodic] freeze=2ms shot=120ms unfreeze=2ms saved=True
[02:06]   [ComfyUI] [worker:ComfyUI-UniRig] export finished in 6.2481 sec.
[02:06]   [ComfyUI] [SubprocessWorker] got response: ok
[02:06]   [ComfyUI] [comfy-env] UniRigApplyAnimation done (2.64s): result: NodeOutput
[02:06]   [ComfyUI] Prompt executed in 8.80 seconds
[02:06]   Node executed (1 total), capturing...
[02:08]   Frame 5 saved (frame_004.jpg, t=9.5s)
[02:08]   [capture-node] freeze=785ms shot=942ms unfreeze=0ms saved=True
[02:08]   Execution complete (t=9.5s)
[02:08]   [3d-wait] Phase 1: Waiting for 'Loading 3D Model' text to disappear...
[03:08]   [3d-wait] Phase 1 exception after 60.0s: Page.wait_for_function: Timeout 60000ms exceeded.
[03:08]   [3d-wait] Phase 2: iframes=0
[03:08]   [3d-wait] Total 3D wait: 60.0s
[03:08]   Captured 5 unique frames over 71.31s
[03:08]   [debug] iframes: 0
[03:08]   [timing] trigger_3d_previews: 0.0s
[03:10]   Saved high-quality screenshot: apply_animation_executed.png
[03:10]   [timing] final_screenshot: 0.3s
[03:11]   [2/6] SKIPPED (not in cpu list) mia_humanoid.json
[03:11] Capturing execution frames: rigged_manipulator.json
[03:17]   Frame 1 saved (frame_000.jpg, t=0.0s)
[03:17]   Validating workflow...
[03:17]   [ComfyUI] === /validate endpoint called ===
[03:17]   [ComfyUI] Received JSON with keys: ['prompt']
[03:17]   [ComfyUI] Prompt has 2 nodes
[03:17]   [ComfyUI]   Node 3: UniRigPreviewRiggedMesh
[03:17]   [ComfyUI]     Inputs: {"fbx_output_path": ["4", 0], "preview": ""}
[03:17]   [ComfyUI]   Node 4: UniRigLoadRiggedMesh
[03:17]   Queuing workflow for execution...
[03:17]   [ComfyUI]     Inputs: {"fbx_file": "animation_characters/mixamo.fbx"}
[03:17]   [ComfyUI] Generated prompt_id: 90050808-a69a-4b13-a019-3eaa6e3d45d5
[03:17]   [ComfyUI] Calling execution.validate_prompt()...
[03:17]   [ComfyUI] Validation result: valid=True
[03:17]   [ComfyUI] === Validation PASSED ===
[03:17]   [ComfyUI] got prompt
[03:17]   [ComfyUI] [comfy-env] Running UniRigLoadRiggedMesh: fbx_file: 'animation_characters/mixamo.fbx'
[03:17]   [ComfyUI] [SubprocessWorker] call_method: nodes.skeleton_io.UniRigLoadRiggedMesh.EXECUTE_NORMALIZED
[03:17]   [ComfyUI] [SubprocessWorker] acquired lock, ensuring started...
[03:17]   [ComfyUI] [ComfyUI-UniRig] Health check: ping (timeout=5.0s)...
[03:17]   [ComfyUI] [ComfyUI-UniRig] Health check: failed
[03:17]   [ComfyUI] [ComfyUI-UniRig] Socket unhealthy, restarting worker...
[03:17]   [ComfyUI] [ComfyUI-UniRig] python: /home/runner/.ce/.pixi/envs/unirig-nodes/bin/python
[03:17]   [ComfyUI] [ComfyUI-UniRig] sys_path sent to worker: ['/home/runner/work/comfy-gpu-ci/comfy-gpu-ci/test_workspaces/UniRig-0919/ComfyUI', '/home/runner/work/comfy-gpu-ci/comfy-gpu-ci/test_workspaces/UniRig-0919/ComfyUI/custom_nodes/ComfyUI-UniRig', '/home/runner/.ce/.pixi/envs/unirig-nodes/lib/python3.10/site-packages', '/home/runner/work/comfy-gpu-ci/comfy-gpu-ci/test_workspaces/UniRig-0919/ComfyUI/custom_nodes/ComfyUI-UniRig']
[03:17]   [ComfyUI] [SubprocessWorker] is_pixi=True, python=/home/runner/.ce/.pixi/envs/unirig-nodes/bin/python
[03:17]   [ComfyUI] [SubprocessWorker] launching cmd=['/home/runner/.pixi/bin/pixi', 'run', '--as-is', '--manifest-path', '/home/runner/.ce/pixi.toml', '-e', 'unirig-nodes', 'python', '/tmp/comfyui_pvenv_w8ey030e/persistent_worker.py', 'abstract://comfy_worker_ed57fefb35f9']...
[03:17]   [ComfyUI] [SubprocessWorker] socket_addr=abstract://comfy_worker_ed57fefb35f9 (abstract, no filesystem path)
[03:19]   [ComfyUI] [worker:ComfyUI-UniRig] ERROR: Failed to import comfy_kitchen, Error: No module named 'comfy_kitchen', fp8 and fp4 support will not be available.
[03:19]   [ComfyUI] [SubprocessWorker] worker started/confirmed
[03:19]   [ComfyUI] [SubprocessWorker] serializing kwargs to shm...
[03:19]   [ComfyUI] [SubprocessWorker] created 0 shm blocks
[03:19]   [ComfyUI] [SubprocessWorker] sending request via socket...
[03:19]   [ComfyUI] [SubprocessWorker] call_id=3 sending call_method
[03:19]   [ComfyUI] Failed to open dir (No such file or directory): /run/user/1001/gvfs/
[03:19]   Frame 2 saved (frame_001.jpg, t=2.3s)
[03:19]   [capture-periodic] freeze=2ms shot=116ms unfreeze=3ms saved=True
[03:20]   [ComfyUI] [worker:ComfyUI-UniRig] WARNING: No comfy kitchen, using old apply_rope functions.
[03:21]   [ComfyUI] [worker:ComfyUI-UniRig] Exception in module unregister(): '_ops.py'
[03:21]   [ComfyUI] [worker:ComfyUI-UniRig] Traceback (most recent call last):
[03:21]   [ComfyUI] 
[03:21]   [ComfyUI] [worker:ComfyUI-UniRig]   File "/home/runner/.ce/.pixi/envs/unirig-nodes/lib/python3.10/site-packages/bpy/3.6/scripts/modules/addon_utils.py", line 421, in disable
[03:21]   [ComfyUI]     mod.unregister()
[03:21]   [ComfyUI] 
[03:21]   [ComfyUI] [worker:ComfyUI-UniRig] TypeError: '_OpNamespace' object is not callable
[03:21]   [ComfyUI] 
[03:21]   [ComfyUI] [worker:ComfyUI-UniRig] Exception in module unregister(): '_classes.py'
[03:21]   [ComfyUI] [worker:ComfyUI-UniRig] Traceback (most recent call last):
[03:21]   [ComfyUI] 
[03:21]   [ComfyUI] [worker:ComfyUI-UniRig]   File "/home/runner/.ce/.pixi/envs/unirig-nodes/lib/python3.10/site-packages/bpy/3.6/scripts/modules/addon_utils.py", line 421, in disable
[03:21]   [ComfyUI]     mod.unregister()
[03:21]   [ComfyUI] 
[03:21]   [ComfyUI] [worker:ComfyUI-UniRig] TypeError: '_ClassNamespace' object is not callable
[03:21]   [ComfyUI] 
[03:21]   [ComfyUI] [worker:ComfyUI-UniRig] FBX version: 7400
[03:21]   [ComfyUI] [SubprocessWorker] got response: ok
[03:21]   [ComfyUI] [comfy-env] UniRigLoadRiggedMesh done (4.16s): result: NodeOutput
[03:21]   [ComfyUI] [comfy-env] Running UniRigPreviewRiggedMesh: fbx_output_path: '/home/runner/work/comfy-gpu-ci/comfy-gpu-ci/test_workspa...
[03:21]   [ComfyUI] [SubprocessWorker] call_method: nodes.skeleton_io.UniRigPreviewRiggedMesh.EXECUTE_NORMALIZED
[03:21]   [ComfyUI] [SubprocessWorker] acquired lock, ensuring started...
[03:21]   [ComfyUI] [ComfyUI-UniRig] Health check: ping (timeout=5.0s)...
[03:21]   [ComfyUI] [ComfyUI-UniRig] Health check: ok
[03:21]   [ComfyUI] [SubprocessWorker] worker started/confirmed
[03:21]   [ComfyUI] [SubprocessWorker] serializing kwargs to shm...
[03:21]   [ComfyUI] [SubprocessWorker] created 0 shm blocks
[03:21]   [ComfyUI] [SubprocessWorker] sending request via socket...
[03:21]   [ComfyUI] [SubprocessWorker] call_id=4 sending call_method
[03:21]   [ComfyUI] [SubprocessWorker] got response: ok
[03:21]   [ComfyUI] [comfy-env] UniRigPreviewRiggedMesh done (0.01s): result: NodeOutput
[03:21]   [ComfyUI] Prompt executed in 4.17 seconds
[03:21]   Node executed (1 total), capturing...
[03:22]   Frame 3 saved (frame_002.jpg, t=4.6s)
[03:22]   [capture-node] freeze=2ms shot=657ms unfreeze=5ms saved=True
[03:22]   Execution complete (t=5.5s)
[03:22]   Captured 3 unique frames over 5.56s
[03:23]   [debug] iframes: 1
[03:23]   [debug]   iframe[0]: src=http://127.0.0.1:41882/extensions/ComfyUI-UniRig/viewer_fbx.html?v=1778491357960, canvas=486x710, rafFrozen=False
[03:23]   [timing] trigger_3d_previews: 0.1s
[03:25]   Saved high-quality screenshot: rigged_manipulator_executed.png
[03:25]   [timing] final_screenshot: 0.2s
[03:25] Capturing execution frames: skeleton_comparison.json
[03:31]   Frame 1 saved (frame_000.jpg, t=0.0s)
[03:31]   Validating workflow...
[03:31]   [ComfyUI] === /validate endpoint called ===
[03:31]   [ComfyUI] Received JSON with keys: ['prompt']
[03:31]   [ComfyUI] Prompt has 3 nodes
[03:31]   [ComfyUI]   Node 49: UniRigCompareSkeletons
[03:31]   [ComfyUI]     Inputs: {"fbx_path_left": ["54", 0], "fbx_path_right": ["55", 0], "preview": ""}
[03:31]   Queuing workflow for execution...
[03:31]   [ComfyUI]   Node 54: UniRigLoadRiggedMesh
[03:31]   [ComfyUI]     Inputs: {"fbx_file": "3d/mixamo.fbx"}
[03:31]   [ComfyUI]   Node 55: UniRigLoadRiggedMesh
[03:31]   [ComfyUI]     Inputs: {"fbx_file": "animation_characters/mixamo.fbx"}
[03:31]   [ComfyUI] Generated prompt_id: 47dcde45-15c4-453d-843e-559c96f93a58
[03:31]   [ComfyUI] Calling execution.validate_prompt()...
[03:31]   [ComfyUI] Validation result: valid=True
[03:31]   [ComfyUI] === Validation PASSED ===
[03:31]   [ComfyUI] got prompt
[03:31]   [ComfyUI] [comfy-env] Running UniRigLoadRiggedMesh: fbx_file: 'animation_characters/mixamo.fbx'
[03:31]   [ComfyUI] [SubprocessWorker] call_method: nodes.skeleton_io.UniRigLoadRiggedMesh.EXECUTE_NORMALIZED
[03:31]   [ComfyUI] [SubprocessWorker] acquired lock, ensuring started...
[03:31]   [ComfyUI] [ComfyUI-UniRig] Health check: ping (timeout=5.0s)...
[03:31]   [ComfyUI] [ComfyUI-UniRig] Health check: ok
[03:31]   [ComfyUI] [SubprocessWorker] worker started/confirmed
[03:31]   [ComfyUI] [SubprocessWorker] serializing kwargs to shm...
[03:31]   [ComfyUI] [SubprocessWorker] created 0 shm blocks
[03:31]   [ComfyUI] [SubprocessWorker] sending request via socket...
[03:31]   [ComfyUI] [SubprocessWorker] call_id=5 sending call_method
[03:31]   [ComfyUI] [worker:ComfyUI-UniRig] FBX version: 7400
[03:31]   [ComfyUI] [SubprocessWorker] got response: ok
[03:31]   [ComfyUI] [comfy-env] UniRigLoadRiggedMesh done (0.41s): result: NodeOutput
[03:31]   [ComfyUI] [comfy-env] Running UniRigLoadRiggedMesh: fbx_file: '3d/mixamo.fbx'
[03:31]   [ComfyUI] [SubprocessWorker] call_method: nodes.skeleton_io.UniRigLoadRiggedMesh.EXECUTE_NORMALIZED
[03:31]   [ComfyUI] [SubprocessWorker] acquired lock, ensuring started...
[03:31]   [ComfyUI] [ComfyUI-UniRig] Health check: ping (timeout=5.0s)...
[03:31]   [ComfyUI] [ComfyUI-UniRig] Health check: ok
[03:31]   [ComfyUI] [SubprocessWorker] worker started/confirmed
[03:31]   [ComfyUI] [SubprocessWorker] serializing kwargs to shm...
[03:31]   [ComfyUI] [SubprocessWorker] created 0 shm blocks
[03:31]   [ComfyUI] [SubprocessWorker] sending request via socket...
[03:31]   [ComfyUI] [SubprocessWorker] call_id=6 sending call_method
[03:31]   [ComfyUI] [worker:ComfyUI-UniRig] FBX version: 7400
[03:31]   [ComfyUI] [SubprocessWorker] got response: ok
[03:31]   [ComfyUI] [comfy-env] UniRigLoadRiggedMesh done (0.24s): result: NodeOutput
[03:31]   [ComfyUI] [comfy-env] Running UniRigCompareSkeletons: fbx_path_left: '/home/runner/work/comfy-gpu-ci/comfy-gpu-ci/test_workspa..., fbx_path_right: '/home/runner/work/comfy-gpu-ci/comfy-gpu-ci/test_workspa...
[03:31]   [ComfyUI] [SubprocessWorker] call_method: nodes.skeleton_io.UniRigCompareSkeletons.EXECUTE_NORMALIZED
[03:31]   [ComfyUI] [SubprocessWorker] acquired lock, ensuring started...
[03:31]   [ComfyUI] [ComfyUI-UniRig] Health check: ping (timeout=5.0s)...
[03:31]   [ComfyUI] [ComfyUI-UniRig] Health check: ok
[03:31]   [ComfyUI] [SubprocessWorker] worker started/confirmed
[03:31]   [ComfyUI] [SubprocessWorker] serializing kwargs to shm...
[03:31]   [ComfyUI] [SubprocessWorker] created 0 shm blocks
[03:31]   [ComfyUI] [SubprocessWorker] sending request via socket...
[03:31]   [ComfyUI] [SubprocessWorker] call_id=7 sending call_method
[03:31]   [ComfyUI] [SubprocessWorker] got response: ok
[03:31]   [ComfyUI] [comfy-env] UniRigCompareSkeletons done (0.01s): result: NodeOutput
[03:31]   [ComfyUI] Prompt executed in 0.66 seconds
[03:31]   Node executed (1 total), capturing...
[03:33]   Frame 2 saved (frame_001.jpg, t=1.0s)
[03:33]   [capture-node] freeze=1432ms shot=264ms unfreeze=0ms saved=True
[03:33]   Execution complete (t=1.0s)
[03:33]   Captured 2 unique frames over 2.77s
[03:33]   [debug] iframes: 1
[03:33]   [debug]   iframe[0]: src=http://127.0.0.1:41882/extensions/ComfyUI-UniRig/viewer_fbx_compare.html?v=17784, canvas=387x330, rafFrozen=True
[03:33]   [timing] trigger_3d_previews: 0.0s
[03:36]   Saved high-quality screenshot: skeleton_comparison_executed.png
[03:36]   [timing] final_screenshot: 0.2s
[03:36]   [5/6] SKIPPED (not in cpu list) unirig_bird.json
[03:36]   [6/6] SKIPPED (not in cpu list) unirig_humanoid.json
[03:36] Results saved to /home/runner/work/comfy-gpu-ci/comfy-gpu-ci/comfy-test-logs/UniRig-0919/dev/linux-cpu/results.json
[03:36] Saved: /home/runner/work/comfy-gpu-ci/comfy-gpu-ci/comfy-test-logs/UniRig-0919/dev/linux-cpu/index.html
[03:36] [EXECUTION] PASSED
[03:36] 
linux: PASSED
[03:36] Stopping ComfyUI server...
