Capturing execution frames: mia_humanoid.json
  Frame 1 saved (frame_000.jpg, t=0.0s)
  Validating workflow...
  Queuing workflow for execution...
  Frame 2 saved (frame_001.jpg, t=2.2s)
  [capture-periodic] freeze=2ms shot=80ms unfreeze=2ms saved=True
  Frame 3 saved (frame_002.jpg, t=4.4s)
  [capture-periodic] freeze=2ms shot=71ms unfreeze=2ms saved=True
  [capture-loop] iter=50 t=5.8s state={'complete': False, 'error': None, 'executedCount': 0, 'wsState': 1} eval_ms=3 ram=9.9/31.9GB (31%) swap=0.0/5.0GB (0%) cpu=14% browser_rss=0.74GB
  Frame 4 saved (frame_003.jpg, t=8.7s)
  [capture-periodic] freeze=2ms shot=70ms unfreeze=2ms saved=True
  [capture-loop] iter=100 t=11.9s state={'complete': False, 'error': None, 'executedCount': 0, 'wsState': 1} eval_ms=6 ram=10.4/31.9GB (33%) swap=0.0/5.0GB (0%) cpu=27% browser_rss=0.78GB
  Frame 5 saved (frame_004.jpg, t=12.9s)
  [capture-periodic] freeze=2ms shot=72ms unfreeze=2ms saved=True
  [capture-loop] iter=150 t=17.7s state={'complete': False, 'error': None, 'executedCount': 0, 'wsState': 1} eval_ms=3 ram=10.4/31.9GB (33%) swap=0.0/5.0GB (0%) cpu=21% browser_rss=0.78GB
  Frame 6 saved (frame_005.jpg, t=21.6s)
  [capture-periodic] freeze=3ms shot=74ms unfreeze=2ms saved=True
  [capture-loop] iter=200 t=23.4s state={'complete': False, 'error': None, 'executedCount': 0, 'wsState': 1} eval_ms=4 ram=10.5/31.9GB (33%) swap=0.0/5.0GB (0%) cpu=22% browser_rss=0.78GB
  Frame 7 saved (frame_006.jpg, t=23.8s)
  [capture-periodic] freeze=3ms shot=73ms unfreeze=3ms saved=True
  [capture-loop] iter=250 t=29.2s state={'complete': False, 'error': None, 'executedCount': 0, 'wsState': 1} eval_ms=3 ram=10.8/31.9GB (34%) swap=0.0/5.0GB (0%) cpu=25% browser_rss=0.71GB
  Frame 8 saved (frame_007.jpg, t=30.2s)
  [capture-periodic] freeze=3ms shot=76ms unfreeze=3ms saved=True
  Frame 9 saved (frame_008.jpg, t=32.4s)
  [capture-periodic] freeze=2ms shot=67ms unfreeze=2ms saved=True
  [capture-loop] iter=300 t=35.0s state={'complete': False, 'error': None, 'executedCount': 0, 'wsState': 1} eval_ms=7 ram=10.9/31.9GB (34%) swap=0.0/5.0GB (0%) cpu=24% browser_rss=0.72GB
  Frame 10 saved (frame_009.jpg, t=38.9s)
  [capture-periodic] freeze=6ms shot=78ms unfreeze=5ms saved=True
  [capture-loop] iter=350 t=40.8s state={'complete': False, 'error': None, 'executedCount': 0, 'wsState': 1} eval_ms=8 ram=11.6/31.9GB (36%) swap=0.0/5.0GB (0%) cpu=45% browser_rss=0.72GB
  Frame 11 saved (frame_010.jpg, t=41.1s)
  [capture-periodic] freeze=3ms shot=109ms unfreeze=3ms saved=True
  Frame 12 saved (frame_011.jpg, t=43.3s)
  [capture-periodic] freeze=2ms shot=76ms unfreeze=2ms saved=True
  [capture-loop] iter=400 t=46.7s state={'complete': False, 'error': None, 'executedCount': 0, 'wsState': 1} eval_ms=3 ram=11.8/31.9GB (37%) swap=0.0/5.0GB (0%) cpu=29% browser_rss=0.72GB
  [capture-loop] iter=450 t=52.3s state={'complete': False, 'error': None, 'executedCount': 0, 'wsState': 1} eval_ms=6 ram=11.7/31.9GB (36%) swap=0.0/5.0GB (0%) cpu=22% browser_rss=0.72GB
  [capture-loop] iter=500 t=58.0s state={'complete': False, 'error': None, 'executedCount': 0, 'wsState': 1} eval_ms=3 ram=11.8/31.9GB (37%) swap=0.0/5.0GB (0%) cpu=27% browser_rss=0.70GB
  [capture-loop] iter=550 t=63.7s state={'complete': False, 'error': None, 'executedCount': 0, 'wsState': 1} eval_ms=3 ram=12.3/31.9GB (38%) swap=0.0/5.0GB (0%) cpu=27% browser_rss=0.70GB
  Node executed (1 total), capturing...
  Frame 13 saved (frame_012.jpg, t=64.5s)
  [capture-node] freeze=12ms shot=4368ms unfreeze=0ms saved=True
  Execution complete (t=64.5s)
  Captured 13 unique frames over 68.89s
  [debug] iframes: 1
  [debug]   iframe[0]: src=http://127.0.0.1:41895/extensions/ComfyUI-UniRig/viewer_fbx.html?v=1779118716908, canvas=817x710, rafFrozen=True
  [timing] trigger_3d_previews: 0.0s
  Saved high-quality screenshot: mia_humanoid_executed.png
  [timing] final_screenshot: 0.2s
    Captured 14 video frames