Capturing execution frames: unirig_humanoid.json
  Frame 1 saved (frame_000.jpg, t=0.0s)
  Validating workflow...
  Queuing workflow for execution...
  Frame 2 saved (frame_001.jpg, t=2.2s)
  [capture-periodic] freeze=6ms shot=80ms unfreeze=2ms saved=True
  Frame 3 saved (frame_002.jpg, t=4.3s)
  [capture-periodic] freeze=2ms shot=73ms unfreeze=2ms saved=True
  [capture-loop] iter=50 t=5.8s state={'complete': False, 'error': None, 'executedCount': 0, 'wsState': 1} eval_ms=6 ram=9.8/31.9GB (31%) swap=0.0/5.0GB (0%) cpu=21% browser_rss=0.79GB
  Frame 4 saved (frame_003.jpg, t=8.6s)
  [capture-periodic] freeze=2ms shot=81ms unfreeze=2ms saved=True
  [capture-loop] iter=100 t=11.6s state={'complete': False, 'error': None, 'executedCount': 0, 'wsState': 1} eval_ms=3 ram=10.6/31.9GB (33%) swap=0.0/5.0GB (0%) cpu=28% browser_rss=0.75GB
  [capture-loop] iter=150 t=17.2s state={'complete': False, 'error': None, 'executedCount': 0, 'wsState': 1} eval_ms=3 ram=10.1/31.9GB (32%) swap=0.0/5.0GB (0%) cpu=22% browser_rss=0.75GB
  Frame 5 saved (frame_004.jpg, t=19.4s)
  [capture-periodic] freeze=5ms shot=71ms unfreeze=2ms saved=True
  [capture-loop] iter=200 t=23.0s state={'complete': False, 'error': None, 'executedCount': 0, 'wsState': 1} eval_ms=3 ram=10.1/31.9GB (32%) swap=0.0/5.0GB (0%) cpu=20% browser_rss=0.75GB
  [capture-loop] iter=250 t=28.7s state={'complete': False, 'error': None, 'executedCount': 0, 'wsState': 1} eval_ms=3 ram=10.8/31.9GB (34%) swap=0.0/5.0GB (0%) cpu=27% browser_rss=0.75GB
  Frame 6 saved (frame_005.jpg, t=32.5s)
  [capture-periodic] freeze=3ms shot=77ms unfreeze=3ms saved=True
  [capture-loop] iter=300 t=34.4s state={'complete': False, 'error': None, 'executedCount': 0, 'wsState': 1} eval_ms=3 ram=10.9/31.9GB (34%) swap=0.0/5.0GB (0%) cpu=26% browser_rss=0.75GB
  Frame 7 saved (frame_006.jpg, t=39.0s)
  [capture-periodic] freeze=2ms shot=73ms unfreeze=2ms saved=True
  [capture-loop] iter=350 t=40.2s state={'complete': False, 'error': None, 'executedCount': 0, 'wsState': 1} eval_ms=4 ram=11.1/31.9GB (35%) swap=0.0/5.0GB (0%) cpu=26% browser_rss=0.75GB
  [capture-loop] iter=400 t=45.9s state={'complete': False, 'error': None, 'executedCount': 0, 'wsState': 1} eval_ms=4 ram=11.2/31.9GB (35%) swap=0.0/5.0GB (0%) cpu=22% browser_rss=0.75GB
  Node executed (1 total), capturing...
  Frame 8 saved (frame_007.jpg, t=46.7s)
  [capture-node] freeze=3ms shot=83ms unfreeze=682ms saved=True
  Execution complete (t=47.7s)
  Captured 8 unique frames over 47.67s
  [debug] iframes: 1
  [debug]   iframe[0]: src=http://127.0.0.1:41895/extensions/ComfyUI-UniRig/viewer_fbx.html?v=1779118874612, canvas=817x710, rafFrozen=False
  [timing] trigger_3d_previews: 0.0s
  Saved high-quality screenshot: unirig_humanoid_executed.png
  [timing] final_screenshot: 0.1s
    Captured 9 video frames