Capturing execution frames: unirig_bird.json
  Frame 1 saved (frame_000.jpg, t=0.0s)
  Validating workflow...
  Queuing workflow for execution...
  Frame 2 saved (frame_001.jpg, t=2.2s)
  [capture-periodic] freeze=2ms shot=75ms unfreeze=2ms saved=True
  Frame 3 saved (frame_002.jpg, t=4.4s)
  [capture-periodic] freeze=3ms shot=67ms unfreeze=2ms saved=True
  [capture-loop] iter=50 t=5.8s state={'complete': False, 'error': None, 'executedCount': 0, 'wsState': 1} eval_ms=3 ram=9.6/31.9GB (30%) swap=0.0/5.0GB (0%) cpu=18% browser_rss=0.70GB
  Frame 4 saved (frame_003.jpg, t=11.1s)
  [capture-periodic] freeze=2ms shot=69ms unfreeze=3ms saved=True
  [capture-loop] iter=100 t=11.8s state={'complete': False, 'error': None, 'executedCount': 0, 'wsState': 1} eval_ms=3 ram=9.9/31.9GB (31%) swap=0.0/5.0GB (0%) cpu=22% browser_rss=0.70GB
  Frame 5 saved (frame_004.jpg, t=13.2s)
  [capture-periodic] freeze=2ms shot=67ms unfreeze=2ms saved=True
  Frame 6 saved (frame_005.jpg, t=15.3s)
  [capture-periodic] freeze=2ms shot=85ms unfreeze=3ms saved=True
  Frame 7 saved (frame_006.jpg, t=17.5s)
  [capture-periodic] freeze=2ms shot=74ms unfreeze=4ms saved=True
  [capture-loop] iter=150 t=17.7s state={'complete': False, 'error': None, 'executedCount': 0, 'wsState': 1} eval_ms=5 ram=10.4/31.9GB (33%) swap=0.0/5.0GB (0%) cpu=30% browser_rss=0.70GB
  Frame 8 saved (frame_007.jpg, t=19.6s)
  [capture-periodic] freeze=3ms shot=82ms unfreeze=3ms saved=True
  Frame 9 saved (frame_008.jpg, t=21.8s)
  [capture-periodic] freeze=2ms shot=66ms unfreeze=2ms saved=True
  [capture-loop] iter=200 t=23.5s state={'complete': False, 'error': None, 'executedCount': 0, 'wsState': 1} eval_ms=3 ram=10.7/31.9GB (33%) swap=0.0/5.0GB (0%) cpu=28% browser_rss=0.70GB
  Frame 10 saved (frame_009.jpg, t=24.0s)
  [capture-periodic] freeze=3ms shot=79ms unfreeze=3ms saved=True
  Frame 11 saved (frame_010.jpg, t=26.2s)
  [capture-periodic] freeze=2ms shot=64ms unfreeze=2ms saved=True
  Frame 12 saved (frame_011.jpg, t=28.3s)
  [capture-periodic] freeze=2ms shot=65ms unfreeze=3ms saved=True
  [capture-loop] iter=250 t=29.3s state={'complete': False, 'error': None, 'executedCount': 0, 'wsState': 1} eval_ms=5 ram=10.9/31.9GB (34%) swap=0.0/5.0GB (0%) cpu=23% browser_rss=0.70GB
  Frame 13 saved (frame_012.jpg, t=30.4s)
  [capture-periodic] freeze=3ms shot=81ms unfreeze=3ms saved=True
  Frame 14 saved (frame_013.jpg, t=32.6s)
  [capture-periodic] freeze=11ms shot=98ms unfreeze=3ms saved=True
  Frame 15 saved (frame_014.jpg, t=34.8s)
  [capture-periodic] freeze=3ms shot=71ms unfreeze=4ms saved=True
  [capture-loop] iter=300 t=35.2s state={'complete': False, 'error': None, 'executedCount': 0, 'wsState': 1} eval_ms=8 ram=11.1/31.9GB (35%) swap=0.0/5.0GB (0%) cpu=30% browser_rss=0.70GB
  Frame 16 saved (frame_015.jpg, t=37.0s)
  [capture-periodic] freeze=2ms shot=65ms unfreeze=2ms saved=True
  Frame 17 saved (frame_016.jpg, t=39.1s)
  [capture-periodic] freeze=2ms shot=68ms unfreeze=2ms saved=True
  [capture-loop] iter=350 t=40.9s state={'complete': False, 'error': None, 'executedCount': 0, 'wsState': 1} eval_ms=5 ram=11.2/31.9GB (35%) swap=0.0/5.0GB (0%) cpu=23% browser_rss=0.70GB
  [capture-loop] iter=400 t=46.7s state={'complete': False, 'error': None, 'executedCount': 0, 'wsState': 1} eval_ms=3 ram=10.9/31.9GB (34%) swap=0.0/5.0GB (0%) cpu=26% browser_rss=0.70GB
  Frame 18 saved (frame_017.jpg, t=49.8s)
  [capture-periodic] freeze=2ms shot=66ms unfreeze=2ms saved=True
  [capture-loop] iter=450 t=52.4s state={'complete': False, 'error': None, 'executedCount': 0, 'wsState': 1} eval_ms=3 ram=11.3/31.9GB (36%) swap=0.0/5.0GB (0%) cpu=22% browser_rss=0.70GB
  [capture-loop] iter=500 t=58.0s state={'complete': False, 'error': None, 'executedCount': 0, 'wsState': 1} eval_ms=5 ram=11.0/31.9GB (34%) swap=0.0/5.0GB (0%) cpu=21% browser_rss=0.70GB
  [capture-loop] iter=550 t=63.8s state={'complete': False, 'error': None, 'executedCount': 0, 'wsState': 1} eval_ms=3 ram=11.2/31.9GB (35%) swap=0.0/5.0GB (0%) cpu=29% browser_rss=0.70GB
  Frame 19 saved (frame_018.jpg, t=69.3s)
  [capture-periodic] freeze=2ms shot=67ms unfreeze=3ms saved=True
  [capture-loop] iter=600 t=69.5s state={'complete': False, 'error': None, 'executedCount': 0, 'wsState': 1} eval_ms=3 ram=11.6/31.9GB (36%) swap=0.0/5.0GB (0%) cpu=29% browser_rss=0.70GB
  Frame 20 saved (frame_019.jpg, t=73.7s)
  [capture-periodic] freeze=2ms shot=338ms unfreeze=3ms saved=True
  Node executed (1 total), capturing...
  Frame 21 saved (frame_020.jpg, t=74.5s)
  [capture-node] freeze=6ms shot=77ms unfreeze=0ms saved=True
  Execution complete (t=74.5s)
  Captured 21 unique frames over 74.58s
  [debug] iframes: 1
  [debug]   iframe[0]: src=http://127.0.0.1:41895/extensions/ComfyUI-UniRig/viewer_fbx.html?v=1779118792768, canvas=817x710, rafFrozen=True
  [timing] trigger_3d_previews: 0.0s
  Saved high-quality screenshot: unirig_bird_executed.png
  [timing] final_screenshot: 0.1s
    Captured 22 video frames