Capturing execution frames: apply_animation.json
  Frame 1 saved (frame_000.jpg, t=0.0s)
  Validating workflow...
  Queuing workflow for execution...
  Frame 2 saved (frame_001.jpg, t=2.3s)
  [capture-periodic] freeze=3ms shot=103ms unfreeze=6ms saved=True
  Frame 3 saved (frame_002.jpg, t=4.5s)
  [capture-periodic] freeze=3ms shot=132ms unfreeze=7ms saved=True
  [capture-loop] iter=50 t=5.7s state={'complete': False, 'error': None, 'executedCount': 0, 'wsState': 1} eval_ms=4 ram=2.4/15.6GB (15%) swap=0.0/3.0GB (0%) cpu=31% browser_rss=0.92GB
  Frame 4 saved (frame_003.jpg, t=6.7s)
  [capture-periodic] freeze=2ms shot=102ms unfreeze=4ms saved=True
  Node executed (1 total), capturing...
  Frame 5 saved (frame_004.jpg, t=7.2s)
  [capture-node] freeze=960ms shot=973ms unfreeze=0ms saved=True
  Execution complete (t=7.2s)
  [3d-wait] Phase 1: Waiting for 'Loading 3D Model' text to disappear...
  [3d-wait] Phase 1 exception after 60.0s: Page.wait_for_function: Timeout 60000ms exceeded.
  [3d-wait] Phase 2: iframes=0
  [3d-wait] Total 3D wait: 60.0s
  Captured 5 unique frames over 69.15s
  [debug] iframes: 0
  [timing] trigger_3d_previews: 0.0s
  Saved high-quality screenshot: apply_animation_executed.png
  [timing] final_screenshot: 0.2s
    Captured 6 video frames