  [ComfyUI] [32m[INFO][0m Using RAM pressure cache.
  [ComfyUI] [32m[INFO][0m Using RAM pressure cache.
Capturing execution frames: rigged_manipulator.json
  [ComfyUI] [32m[INFO][0m Using RAM pressure cache.
  [ComfyUI] [32m[INFO][0m Using RAM pressure cache.
  Frame 1 saved (frame_000.jpg, t=0.0s)
  Validating workflow...
  [ComfyUI] [32m[INFO][0m === /validate endpoint called ===
  [ComfyUI] [32m[INFO][0m === /validate endpoint called ===
  [ComfyUI] [32m[INFO][0m Received JSON with keys: ['prompt']
  [ComfyUI] [32m[INFO][0m Received JSON with keys: ['prompt']
  [ComfyUI] [32m[INFO][0m Prompt has 2 nodes
  [ComfyUI] [32m[INFO][0m Prompt has 2 nodes
  [ComfyUI] [32m[INFO][0m   Node 3: UniRigPreviewRiggedMesh
  [ComfyUI] [32m[INFO][0m   Node 3: UniRigPreviewRiggedMesh
  [ComfyUI] [32m[INFO][0m     Inputs: {"fbx_output_path": ["4", 0], "preview": ""}
  [ComfyUI] [32m[INFO][0m     Inputs: {"fbx_output_path": ["4", 0], "preview": ""}
  [ComfyUI] [32m[INFO][0m   Node 4: UniRigLoadRiggedMesh
  [ComfyUI] [32m[INFO][0m   Node 4: UniRigLoadRiggedMesh
  [ComfyUI] [32m[INFO][0m     Inputs: {"fbx_file": "animation_characters/mixamo.fbx"}
  [ComfyUI] [32m[INFO][0m     Inputs: {"fbx_file": "animation_characters/mixamo.fbx"}
  [ComfyUI] [32m[INFO][0m Generated prompt_id: 3be7cf7f-7a06-4ef2-a8ea-7ae9a7d0e34e
  [ComfyUI] [32m[INFO][0m Generated prompt_id: 3be7cf7f-7a06-4ef2-a8ea-7ae9a7d0e34e
  [ComfyUI] [32m[INFO][0m Calling execution.validate_prompt()...
  [ComfyUI] [32m[INFO][0m Calling execution.validate_prompt()...
  [ComfyUI] [32m[INFO][0m Validation result: valid=True
  [ComfyUI] [32m[INFO][0m Validation result: valid=True
  [ComfyUI] [32m[INFO][0m === Validation PASSED ===
  [ComfyUI] [32m[INFO][0m === Validation PASSED ===
  Queuing workflow for execution...
  [ComfyUI] [32m[INFO][0m got prompt
  [ComfyUI] [32m[INFO][0m got prompt
  [ComfyUI] [comfy-env] Running UniRigLoadRiggedMesh: fbx_file: 'animation_characters/mixamo.fbx'
  [ComfyUI] [comfy-env] Running UniRigLoadRiggedMesh: fbx_file: 'animation_characters/mixamo.fbx'
  [ComfyUI] [SubprocessWorker] call_method: nodes.skeleton_io.UniRigLoadRiggedMesh.EXECUTE_NORMALIZED
  [ComfyUI] [SubprocessWorker] call_method: nodes.skeleton_io.UniRigLoadRiggedMesh.EXECUTE_NORMALIZED
  [ComfyUI] [SubprocessWorker] acquired lock, ensuring started...
  [ComfyUI] [SubprocessWorker] acquired lock, ensuring started...
  [ComfyUI] [ComfyUI-UniRig] Health check: ping (timeout=5.0s)...
  [ComfyUI] [ComfyUI-UniRig] Health check: ping (timeout=5.0s)...
  [ComfyUI] [ComfyUI-UniRig] Health check: failed
  [ComfyUI] [ComfyUI-UniRig] Health check: failed
  [ComfyUI] [ComfyUI-UniRig] Socket unhealthy, restarting worker...
  [ComfyUI] [ComfyUI-UniRig] Socket unhealthy, restarting worker...
  [ComfyUI] [ComfyUI-UniRig] python: /home/runner/.ce/envs/unirig-nodes/.pixi/envs/default/bin/python
  [ComfyUI] [ComfyUI-UniRig] python: /home/runner/.ce/envs/unirig-nodes/.pixi/envs/default/bin/python
  [ComfyUI] [ComfyUI-UniRig] sys_path sent to worker: ['/home/runner/work/comfy-gpu-ci/comfy-gpu-ci/test_workspaces/UniRig-2336/ComfyUI', '/home/runner/work/comfy-gpu-ci/comfy-gpu-ci/test_workspaces/UniRig-2336/ComfyUI/custom_nodes/ComfyUI-UniRig', '/home/runner/.ce/envs/unirig-nodes/.pixi/envs/default/lib/python3.13/site-packages', '/home/runner/work/comfy-gpu-ci/comfy-gpu-ci/test_workspaces/UniRig-2336/ComfyUI/custom_nodes/ComfyUI-UniRig']
  [ComfyUI] [ComfyUI-UniRig] sys_path sent to worker: ['/home/runner/work/comfy-gpu-ci/comfy-gpu-ci/test_workspaces/UniRig-2336/ComfyUI', '/home/runner/work/comfy-gpu-ci/comfy-gpu-ci/test_workspaces/UniRig-2336/ComfyUI/custom_nodes/ComfyUI-UniRig', '/home/runner/.ce/envs/unirig-nodes/.pixi/envs/default/lib/python3.13/site-packages', '/home/runner/work/comfy-gpu-ci/comfy-gpu-ci/test_workspaces/UniRig-2336/ComfyUI/custom_nodes/ComfyUI-UniRig']
  [ComfyUI] [SubprocessWorker] is_pixi=True, python=/home/runner/.ce/envs/unirig-nodes/.pixi/envs/default/bin/python
  [ComfyUI] [SubprocessWorker] is_pixi=True, python=/home/runner/.ce/envs/unirig-nodes/.pixi/envs/default/bin/python
  [ComfyUI] [SubprocessWorker] launching cmd=['/home/runner/.pixi/bin/pixi', 'run', '--as-is', '--manifest-path', '/home/runner/.ce/envs/unirig-nodes/pixi.toml', '-e', 'default', 'python', '/tmp/comfyui_pvenv_k43ae9w8/persistent_worker.py', 'abstract://comfy_worker_f3ae39a9c743']...
  [ComfyUI] [SubprocessWorker] launching cmd=['/home/runner/.pixi/bin/pixi', 'run', '--as-is', '--manifest-path', '/home/runner/.ce/envs/unirig-nodes/pixi.toml', '-e', 'default', 'python', '/tmp/comfyui_pvenv_k43ae9w8/persistent_worker.py', 'abstract://comfy_worker_f3ae39a9c743']...
  [ComfyUI] [SubprocessWorker] socket_addr=abstract://comfy_worker_f3ae39a9c743 (abstract, no filesystem path)
  [ComfyUI] [SubprocessWorker] socket_addr=abstract://comfy_worker_f3ae39a9c743 (abstract, no filesystem path)
  [ComfyUI] [worker:ComfyUI-UniRig] ERROR: Failed to import comfy_kitchen, Error: No module named 'comfy_kitchen', fp8 and fp4 support will not be available.
  [ComfyUI] [worker:ComfyUI-UniRig] ERROR: Failed to import comfy_kitchen, Error: No module named 'comfy_kitchen', fp8 and fp4 support will not be available.
  [ComfyUI] [worker:ComfyUI-UniRig] WARNING: comfy_kitchen does not support stochastic FP8 rounding, please update comfy_kitchen.
  [ComfyUI] [worker:ComfyUI-UniRig] WARNING: comfy_kitchen does not support stochastic FP8 rounding, please update comfy_kitchen.
  [ComfyUI] [SubprocessWorker] worker started/confirmed
  [ComfyUI] [SubprocessWorker] worker started/confirmed
  [ComfyUI] [SubprocessWorker] serializing kwargs to shm...
  [ComfyUI] [SubprocessWorker] serializing kwargs to shm...
  [ComfyUI] [SubprocessWorker] created 0 shm blocks
  [ComfyUI] [SubprocessWorker] created 0 shm blocks
  [ComfyUI] [SubprocessWorker] sending request via socket...
  [ComfyUI] [SubprocessWorker] sending request via socket...
  [ComfyUI] [SubprocessWorker] call_id=3 sending call_method
  [ComfyUI] [SubprocessWorker] call_id=3 sending call_method
  Frame 2 saved (frame_001.jpg, t=2.3s)
  [capture-periodic] freeze=3ms shot=117ms unfreeze=3ms saved=True
  Frame 3 saved (frame_002.jpg, t=4.5s)
  [capture-periodic] freeze=3ms shot=89ms unfreeze=4ms saved=True
  [ComfyUI] [worker:ComfyUI-UniRig] FBX version: 7400
  [ComfyUI] [worker:ComfyUI-UniRig] FBX version: 7400
  [ComfyUI] [SubprocessWorker] got response: ok
  [ComfyUI] [SubprocessWorker] got response: ok
  [ComfyUI] [comfy-env] UniRigLoadRiggedMesh done (5.09s): result: NodeOutput
  [ComfyUI] [comfy-env] UniRigLoadRiggedMesh done (5.09s): result: NodeOutput
  [ComfyUI] [comfy-env] Running UniRigPreviewRiggedMesh: fbx_output_path: '/home/runner/work/comfy-gpu-ci/comfy-gpu-ci/test_workspa...
  [ComfyUI] [comfy-env] Running UniRigPreviewRiggedMesh: fbx_output_path: '/home/runner/work/comfy-gpu-ci/comfy-gpu-ci/test_workspa...
  [ComfyUI] [SubprocessWorker] call_method: nodes.skeleton_io.UniRigPreviewRiggedMesh.EXECUTE_NORMALIZED
  [ComfyUI] [SubprocessWorker] call_method: nodes.skeleton_io.UniRigPreviewRiggedMesh.EXECUTE_NORMALIZED
  [ComfyUI] [SubprocessWorker] acquired lock, ensuring started...
  [ComfyUI] [SubprocessWorker] acquired lock, ensuring started...
  [ComfyUI] [ComfyUI-UniRig] Health check: ping (timeout=5.0s)...
  [ComfyUI] [ComfyUI-UniRig] Health check: ping (timeout=5.0s)...
  [ComfyUI] [ComfyUI-UniRig] Health check: ok
  [ComfyUI] [ComfyUI-UniRig] Health check: ok
  [ComfyUI] [SubprocessWorker] worker started/confirmed
  [ComfyUI] [SubprocessWorker] worker started/confirmed
  [ComfyUI] [SubprocessWorker] serializing kwargs to shm...
  [ComfyUI] [SubprocessWorker] serializing kwargs to shm...
  [ComfyUI] [SubprocessWorker] created 0 shm blocks
  [ComfyUI] [SubprocessWorker] created 0 shm blocks
  [ComfyUI] [SubprocessWorker] sending request via socket...
  [ComfyUI] [SubprocessWorker] sending request via socket...
  [ComfyUI] [SubprocessWorker] call_id=4 sending call_method
  [ComfyUI] [SubprocessWorker] call_id=4 sending call_method
  [ComfyUI] [SubprocessWorker] got response: ok
  [ComfyUI] [SubprocessWorker] got response: ok
  [ComfyUI] [comfy-env] UniRigPreviewRiggedMesh done (0.01s): result: NodeOutput
  [ComfyUI] [comfy-env] UniRigPreviewRiggedMesh done (0.01s): result: NodeOutput
  [ComfyUI] [32m[INFO][0m [32mPrompt executed in 5.11 seconds[0m
  [ComfyUI] [32m[INFO][0m [32mPrompt executed in 5.11 seconds[0m
  Node executed (1 total), capturing...
  Frame 4 saved (frame_003.jpg, t=5.5s)
  [capture-node] freeze=3ms shot=109ms unfreeze=0ms saved=True
  Execution complete (t=5.5s)
  Captured 4 unique frames over 6.24s
  [debug] iframes: 1
  [debug]   iframe[0]: src=http://127.0.0.1:41888/extensions/ComfyUI-UniRig/viewer_fbx.html?v=1780789183456, canvas=486x710, rafFrozen=True
  [timing] trigger_3d_previews: 0.0s
  Saved high-quality screenshot: rigged_manipulator_executed.png
  [timing] final_screenshot: 0.2s
    Captured 5 video frames